<?xml version="1.0"?>
<link_info>
   <banner>MSP430 Linker PC v4.4.7</banner>
   <copyright>Copyright (c) 2003-2015 Texas Instruments Incorporated</copyright>
   <link_time>0x57170753</link_time>
   <link_errors>0x0</link_errors>
   <output_file>Lab09Snake.out</output_file>
   <entry_point>
      <name>_c_int00_noargs_noexit</name>
      <address>0xa430</address>
   </entry_point>
   <input_file_list>
      <input_file id="fl-2">
         <path>.\</path>
         <kind>object</kind>
         <file>RBX430-1.obj</file>
         <name>RBX430-1.obj</name>
      </input_file>
      <input_file id="fl-3">
         <path>.\</path>
         <kind>object</kind>
         <file>RBX430_lcd.obj</file>
         <name>RBX430_lcd.obj</name>
      </input_file>
      <input_file id="fl-4">
         <path>.\</path>
         <kind>object</kind>
         <file>snake.obj</file>
         <name>snake.obj</name>
      </input_file>
      <input_file id="fl-5">
         <path>.\</path>
         <kind>object</kind>
         <file>snake_events.obj</file>
         <name>snake_events.obj</name>
      </input_file>
      <input_file id="fl-6">
         <path>.\</path>
         <kind>object</kind>
         <file>snake_images.obj</file>
         <name>snake_images.obj</name>
      </input_file>
      <input_file id="fl-7">
         <path>.\</path>
         <kind>object</kind>
         <file>snake_interrupts.obj</file>
         <name>snake_interrupts.obj</name>
      </input_file>
      <input_file id="fl-8">
         <path>.\</path>
         <kind>object</kind>
         <file>snakelib.obj</file>
         <name>snakelib.obj</name>
      </input_file>
      <input_file id="fl-37">
         <path>C:\ti\ccsv6\tools\compiler\ti-cgt-msp430_4.4.7\lib\</path>
         <kind>archive</kind>
         <file>rts430_eabi.lib</file>
         <name>boot.obj</name>
      </input_file>
      <input_file id="fl-38">
         <path>C:\ti\ccsv6\tools\compiler\ti-cgt-msp430_4.4.7\lib\</path>
         <kind>archive</kind>
         <file>rts430_eabi.lib</file>
         <name>boot_special.obj</name>
      </input_file>
      <input_file id="fl-39">
         <path>C:\ti\ccsv6\tools\compiler\ti-cgt-msp430_4.4.7\lib\</path>
         <kind>archive</kind>
         <file>rts430_eabi.lib</file>
         <name>copy_decompress_none.obj</name>
      </input_file>
      <input_file id="fl-3a">
         <path>C:\ti\ccsv6\tools\compiler\ti-cgt-msp430_4.4.7\lib\</path>
         <kind>archive</kind>
         <file>rts430_eabi.lib</file>
         <name>copy_decompress_rle.obj</name>
      </input_file>
      <input_file id="fl-3b">
         <path>C:\ti\ccsv6\tools\compiler\ti-cgt-msp430_4.4.7\lib\</path>
         <kind>archive</kind>
         <file>rts430_eabi.lib</file>
         <name>copy_zero_init.obj</name>
      </input_file>
      <input_file id="fl-3c">
         <path>C:\ti\ccsv6\tools\compiler\ti-cgt-msp430_4.4.7\lib\</path>
         <kind>archive</kind>
         <file>rts430_eabi.lib</file>
         <name>div16s.obj</name>
      </input_file>
      <input_file id="fl-3d">
         <path>C:\ti\ccsv6\tools\compiler\ti-cgt-msp430_4.4.7\lib\</path>
         <kind>archive</kind>
         <file>rts430_eabi.lib</file>
         <name>div16u.obj</name>
      </input_file>
      <input_file id="fl-3e">
         <path>C:\ti\ccsv6\tools\compiler\ti-cgt-msp430_4.4.7\lib\</path>
         <kind>archive</kind>
         <file>rts430_eabi.lib</file>
         <name>epilog.obj</name>
      </input_file>
      <input_file id="fl-3f">
         <path>C:\ti\ccsv6\tools\compiler\ti-cgt-msp430_4.4.7\lib\</path>
         <kind>archive</kind>
         <file>rts430_eabi.lib</file>
         <name>exit.obj</name>
      </input_file>
      <input_file id="fl-40">
         <path>C:\ti\ccsv6\tools\compiler\ti-cgt-msp430_4.4.7\lib\</path>
         <kind>archive</kind>
         <file>rts430_eabi.lib</file>
         <name>exit_gvars.obj</name>
      </input_file>
      <input_file id="fl-41">
         <path>C:\ti\ccsv6\tools\compiler\ti-cgt-msp430_4.4.7\lib\</path>
         <kind>archive</kind>
         <file>rts430_eabi.lib</file>
         <name>int03.obj</name>
      </input_file>
      <input_file id="fl-42">
         <path>C:\ti\ccsv6\tools\compiler\ti-cgt-msp430_4.4.7\lib\</path>
         <kind>archive</kind>
         <file>rts430_eabi.lib</file>
         <name>int06.obj</name>
      </input_file>
      <input_file id="fl-43">
         <path>C:\ti\ccsv6\tools\compiler\ti-cgt-msp430_4.4.7\lib\</path>
         <kind>archive</kind>
         <file>rts430_eabi.lib</file>
         <name>int07.obj</name>
      </input_file>
      <input_file id="fl-44">
         <path>C:\ti\ccsv6\tools\compiler\ti-cgt-msp430_4.4.7\lib\</path>
         <kind>archive</kind>
         <file>rts430_eabi.lib</file>
         <name>int08.obj</name>
      </input_file>
      <input_file id="fl-45">
         <path>C:\ti\ccsv6\tools\compiler\ti-cgt-msp430_4.4.7\lib\</path>
         <kind>archive</kind>
         <file>rts430_eabi.lib</file>
         <name>int09.obj</name>
      </input_file>
      <input_file id="fl-46">
         <path>C:\ti\ccsv6\tools\compiler\ti-cgt-msp430_4.4.7\lib\</path>
         <kind>archive</kind>
         <file>rts430_eabi.lib</file>
         <name>int12.obj</name>
      </input_file>
      <input_file id="fl-47">
         <path>C:\ti\ccsv6\tools\compiler\ti-cgt-msp430_4.4.7\lib\</path>
         <kind>archive</kind>
         <file>rts430_eabi.lib</file>
         <name>int13.obj</name>
      </input_file>
      <input_file id="fl-48">
         <path>C:\ti\ccsv6\tools\compiler\ti-cgt-msp430_4.4.7\lib\</path>
         <kind>archive</kind>
         <file>rts430_eabi.lib</file>
         <name>int14.obj</name>
      </input_file>
      <input_file id="fl-49">
         <path>C:\ti\ccsv6\tools\compiler\ti-cgt-msp430_4.4.7\lib\</path>
         <kind>archive</kind>
         <file>rts430_eabi.lib</file>
         <name>lsl16.obj</name>
      </input_file>
      <input_file id="fl-4a">
         <path>C:\ti\ccsv6\tools\compiler\ti-cgt-msp430_4.4.7\lib\</path>
         <kind>archive</kind>
         <file>rts430_eabi.lib</file>
         <name>lsr16.obj</name>
      </input_file>
      <input_file id="fl-4b">
         <path>C:\ti\ccsv6\tools\compiler\ti-cgt-msp430_4.4.7\lib\</path>
         <kind>archive</kind>
         <file>rts430_eabi.lib</file>
         <name>lsr32.obj</name>
      </input_file>
      <input_file id="fl-4c">
         <path>C:\ti\ccsv6\tools\compiler\ti-cgt-msp430_4.4.7\lib\</path>
         <kind>archive</kind>
         <file>rts430_eabi.lib</file>
         <name>memcpy.obj</name>
      </input_file>
      <input_file id="fl-4d">
         <path>C:\ti\ccsv6\tools\compiler\ti-cgt-msp430_4.4.7\lib\</path>
         <kind>archive</kind>
         <file>rts430_eabi.lib</file>
         <name>memory.obj</name>
      </input_file>
      <input_file id="fl-4e">
         <path>C:\ti\ccsv6\tools\compiler\ti-cgt-msp430_4.4.7\lib\</path>
         <kind>archive</kind>
         <file>rts430_eabi.lib</file>
         <name>mpu_init.obj</name>
      </input_file>
      <input_file id="fl-4f">
         <path>C:\ti\ccsv6\tools\compiler\ti-cgt-msp430_4.4.7\lib\</path>
         <kind>archive</kind>
         <file>rts430_eabi.lib</file>
         <name>mult16.obj</name>
      </input_file>
      <input_file id="fl-50">
         <path>C:\ti\ccsv6\tools\compiler\ti-cgt-msp430_4.4.7\lib\</path>
         <kind>archive</kind>
         <file>rts430_eabi.lib</file>
         <name>pre_init.obj</name>
      </input_file>
      <input_file id="fl-51">
         <path>C:\ti\ccsv6\tools\compiler\ti-cgt-msp430_4.4.7\lib\</path>
         <kind>archive</kind>
         <file>rts430_eabi.lib</file>
         <name>rand.obj</name>
      </input_file>
      <input_file id="fl-52">
         <path>C:\ti\ccsv6\tools\compiler\ti-cgt-msp430_4.4.7\lib\</path>
         <kind>archive</kind>
         <file>rts430_eabi.lib</file>
         <name>strlen.obj</name>
      </input_file>
      <input_file id="fl-53">
         <path>C:\ti\ccsv6\tools\compiler\ti-cgt-msp430_4.4.7\lib\</path>
         <kind>archive</kind>
         <file>rts430_eabi.lib</file>
         <name>_lock.obj</name>
      </input_file>
      <input_file id="fl-54">
         <path>C:\ti\ccsv6\tools\compiler\ti-cgt-msp430_4.4.7\lib\</path>
         <kind>archive</kind>
         <file>rts430_eabi.lib</file>
         <name>args_main.obj</name>
      </input_file>
      <input_file id="fl-55">
         <path>C:\ti\ccsv6\tools\compiler\ti-cgt-msp430_4.4.7\lib\</path>
         <kind>archive</kind>
         <file>rts430_eabi.lib</file>
         <name>autoinit.obj</name>
      </input_file>
      <input_file id="fl-56">
         <path>C:\ti\ccsv6\tools\compiler\ti-cgt-msp430_4.4.7\lib\</path>
         <kind>archive</kind>
         <file>rts430_eabi.lib</file>
         <name>mult32.obj</name>
      </input_file>
   </input_file_list>
   <object_component_list>
      <object_component id="oc-21e">
         <name>.common:i2c_fSCL</name>
         <uninitialized>true</uninitialized>
         <run_address>0x506</run_address>
         <size>0x2</size>
      </object_component>
      <object_component id="oc-232">
         <name>.common:lcd_dmode</name>
         <uninitialized>true</uninitialized>
         <run_address>0x519</run_address>
         <size>0x1</size>
      </object_component>
      <object_component id="oc-235">
         <name>.common:lcd_y</name>
         <uninitialized>true</uninitialized>
         <run_address>0x51b</run_address>
         <size>0x1</size>
      </object_component>
      <object_component id="oc-236">
         <name>.common:lcd_x</name>
         <uninitialized>true</uninitialized>
         <run_address>0x51a</run_address>
         <size>0x1</size>
      </object_component>
      <object_component id="oc-261">
         <name>.common:char_cnt</name>
         <uninitialized>true</uninitialized>
         <run_address>0x516</run_address>
         <size>0x1</size>
      </object_component>
      <object_component id="oc-135">
         <name>.common:sys_event</name>
         <uninitialized>true</uninitialized>
         <run_address>0x512</run_address>
         <size>0x2</size>
      </object_component>
      <object_component id="oc-13f">
         <name>.common:game_mode</name>
         <uninitialized>true</uninitialized>
         <run_address>0x504</run_address>
         <size>0x2</size>
      </object_component>
      <object_component id="oc-292">
         <name>.common:score</name>
         <uninitialized>true</uninitialized>
         <run_address>0x50c</run_address>
         <size>0x2</size>
      </object_component>
      <object_component id="oc-12e">
         <name>.common:seconds</name>
         <uninitialized>true</uninitialized>
         <run_address>0x50e</run_address>
         <size>0x2</size>
      </object_component>
      <object_component id="oc-141">
         <name>.common:move_cnt</name>
         <uninitialized>true</uninitialized>
         <run_address>0x50a</run_address>
         <size>0x2</size>
      </object_component>
      <object_component id="oc-26e">
         <name>.common:level</name>
         <uninitialized>true</uninitialized>
         <run_address>0x51c</run_address>
         <size>0x1</size>
      </object_component>
      <object_component id="oc-2ae">
         <name>.common:direction</name>
         <uninitialized>true</uninitialized>
         <run_address>0x517</run_address>
         <size>0x1</size>
      </object_component>
      <object_component id="oc-2af">
         <name>.common:head</name>
         <uninitialized>true</uninitialized>
         <run_address>0x518</run_address>
         <size>0x1</size>
      </object_component>
      <object_component id="oc-2d8">
         <name>.common:tail</name>
         <uninitialized>true</uninitialized>
         <run_address>0x51d</run_address>
         <size>0x1</size>
      </object_component>
      <object_component id="oc-2b0">
         <name>.common:snake</name>
         <uninitialized>true</uninitialized>
         <run_address>0x3d0</run_address>
         <size>0x100</size>
      </object_component>
      <object_component id="oc-349">
         <name>.common:rocks</name>
         <uninitialized>true</uninitialized>
         <run_address>0x4e4</run_address>
         <size>0xa</size>
      </object_component>
      <object_component id="oc-2da">
         <name>.common:foods</name>
         <uninitialized>true</uninitialized>
         <run_address>0x4d0</run_address>
         <size>0x14</size>
      </object_component>
      <object_component id="oc-346">
         <name>.common:teles</name>
         <uninitialized>true</uninitialized>
         <run_address>0x4f2</run_address>
         <size>0x4</size>
      </object_component>
      <object_component id="oc-2d9">
         <name>.common:foodEaten</name>
         <uninitialized>true</uninitialized>
         <run_address>0x502</run_address>
         <size>0x2</size>
      </object_component>
      <object_component id="oc-35e">
         <name>.common:currentRocks</name>
         <uninitialized>true</uninitialized>
         <run_address>0x500</run_address>
         <size>0x2</size>
      </object_component>
      <object_component id="oc-12d">
         <name>.common:WDT_cps_cnt</name>
         <uninitialized>true</uninitialized>
         <run_address>0x4f8</run_address>
         <size>0x2</size>
      </object_component>
      <object_component id="oc-140">
         <name>.common:WDT_move_cnt</name>
         <uninitialized>true</uninitialized>
         <run_address>0x4fc</run_address>
         <size>0x2</size>
      </object_component>
      <object_component id="oc-11f">
         <name>.common:WDT_debounce_cnt</name>
         <uninitialized>true</uninitialized>
         <run_address>0x4fa</run_address>
         <size>0x2</size>
      </object_component>
      <object_component id="oc-137">
         <name>.common:backlight_cnt</name>
         <uninitialized>true</uninitialized>
         <run_address>0x4fe</run_address>
         <size>0x2</size>
      </object_component>
      <object_component id="oc-13e">
         <name>.common:WDT_delay</name>
         <uninitialized>true</uninitialized>
         <run_address>0x4ee</run_address>
         <size>0x4</size>
      </object_component>
      <object_component id="oc-136">
         <name>.common:TB0_tone_on</name>
         <uninitialized>true</uninitialized>
         <run_address>0x4f6</run_address>
         <size>0x2</size>
      </object_component>
      <object_component id="oc-395">
         <name>.common:sys_free</name>
         <uninitialized>true</uninitialized>
         <run_address>0x514</run_address>
         <size>0x2</size>
      </object_component>
      <object_component id="oc-436">
         <name>.common:sys_base</name>
         <uninitialized>true</uninitialized>
         <run_address>0x510</run_address>
         <size>0x2</size>
      </object_component>
      <object_component id="oc-435">
         <name>.common:memsize</name>
         <uninitialized>true</uninitialized>
         <run_address>0x508</run_address>
         <size>0x2</size>
      </object_component>
      <object_component id="oc-8e">
         <name>.sysmem</name>
         <uninitialized>true</uninitialized>
         <run_address>0x200</run_address>
         <size>0x4</size>
         <input_file_ref idref="fl-4d"/>
      </object_component>
      <object_component id="oc-477">
         <name>.sysmem</name>
         <uninitialized>true</uninitialized>
         <run_address>0x200</run_address>
         <size>0x0</size>
      </object_component>
      <object_component id="oc-8a">
         <name>.stack</name>
         <uninitialized>true</uninitialized>
         <run_address>0x584</run_address>
         <size>0x2</size>
         <input_file_ref idref="fl-37"/>
      </object_component>
      <object_component id="oc-476">
         <name>.stack</name>
         <uninitialized>true</uninitialized>
         <run_address>0x584</run_address>
         <size>0x0</size>
      </object_component>
      <object_component id="oc-2c6">
         <name>.text:lcd_point</name>
         <load_address>0x8000</load_address>
         <run_address>0x8000</run_address>
         <size>0x246</size>
         <input_file_ref idref="fl-3"/>
      </object_component>
      <object_component id="oc-25b">
         <name>.text:my_printfi</name>
         <load_address>0x8246</load_address>
         <run_address>0x8246</run_address>
         <size>0x244</size>
         <input_file_ref idref="fl-3"/>
      </object_component>
      <object_component id="oc-1c6">
         <name>.text:MOVE_SNAKE_event</name>
         <load_address>0x848a</load_address>
         <run_address>0x848a</run_address>
         <size>0x1dc</size>
         <input_file_ref idref="fl-5"/>
      </object_component>
      <object_component id="oc-2bb">
         <name>.text:add_head</name>
         <load_address>0x8666</load_address>
         <run_address>0x8666</run_address>
         <size>0x1d0</size>
         <input_file_ref idref="fl-8"/>
      </object_component>
      <object_component id="oc-123">
         <name>.text:ERROR2</name>
         <load_address>0x8836</load_address>
         <run_address>0x8836</run_address>
         <size>0x198</size>
         <input_file_ref idref="fl-2"/>
      </object_component>
      <object_component id="oc-15f">
         <name>.text:lcd_init</name>
         <load_address>0x89ce</load_address>
         <run_address>0x89ce</run_address>
         <size>0x186</size>
         <input_file_ref idref="fl-3"/>
      </object_component>
      <object_component id="oc-ea">
         <name>.text:main</name>
         <load_address>0x8b54</load_address>
         <run_address>0x8b54</run_address>
         <size>0x168</size>
         <input_file_ref idref="fl-4"/>
      </object_component>
      <object_component id="oc-423">
         <name>.text:lcd_circle</name>
         <load_address>0x8cbc</load_address>
         <run_address>0x8cbc</run_address>
         <size>0x15a</size>
         <input_file_ref idref="fl-3"/>
      </object_component>
      <object_component id="oc-255">
         <name>.text:lcd_putchar</name>
         <load_address>0x8e16</load_address>
         <run_address>0x8e16</run_address>
         <size>0x132</size>
         <input_file_ref idref="fl-3"/>
      </object_component>
      <object_component id="oc-1a2">
         <name>.text:LCD_UPDATE_event</name>
         <load_address>0x8f48</load_address>
         <run_address>0x8f48</run_address>
         <size>0xe8</size>
         <input_file_ref idref="fl-5"/>
      </object_component>
      <object_component id="oc-180">
         <name>.text:lcd_wordImage</name>
         <load_address>0x9030</load_address>
         <run_address>0x9030</run_address>
         <size>0xd4</size>
         <input_file_ref idref="fl-3"/>
      </object_component>
      <object_component id="oc-bd">
         <name>.text:WDT_ISR</name>
         <load_address>0x9104</load_address>
         <run_address>0x9104</run_address>
         <size>0xc2</size>
         <input_file_ref idref="fl-7"/>
      </object_component>
      <object_component id="oc-159">
         <name>.text:RBX430_init</name>
         <load_address>0x91c6</load_address>
         <run_address>0x91c6</run_address>
         <size>0xc0</size>
         <input_file_ref idref="fl-2"/>
      </object_component>
      <object_component id="oc-3c9">
         <name>.text:malloc</name>
         <load_address>0x9286</load_address>
         <run_address>0x9286</run_address>
         <size>0xae</size>
         <input_file_ref idref="fl-4d"/>
      </object_component>
      <object_component id="oc-41c">
         <name>.text:lcd_star</name>
         <load_address>0x9334</load_address>
         <run_address>0x9334</run_address>
         <size>0xa8</size>
         <input_file_ref idref="fl-3"/>
      </object_component>
      <object_component id="oc-29b">
         <name>.text:spawnRocks</name>
         <load_address>0x93dc</load_address>
         <run_address>0x93dc</run_address>
         <size>0x98</size>
         <input_file_ref idref="fl-5"/>
      </object_component>
      <object_component id="oc-2b5">
         <name>.text:collisionWithTELE</name>
         <load_address>0x9474</load_address>
         <run_address>0x9474</run_address>
         <size>0x96</size>
         <input_file_ref idref="fl-5"/>
      </object_component>
      <object_component id="oc-196">
         <name>.text:NEXT_LEVEL_event</name>
         <load_address>0x950a</load_address>
         <run_address>0x950a</run_address>
         <size>0x8e</size>
         <input_file_ref idref="fl-5"/>
      </object_component>
      <object_component id="oc-28a">
         <name>.text:lcd_rectangle</name>
         <load_address>0x9598</load_address>
         <run_address>0x9598</run_address>
         <size>0x88</size>
         <input_file_ref idref="fl-3"/>
      </object_component>
      <object_component id="oc-1a8">
         <name>.text:START_LEVEL_event</name>
         <load_address>0x9620</load_address>
         <run_address>0x9620</run_address>
         <size>0x86</size>
         <input_file_ref idref="fl-5"/>
      </object_component>
      <object_component id="oc-2a1">
         <name>.text:noCollideFood</name>
         <load_address>0x96a6</load_address>
         <run_address>0x96a6</run_address>
         <size>0x86</size>
         <input_file_ref idref="fl-5"/>
      </object_component>
      <object_component id="oc-2ed">
         <name>.text:free</name>
         <load_address>0x972c</load_address>
         <run_address>0x972c</run_address>
         <size>0x80</size>
         <input_file_ref idref="fl-4d"/>
      </object_component>
      <object_component id="oc-36c">
         <name>.text:createFood</name>
         <load_address>0x97ac</load_address>
         <run_address>0x97ac</run_address>
         <size>0x7e</size>
         <input_file_ref idref="fl-5"/>
      </object_component>
      <object_component id="oc-42a">
         <name>.text:lcd_triangle</name>
         <load_address>0x982a</load_address>
         <run_address>0x982a</run_address>
         <size>0x7e</size>
         <input_file_ref idref="fl-3"/>
      </object_component>
      <object_component id="oc-1cc">
         <name>.text:END_GAME_event</name>
         <load_address>0x98a8</load_address>
         <run_address>0x98a8</run_address>
         <size>0x7a</size>
         <input_file_ref idref="fl-5"/>
      </object_component>
      <object_component id="oc-2e7">
         <name>.text:respawnFood</name>
         <load_address>0x9922</load_address>
         <run_address>0x9922</run_address>
         <size>0x76</size>
         <input_file_ref idref="fl-5"/>
      </object_component>
      <object_component id="oc-2a7">
         <name>.text:spawnTeles</name>
         <load_address>0x9998</load_address>
         <run_address>0x9998</run_address>
         <size>0x6c</size>
         <input_file_ref idref="fl-5"/>
      </object_component>
      <object_component id="oc-2cc">
         <name>.text:collisionWithROCK</name>
         <load_address>0x9a04</load_address>
         <run_address>0x9a04</run_address>
         <size>0x68</size>
         <input_file_ref idref="fl-5"/>
      </object_component>
      <object_component id="oc-9e">
         <name>.text:__TI_decompress_rle_core</name>
         <load_address>0x9a6c</load_address>
         <run_address>0x9a6c</run_address>
         <size>0x64</size>
         <input_file_ref idref="fl-3a"/>
      </object_component>
      <object_component id="oc-320">
         <name>.text:lcd_WD</name>
         <load_address>0x9ad0</load_address>
         <run_address>0x9ad0</run_address>
         <size>0x5e</size>
         <input_file_ref idref="fl-3"/>
      </object_component>
      <object_component id="oc-d0">
         <name>.text:_auto_init</name>
         <load_address>0x9b2e</load_address>
         <run_address>0x9b2e</run_address>
         <size>0x58</size>
         <input_file_ref idref="fl-55"/>
      </object_component>
      <object_component id="oc-3d6">
         <name>.text</name>
         <load_address>0x9b86</load_address>
         <run_address>0x9b86</run_address>
         <size>0x4c</size>
         <input_file_ref idref="fl-4a"/>
      </object_component>
      <object_component id="oc-2f3">
         <name>.text:delete_tail</name>
         <load_address>0x9bd2</load_address>
         <run_address>0x9bd2</run_address>
         <size>0x4a</size>
         <input_file_ref idref="fl-8"/>
      </object_component>
      <object_component id="oc-326">
         <name>.text:lcd_WD2</name>
         <load_address>0x9c1c</load_address>
         <run_address>0x9c1c</run_address>
         <size>0x4a</size>
         <input_file_ref idref="fl-3"/>
      </object_component>
      <object_component id="oc-220">
         <name>.text:DelayMs</name>
         <load_address>0x9c66</load_address>
         <run_address>0x9c66</run_address>
         <size>0x46</size>
         <input_file_ref idref="fl-3"/>
      </object_component>
      <object_component id="oc-2d2">
         <name>.text:collisionWithWALL</name>
         <load_address>0x9cac</load_address>
         <run_address>0x9cac</run_address>
         <size>0x46</size>
         <input_file_ref idref="fl-5"/>
      </object_component>
      <object_component id="oc-293">
         <name>.text:new_snake</name>
         <load_address>0x9cf2</load_address>
         <run_address>0x9cf2</run_address>
         <size>0x44</size>
         <input_file_ref idref="fl-8"/>
      </object_component>
      <object_component id="oc-1c0">
         <name>.text:SWITCH_1_event</name>
         <load_address>0x9d36</load_address>
         <run_address>0x9d36</run_address>
         <size>0x42</size>
         <input_file_ref idref="fl-5"/>
      </object_component>
      <object_component id="oc-365">
         <name>.text:createRock</name>
         <load_address>0x9d78</load_address>
         <run_address>0x9d78</run_address>
         <size>0x42</size>
         <input_file_ref idref="fl-5"/>
      </object_component>
      <object_component id="oc-373">
         <name>.text:createTele</name>
         <load_address>0x9dba</load_address>
         <run_address>0x9dba</run_address>
         <size>0x42</size>
         <input_file_ref idref="fl-5"/>
      </object_component>
      <object_component id="oc-398">
         <name>.text:outTone</name>
         <load_address>0x9dfc</load_address>
         <run_address>0x9dfc</run_address>
         <size>0x40</size>
         <input_file_ref idref="fl-8"/>
      </object_component>
      <object_component id="oc-383">
         <name>.text:ReadDataWord</name>
         <load_address>0x9e3c</load_address>
         <run_address>0x9e3c</run_address>
         <size>0x38</size>
         <input_file_ref idref="fl-3"/>
      </object_component>
      <object_component id="oc-40d">
         <name>.text:minit</name>
         <load_address>0x9e74</load_address>
         <run_address>0x9e74</run_address>
         <size>0x38</size>
         <input_file_ref idref="fl-4d"/>
      </object_component>
      <object_component id="oc-353">
         <name>.text:rand</name>
         <load_address>0x9eac</load_address>
         <run_address>0x9eac</run_address>
         <size>0x38</size>
         <input_file_ref idref="fl-51"/>
      </object_component>
      <object_component id="oc-3c2">
         <name>.text:collisionWithFOOD</name>
         <load_address>0x9ee4</load_address>
         <run_address>0x9ee4</run_address>
         <size>0x36</size>
         <input_file_ref idref="fl-5"/>
      </object_component>
      <object_component id="oc-3e1">
         <name>.text:draw_circle_food</name>
         <load_address>0x9f1a</load_address>
         <run_address>0x9f1a</run_address>
         <size>0x36</size>
         <input_file_ref idref="fl-5"/>
      </object_component>
      <object_component id="oc-3ed">
         <name>.text:draw_square_food</name>
         <load_address>0x9f50</load_address>
         <run_address>0x9f50</run_address>
         <size>0x36</size>
         <input_file_ref idref="fl-5"/>
      </object_component>
      <object_component id="oc-3db">
         <name>.text:draw_star_food</name>
         <load_address>0x9f86</load_address>
         <run_address>0x9f86</run_address>
         <size>0x36</size>
         <input_file_ref idref="fl-5"/>
      </object_component>
      <object_component id="oc-3e7">
         <name>.text:draw_triangle_food</name>
         <load_address>0x9fbc</load_address>
         <run_address>0x9fbc</run_address>
         <size>0x36</size>
         <input_file_ref idref="fl-5"/>
      </object_component>
      <object_component id="oc-24b">
         <name>.text:WriteDataWord</name>
         <load_address>0x9ff2</load_address>
         <run_address>0x9ff2</run_address>
         <size>0x34</size>
         <input_file_ref idref="fl-3"/>
      </object_component>
      <object_component id="oc-245">
         <name>.text:lcd_set_x_y</name>
         <load_address>0xa026</load_address>
         <run_address>0xa026</run_address>
         <size>0x34</size>
         <input_file_ref idref="fl-3"/>
      </object_component>
      <object_component id="oc-35f">
         <name>.text:checkCollision</name>
         <load_address>0xa05a</load_address>
         <run_address>0xa05a</run_address>
         <size>0x32</size>
         <input_file_ref idref="fl-5"/>
      </object_component>
      <object_component id="oc-3f4">
         <name>.text:draw_circle_tele</name>
         <load_address>0xa08c</load_address>
         <run_address>0xa08c</run_address>
         <size>0x32</size>
         <input_file_ref idref="fl-5"/>
      </object_component>
      <object_component id="oc-3cf">
         <name>.text:draw_square_rock</name>
         <load_address>0xa0be</load_address>
         <run_address>0xa0be</run_address>
         <size>0x32</size>
         <input_file_ref idref="fl-5"/>
      </object_component>
      <object_component id="oc-3bc">
         <name>.text:collisionWithSNAKE</name>
         <load_address>0xa0f0</load_address>
         <run_address>0xa0f0</run_address>
         <size>0x30</size>
         <input_file_ref idref="fl-5"/>
      </object_component>
      <object_component id="oc-33f">
         <name>.text:doDitty</name>
         <load_address>0xa120</load_address>
         <run_address>0xa120</run_address>
         <size>0x30</size>
         <input_file_ref idref="fl-8"/>
      </object_component>
      <object_component id="oc-189">
         <name>.text:lcd_cursor</name>
         <load_address>0xa150</load_address>
         <run_address>0xa150</run_address>
         <size>0x30</size>
         <input_file_ref idref="fl-3"/>
      </object_component>
      <object_component id="oc-23b">
         <name>.text:lcd_set</name>
         <load_address>0xa180</load_address>
         <run_address>0xa180</run_address>
         <size>0x2e</size>
         <input_file_ref idref="fl-3"/>
      </object_component>
      <object_component id="oc-165">
         <name>.text:port1_init</name>
         <load_address>0xa1ae</load_address>
         <run_address>0xa1ae</run_address>
         <size>0x2e</size>
         <input_file_ref idref="fl-7"/>
      </object_component>
      <object_component id="oc-b1">
         <name>.text:ISR_trap</name>
         <load_address>0xa1dc</load_address>
         <run_address>0xa1dc</run_address>
         <size>0x2c</size>
         <input_file_ref idref="fl-2"/>
      </object_component>
      <object_component id="oc-359">
         <name>.text</name>
         <load_address>0xa208</load_address>
         <run_address>0xa208</run_address>
         <size>0x2c</size>
         <input_file_ref idref="fl-3c"/>
      </object_component>
      <object_component id="oc-275">
         <name>.text:freeAllFood</name>
         <load_address>0xa234</load_address>
         <run_address>0xa234</run_address>
         <size>0x2a</size>
         <input_file_ref idref="fl-5"/>
      </object_component>
      <object_component id="oc-27b">
         <name>.text:freeAllRocks</name>
         <load_address>0xa25e</load_address>
         <run_address>0xa25e</run_address>
         <size>0x2a</size>
         <input_file_ref idref="fl-5"/>
      </object_component>
      <object_component id="oc-1ae">
         <name>.text:SWITCH_4_event</name>
         <load_address>0xa288</load_address>
         <run_address>0xa288</run_address>
         <size>0x28</size>
         <input_file_ref idref="fl-5"/>
      </object_component>
      <object_component id="oc-19c">
         <name>.text:NEW_GAME_event</name>
         <load_address>0xa2b0</load_address>
         <run_address>0xa2b0</run_address>
         <size>0x26</size>
         <input_file_ref idref="fl-5"/>
      </object_component>
      <object_component id="oc-1b4">
         <name>.text:SWITCH_3_event</name>
         <load_address>0xa2d6</load_address>
         <run_address>0xa2d6</run_address>
         <size>0x26</size>
         <input_file_ref idref="fl-5"/>
      </object_component>
      <object_component id="oc-26f">
         <name>.text:freeAllTele</name>
         <load_address>0xa2fc</load_address>
         <run_address>0xa2fc</run_address>
         <size>0x26</size>
         <input_file_ref idref="fl-5"/>
      </object_component>
      <object_component id="oc-3b0">
         <name>.text</name>
         <load_address>0xa322</load_address>
         <run_address>0xa322</run_address>
         <size>0x26</size>
         <input_file_ref idref="fl-56"/>
      </object_component>
      <object_component id="oc-1ba">
         <name>.text:SWITCH_2_event</name>
         <load_address>0xa348</load_address>
         <run_address>0xa348</run_address>
         <size>0x24</size>
         <input_file_ref idref="fl-5"/>
      </object_component>
      <object_component id="oc-190">
         <name>.text:lcd_printf</name>
         <load_address>0xa36c</load_address>
         <run_address>0xa36c</run_address>
         <size>0x24</size>
         <input_file_ref idref="fl-3"/>
      </object_component>
      <object_component id="oc-171">
         <name>.text:watchdog_init</name>
         <load_address>0xa390</load_address>
         <run_address>0xa390</run_address>
         <size>0x24</size>
         <input_file_ref idref="fl-7"/>
      </object_component>
      <object_component id="oc-37d">
         <name>.text:ReadData</name>
         <load_address>0xa3b4</load_address>
         <run_address>0xa3b4</run_address>
         <size>0x20</size>
         <input_file_ref idref="fl-3"/>
      </object_component>
      <object_component id="oc-414">
         <name>.text:lcd_square</name>
         <load_address>0xa3d4</load_address>
         <run_address>0xa3d4</run_address>
         <size>0x20</size>
         <input_file_ref idref="fl-3"/>
      </object_component>
      <object_component id="oc-226">
         <name>.text:WriteCmd</name>
         <load_address>0xa3f4</load_address>
         <run_address>0xa3f4</run_address>
         <size>0x1e</size>
         <input_file_ref idref="fl-3"/>
      </object_component>
      <object_component id="oc-22c">
         <name>.text:WriteData</name>
         <load_address>0xa412</load_address>
         <run_address>0xa412</run_address>
         <size>0x1e</size>
         <input_file_ref idref="fl-3"/>
      </object_component>
      <object_component id="oc-66">
         <name>.text:_c_int00_noargs_noexit</name>
         <load_address>0xa430</load_address>
         <run_address>0xa430</run_address>
         <size>0x1a</size>
         <input_file_ref idref="fl-38"/>
      </object_component>
      <object_component id="oc-16b">
         <name>.text:timerB_init</name>
         <load_address>0xa44a</load_address>
         <run_address>0xa44a</run_address>
         <size>0x1a</size>
         <input_file_ref idref="fl-8"/>
      </object_component>
      <object_component id="oc-ab">
         <name>.text:Port_1_ISR</name>
         <load_address>0xa464</load_address>
         <run_address>0xa464</run_address>
         <size>0x16</size>
         <input_file_ref idref="fl-7"/>
      </object_component>
      <object_component id="oc-3b6">
         <name>.text</name>
         <load_address>0xa47a</load_address>
         <run_address>0xa47a</run_address>
         <size>0x16</size>
         <input_file_ref idref="fl-3d"/>
      </object_component>
      <object_component id="oc-2e1">
         <name>.text:beep</name>
         <load_address>0xa490</load_address>
         <run_address>0xa490</run_address>
         <size>0x14</size>
         <input_file_ref idref="fl-8"/>
      </object_component>
      <object_component id="oc-48">
         <name>.text:decompress:ZI:__TI_zero_init</name>
         <load_address>0xa4a4</load_address>
         <run_address>0xa4a4</run_address>
         <size>0x14</size>
         <input_file_ref idref="fl-3b"/>
      </object_component>
      <object_component id="oc-138">
         <name>.text:lcd_backlight</name>
         <load_address>0xa4b8</load_address>
         <run_address>0xa4b8</run_address>
         <size>0x14</size>
         <input_file_ref idref="fl-3"/>
      </object_component>
      <object_component id="oc-2c1">
         <name>.text</name>
         <load_address>0xa4cc</load_address>
         <run_address>0xa4cc</run_address>
         <size>0x14</size>
         <input_file_ref idref="fl-4f"/>
      </object_component>
      <object_component id="oc-31">
         <name>.text:decompress:none:__TI_decompress_none</name>
         <load_address>0xa4e0</load_address>
         <run_address>0xa4e0</run_address>
         <size>0x12</size>
         <input_file_ref idref="fl-39"/>
      </object_component>
      <object_component id="oc-32e">
         <name>.text:l_lsr</name>
         <load_address>0xa4f2</load_address>
         <run_address>0xa4f2</run_address>
         <size>0x12</size>
         <input_file_ref idref="fl-4b"/>
      </object_component>
      <object_component id="oc-91">
         <name>.text:memcpy</name>
         <load_address>0xa504</load_address>
         <run_address>0xa504</run_address>
         <size>0x12</size>
         <input_file_ref idref="fl-4c"/>
      </object_component>
      <object_component id="oc-117">
         <name>.text</name>
         <load_address>0xa516</load_address>
         <run_address>0xa516</run_address>
         <size>0x10</size>
         <input_file_ref idref="fl-3e"/>
      </object_component>
      <object_component id="oc-268">
         <name>.text:charge</name>
         <load_address>0xa526</load_address>
         <run_address>0xa526</run_address>
         <size>0xe</size>
         <input_file_ref idref="fl-8"/>
      </object_component>
      <object_component id="oc-284">
         <name>.text:imperial_march</name>
         <load_address>0xa534</load_address>
         <run_address>0xa534</run_address>
         <size>0xe</size>
         <input_file_ref idref="fl-8"/>
      </object_component>
      <object_component id="oc-335">
         <name>.text:strlen</name>
         <load_address>0xa542</load_address>
         <run_address>0xa542</run_address>
         <size>0xe</size>
         <input_file_ref idref="fl-52"/>
      </object_component>
      <object_component id="oc-2fa">
         <name>.text:rasberry</name>
         <load_address>0xa550</load_address>
         <run_address>0xa550</run_address>
         <size>0xc</size>
         <input_file_ref idref="fl-8"/>
      </object_component>
      <object_component id="oc-177">
         <name>.text:lcd_clear</name>
         <load_address>0xa55c</load_address>
         <run_address>0xa55c</run_address>
         <size>0xa</size>
         <input_file_ref idref="fl-3"/>
      </object_component>
      <object_component id="oc-b7">
         <name>.text:ADC10_ISR</name>
         <load_address>0xa566</load_address>
         <run_address>0xa566</run_address>
         <size>0x8</size>
         <input_file_ref idref="fl-2"/>
      </object_component>
      <object_component id="oc-2db">
         <name>.text:blink</name>
         <load_address>0xa56e</load_address>
         <run_address>0xa56e</run_address>
         <size>0x8</size>
         <input_file_ref idref="fl-8"/>
      </object_component>
      <object_component id="oc-37">
         <name>.text:decompress:rle24:__TI_decompress_rle24</name>
         <load_address>0xa576</load_address>
         <run_address>0xa576</run_address>
         <size>0x6</size>
         <input_file_ref idref="fl-3a"/>
      </object_component>
      <object_component id="oc-ca">
         <name>.text:_system_pre_init</name>
         <load_address>0xa57c</load_address>
         <run_address>0xa57c</run_address>
         <size>0x4</size>
         <input_file_ref idref="fl-50"/>
      </object_component>
      <object_component id="oc-f2">
         <name>.text:abort</name>
         <load_address>0xa580</load_address>
         <run_address>0xa580</run_address>
         <size>0x4</size>
         <input_file_ref idref="fl-3f"/>
      </object_component>
      <object_component id="oc-20c">
         <name>.text:_nop</name>
         <load_address>0xa584</load_address>
         <run_address>0xa584</run_address>
         <size>0x2</size>
         <input_file_ref idref="fl-53"/>
      </object_component>
      <object_component id="oc-475">
         <name>.cinit..data.load</name>
         <load_address>0xc4a8</load_address>
         <run_address>0xc4a8</run_address>
         <size>0xe</size>
      </object_component>
      <object_component id="oc-472">
         <name>__TI_handler_table</name>
         <load_address>0xc4b6</load_address>
         <run_address>0xc4b6</run_address>
         <size>0x6</size>
      </object_component>
      <object_component id="oc-474">
         <name>.cinit..bss.load</name>
         <load_address>0xc4bc</load_address>
         <run_address>0xc4bc</run_address>
         <size>0x4</size>
      </object_component>
      <object_component id="oc-473">
         <name>__TI_cinit_table</name>
         <load_address>0xc4c0</load_address>
         <run_address>0xc4c0</run_address>
         <size>0x8</size>
      </object_component>
      <object_component id="oc-281">
         <name>.const:king_snake_image</name>
         <load_address>0xa586</load_address>
         <run_address>0xa586</run_address>
         <size>0xf28</size>
         <input_file_ref idref="fl-6"/>
      </object_component>
      <object_component id="oc-17d">
         <name>.const:snake1_image</name>
         <load_address>0xb4ae</load_address>
         <run_address>0xb4ae</run_address>
         <size>0x682</size>
         <input_file_ref idref="fl-6"/>
      </object_component>
      <object_component id="oc-186">
         <name>.const:snake_text_image</name>
         <load_address>0xbb30</load_address>
         <run_address>0xbb30</run_address>
         <size>0x49e</size>
         <input_file_ref idref="fl-6"/>
      </object_component>
      <object_component id="oc-31d">
         <name>.const:cs</name>
         <load_address>0xbfce</load_address>
         <run_address>0xbfce</run_address>
         <size>0x1e0</size>
         <input_file_ref idref="fl-3"/>
      </object_component>
      <object_component id="oc-34d">
         <name>.const:imperial_march_notes</name>
         <load_address>0xc1ae</load_address>
         <run_address>0xc1ae</run_address>
         <size>0x118</size>
         <input_file_ref idref="fl-8"/>
      </object_component>
      <object_component id="oc-290">
         <name>.const:.string</name>
         <load_address>0xc2c6</load_address>
         <run_address>0xc2c6</run_address>
         <size>0xb4</size>
         <input_file_ref idref="fl-5"/>
      </object_component>
      <object_component id="oc-318">
         <name>.const:.string:dv3</name>
         <load_address>0xc37a</load_address>
         <run_address>0xc37a</run_address>
         <size>0xa2</size>
         <input_file_ref idref="fl-3"/>
      </object_component>
      <object_component id="oc-32d">
         <name>.const:dv$3</name>
         <load_address>0xc41c</load_address>
         <run_address>0xc41c</run_address>
         <size>0x2c</size>
         <input_file_ref idref="fl-3"/>
      </object_component>
      <object_component id="oc-18f">
         <name>.const:.string</name>
         <load_address>0xc448</load_address>
         <run_address>0xc448</run_address>
         <size>0x18</size>
         <input_file_ref idref="fl-4"/>
      </object_component>
      <object_component id="oc-33c">
         <name>.const:Charge</name>
         <load_address>0xc460</load_address>
         <run_address>0xc460</run_address>
         <size>0x18</size>
         <input_file_ref idref="fl-8"/>
      </object_component>
      <object_component id="oc-333">
         <name>.const:.string:lHexChar$1</name>
         <load_address>0xc478</load_address>
         <run_address>0xc478</run_address>
         <size>0x11</size>
         <input_file_ref idref="fl-3"/>
      </object_component>
      <object_component id="oc-334">
         <name>.const:.string:uHexChar$2</name>
         <load_address>0xc48a</load_address>
         <run_address>0xc48a</run_address>
         <size>0x11</size>
         <input_file_ref idref="fl-3"/>
      </object_component>
      <object_component id="oc-389">
         <name>.const:px_off</name>
         <load_address>0xc49c</load_address>
         <run_address>0xc49c</run_address>
         <size>0x6</size>
         <input_file_ref idref="fl-3"/>
      </object_component>
      <object_component id="oc-38c">
         <name>.const:px_on</name>
         <load_address>0xc4a2</load_address>
         <run_address>0xc4a2</run_address>
         <size>0x6</size>
         <input_file_ref idref="fl-3"/>
      </object_component>
      <object_component id="oc-3d">
         <name>.int02</name>
         <load_address>0xffe4</load_address>
         <run_address>0xffe4</run_address>
         <size>0x2</size>
         <input_file_ref idref="fl-7"/>
      </object_component>
      <object_component id="oc-3e">
         <name>.int03</name>
         <load_address>0xffe6</load_address>
         <run_address>0xffe6</run_address>
         <size>0x2</size>
         <input_file_ref idref="fl-41"/>
      </object_component>
      <object_component id="oc-3f">
         <name>.int05</name>
         <load_address>0xffea</load_address>
         <run_address>0xffea</run_address>
         <size>0x2</size>
         <input_file_ref idref="fl-2"/>
      </object_component>
      <object_component id="oc-40">
         <name>.int06</name>
         <load_address>0xffec</load_address>
         <run_address>0xffec</run_address>
         <size>0x2</size>
         <input_file_ref idref="fl-42"/>
      </object_component>
      <object_component id="oc-41">
         <name>.int07</name>
         <load_address>0xffee</load_address>
         <run_address>0xffee</run_address>
         <size>0x2</size>
         <input_file_ref idref="fl-43"/>
      </object_component>
      <object_component id="oc-42">
         <name>.int08</name>
         <load_address>0xfff0</load_address>
         <run_address>0xfff0</run_address>
         <size>0x2</size>
         <input_file_ref idref="fl-44"/>
      </object_component>
      <object_component id="oc-43">
         <name>.int09</name>
         <load_address>0xfff2</load_address>
         <run_address>0xfff2</run_address>
         <size>0x2</size>
         <input_file_ref idref="fl-45"/>
      </object_component>
      <object_component id="oc-44">
         <name>.int10</name>
         <load_address>0xfff4</load_address>
         <run_address>0xfff4</run_address>
         <size>0x2</size>
         <input_file_ref idref="fl-7"/>
      </object_component>
      <object_component id="oc-45">
         <name>.int12</name>
         <load_address>0xfff8</load_address>
         <run_address>0xfff8</run_address>
         <size>0x2</size>
         <input_file_ref idref="fl-46"/>
      </object_component>
      <object_component id="oc-46">
         <name>.int13</name>
         <load_address>0xfffa</load_address>
         <run_address>0xfffa</run_address>
         <size>0x2</size>
         <input_file_ref idref="fl-47"/>
      </object_component>
      <object_component id="oc-47">
         <name>.int14</name>
         <load_address>0xfffc</load_address>
         <run_address>0xfffc</run_address>
         <size>0x2</size>
         <input_file_ref idref="fl-48"/>
      </object_component>
      <object_component id="oc-8d">
         <name>.reset</name>
         <load_address>0xfffe</load_address>
         <run_address>0xfffe</run_address>
         <size>0x2</size>
         <input_file_ref idref="fl-37"/>
      </object_component>
      <object_component id="oc-40a">
         <name>.data</name>
         <load_address>0x526</load_address>
         <run_address>0x526</run_address>
         <size>0x2</size>
         <input_file_ref idref="fl-4d"/>
      </object_component>
      <object_component id="oc-3ad">
         <name>.data</name>
         <load_address>0x51e</load_address>
         <run_address>0x51e</run_address>
         <size>0x4</size>
         <input_file_ref idref="fl-51"/>
      </object_component>
      <object_component id="oc-14a">
         <name>.data:_lock</name>
         <load_address>0x522</load_address>
         <run_address>0x522</run_address>
         <size>0x2</size>
         <input_file_ref idref="fl-53"/>
      </object_component>
      <object_component id="oc-153">
         <name>.data:_unlock</name>
         <load_address>0x524</load_address>
         <run_address>0x524</run_address>
         <size>0x2</size>
         <input_file_ref idref="fl-53"/>
      </object_component>
      <object_component id="oc-12a">
         <name>.debug_info</name>
         <load_address>0x0</load_address>
         <run_address>0x0</run_address>
         <size>0x5ca</size>
         <input_file_ref idref="fl-2"/>
      </object_component>
      <object_component id="oc-15a">
         <name>.debug_info</name>
         <load_address>0x5ca</load_address>
         <run_address>0x5ca</run_address>
         <size>0x127</size>
         <input_file_ref idref="fl-2"/>
      </object_component>
      <object_component id="oc-125">
         <name>.debug_info</name>
         <load_address>0x6f1</load_address>
         <run_address>0x6f1</run_address>
         <size>0x16f</size>
         <input_file_ref idref="fl-2"/>
      </object_component>
      <object_component id="oc-b9">
         <name>.debug_info</name>
         <load_address>0x860</load_address>
         <run_address>0x860</run_address>
         <size>0x103</size>
         <input_file_ref idref="fl-2"/>
      </object_component>
      <object_component id="oc-b3">
         <name>.debug_info</name>
         <load_address>0x963</load_address>
         <run_address>0x963</run_address>
         <size>0x139</size>
         <input_file_ref idref="fl-2"/>
      </object_component>
      <object_component id="oc-1e5">
         <name>.debug_info</name>
         <load_address>0xa9c</load_address>
         <run_address>0xa9c</run_address>
         <size>0x17d</size>
         <input_file_ref idref="fl-2"/>
      </object_component>
      <object_component id="oc-100">
         <name>.debug_info</name>
         <load_address>0xc19</load_address>
         <run_address>0xc19</run_address>
         <size>0x84</size>
         <input_file_ref idref="fl-2"/>
      </object_component>
      <object_component id="oc-233">
         <name>.debug_info</name>
         <load_address>0xc9d</load_address>
         <run_address>0xc9d</run_address>
         <size>0x4df</size>
         <input_file_ref idref="fl-3"/>
      </object_component>
      <object_component id="oc-319">
         <name>.debug_info</name>
         <load_address>0x117c</load_address>
         <run_address>0x117c</run_address>
         <size>0xc4</size>
         <input_file_ref idref="fl-3"/>
      </object_component>
      <object_component id="oc-38d">
         <name>.debug_info</name>
         <load_address>0x1240</load_address>
         <run_address>0x1240</run_address>
         <size>0xc8</size>
         <input_file_ref idref="fl-3"/>
      </object_component>
      <object_component id="oc-38a">
         <name>.debug_info</name>
         <load_address>0x1308</load_address>
         <run_address>0x1308</run_address>
         <size>0xca</size>
         <input_file_ref idref="fl-3"/>
      </object_component>
      <object_component id="oc-31e">
         <name>.debug_info</name>
         <load_address>0x13d2</load_address>
         <run_address>0x13d2</run_address>
         <size>0xc2</size>
         <input_file_ref idref="fl-3"/>
      </object_component>
      <object_component id="oc-160">
         <name>.debug_info</name>
         <load_address>0x1494</load_address>
         <run_address>0x1494</run_address>
         <size>0x349</size>
         <input_file_ref idref="fl-3"/>
      </object_component>
      <object_component id="oc-227">
         <name>.debug_info</name>
         <load_address>0x17dd</load_address>
         <run_address>0x17dd</run_address>
         <size>0x118</size>
         <input_file_ref idref="fl-3"/>
      </object_component>
      <object_component id="oc-37e">
         <name>.debug_info</name>
         <load_address>0x18f5</load_address>
         <run_address>0x18f5</run_address>
         <size>0x106</size>
         <input_file_ref idref="fl-3"/>
      </object_component>
      <object_component id="oc-22d">
         <name>.debug_info</name>
         <load_address>0x19fb</load_address>
         <run_address>0x19fb</run_address>
         <size>0x11a</size>
         <input_file_ref idref="fl-3"/>
      </object_component>
      <object_component id="oc-384">
         <name>.debug_info</name>
         <load_address>0x1b15</load_address>
         <run_address>0x1b15</run_address>
         <size>0x11f</size>
         <input_file_ref idref="fl-3"/>
      </object_component>
      <object_component id="oc-24c">
         <name>.debug_info</name>
         <load_address>0x1c34</load_address>
         <run_address>0x1c34</run_address>
         <size>0x12f</size>
         <input_file_ref idref="fl-3"/>
      </object_component>
      <object_component id="oc-221">
         <name>.debug_info</name>
         <load_address>0x1d63</load_address>
         <run_address>0x1d63</run_address>
         <size>0x17f</size>
         <input_file_ref idref="fl-3"/>
      </object_component>
      <object_component id="oc-246">
         <name>.debug_info</name>
         <load_address>0x1ee2</load_address>
         <run_address>0x1ee2</run_address>
         <size>0x196</size>
         <input_file_ref idref="fl-3"/>
      </object_component>
      <object_component id="oc-178">
         <name>.debug_info</name>
         <load_address>0x2078</load_address>
         <run_address>0x2078</run_address>
         <size>0x116</size>
         <input_file_ref idref="fl-3"/>
      </object_component>
      <object_component id="oc-23c">
         <name>.debug_info</name>
         <load_address>0x218e</load_address>
         <run_address>0x218e</run_address>
         <size>0x16a</size>
         <input_file_ref idref="fl-3"/>
      </object_component>
      <object_component id="oc-2c7">
         <name>.debug_info</name>
         <load_address>0x22f8</load_address>
         <run_address>0x22f8</run_address>
         <size>0x3af</size>
         <input_file_ref idref="fl-3"/>
      </object_component>
      <object_component id="oc-181">
         <name>.debug_info</name>
         <load_address>0x26a7</load_address>
         <run_address>0x26a7</run_address>
         <size>0x28a</size>
         <input_file_ref idref="fl-3"/>
      </object_component>
      <object_component id="oc-139">
         <name>.debug_info</name>
         <load_address>0x2931</load_address>
         <run_address>0x2931</run_address>
         <size>0x146</size>
         <input_file_ref idref="fl-3"/>
      </object_component>
      <object_component id="oc-424">
         <name>.debug_info</name>
         <load_address>0x2a77</load_address>
         <run_address>0x2a77</run_address>
         <size>0x25e</size>
         <input_file_ref idref="fl-3"/>
      </object_component>
      <object_component id="oc-415">
         <name>.debug_info</name>
         <load_address>0x2cd5</load_address>
         <run_address>0x2cd5</run_address>
         <size>0x170</size>
         <input_file_ref idref="fl-3"/>
      </object_component>
      <object_component id="oc-41d">
         <name>.debug_info</name>
         <load_address>0x2e45</load_address>
         <run_address>0x2e45</run_address>
         <size>0x217</size>
         <input_file_ref idref="fl-3"/>
      </object_component>
      <object_component id="oc-42b">
         <name>.debug_info</name>
         <load_address>0x305c</load_address>
         <run_address>0x305c</run_address>
         <size>0x1c4</size>
         <input_file_ref idref="fl-3"/>
      </object_component>
      <object_component id="oc-28b">
         <name>.debug_info</name>
         <load_address>0x3220</load_address>
         <run_address>0x3220</run_address>
         <size>0x1ed</size>
         <input_file_ref idref="fl-3"/>
      </object_component>
      <object_component id="oc-18a">
         <name>.debug_info</name>
         <load_address>0x340d</load_address>
         <run_address>0x340d</run_address>
         <size>0x13a</size>
         <input_file_ref idref="fl-3"/>
      </object_component>
      <object_component id="oc-321">
         <name>.debug_info</name>
         <load_address>0x3547</load_address>
         <run_address>0x3547</run_address>
         <size>0x15e</size>
         <input_file_ref idref="fl-3"/>
      </object_component>
      <object_component id="oc-327">
         <name>.debug_info</name>
         <load_address>0x36a5</load_address>
         <run_address>0x36a5</run_address>
         <size>0x163</size>
         <input_file_ref idref="fl-3"/>
      </object_component>
      <object_component id="oc-256">
         <name>.debug_info</name>
         <load_address>0x3808</load_address>
         <run_address>0x3808</run_address>
         <size>0x1d6</size>
         <input_file_ref idref="fl-3"/>
      </object_component>
      <object_component id="oc-25c">
         <name>.debug_info</name>
         <load_address>0x39de</load_address>
         <run_address>0x39de</run_address>
         <size>0x32e</size>
         <input_file_ref idref="fl-3"/>
      </object_component>
      <object_component id="oc-191">
         <name>.debug_info</name>
         <load_address>0x3d0c</load_address>
         <run_address>0x3d0c</run_address>
         <size>0x185</size>
         <input_file_ref idref="fl-3"/>
      </object_component>
      <object_component id="oc-310">
         <name>.debug_info</name>
         <load_address>0x3e91</load_address>
         <run_address>0x3e91</run_address>
         <size>0xc8</size>
         <input_file_ref idref="fl-3"/>
      </object_component>
      <object_component id="oc-263">
         <name>.debug_info</name>
         <load_address>0x3f59</load_address>
         <run_address>0x3f59</run_address>
         <size>0x2c</size>
         <input_file_ref idref="fl-3"/>
      </object_component>
      <object_component id="oc-12f">
         <name>.debug_info</name>
         <load_address>0x3f85</load_address>
         <run_address>0x3f85</run_address>
         <size>0x7b5</size>
         <input_file_ref idref="fl-4"/>
      </object_component>
      <object_component id="oc-ec">
         <name>.debug_info</name>
         <load_address>0x473a</load_address>
         <run_address>0x473a</run_address>
         <size>0x2d9</size>
         <input_file_ref idref="fl-4"/>
      </object_component>
      <object_component id="oc-1e0">
         <name>.debug_info</name>
         <load_address>0x4a13</load_address>
         <run_address>0x4a13</run_address>
         <size>0x2bc</size>
         <input_file_ref idref="fl-4"/>
      </object_component>
      <object_component id="oc-1f1">
         <name>.debug_info</name>
         <load_address>0x4ccf</load_address>
         <run_address>0x4ccf</run_address>
         <size>0x110</size>
         <input_file_ref idref="fl-4"/>
      </object_component>
      <object_component id="oc-1f8">
         <name>.debug_info</name>
         <load_address>0x4ddf</load_address>
         <run_address>0x4ddf</run_address>
         <size>0x99</size>
         <input_file_ref idref="fl-4"/>
      </object_component>
      <object_component id="oc-131">
         <name>.debug_info</name>
         <load_address>0x4e78</load_address>
         <run_address>0x4e78</run_address>
         <size>0x77e</size>
         <input_file_ref idref="fl-5"/>
      </object_component>
      <object_component id="oc-3ee">
         <name>.debug_info</name>
         <load_address>0x55f6</load_address>
         <run_address>0x55f6</run_address>
         <size>0x196</size>
         <input_file_ref idref="fl-5"/>
      </object_component>
      <object_component id="oc-3dc">
         <name>.debug_info</name>
         <load_address>0x578c</load_address>
         <run_address>0x578c</run_address>
         <size>0x190</size>
         <input_file_ref idref="fl-5"/>
      </object_component>
      <object_component id="oc-3e2">
         <name>.debug_info</name>
         <load_address>0x591c</load_address>
         <run_address>0x591c</run_address>
         <size>0x196</size>
         <input_file_ref idref="fl-5"/>
      </object_component>
      <object_component id="oc-3e8">
         <name>.debug_info</name>
         <load_address>0x5ab2</load_address>
         <run_address>0x5ab2</run_address>
         <size>0x19c</size>
         <input_file_ref idref="fl-5"/>
      </object_component>
      <object_component id="oc-3d0">
         <name>.debug_info</name>
         <load_address>0x5c4e</load_address>
         <run_address>0x5c4e</run_address>
         <size>0x178</size>
         <input_file_ref idref="fl-5"/>
      </object_component>
      <object_component id="oc-3f5">
         <name>.debug_info</name>
         <load_address>0x5dc6</load_address>
         <run_address>0x5dc6</run_address>
         <size>0x178</size>
         <input_file_ref idref="fl-5"/>
      </object_component>
      <object_component id="oc-3bd">
         <name>.debug_info</name>
         <load_address>0x5f3e</load_address>
         <run_address>0x5f3e</run_address>
         <size>0x15c</size>
         <input_file_ref idref="fl-5"/>
      </object_component>
      <object_component id="oc-3c3">
         <name>.debug_info</name>
         <load_address>0x609a</load_address>
         <run_address>0x609a</run_address>
         <size>0x15a</size>
         <input_file_ref idref="fl-5"/>
      </object_component>
      <object_component id="oc-2cd">
         <name>.debug_info</name>
         <load_address>0x61f4</load_address>
         <run_address>0x61f4</run_address>
         <size>0x1aa</size>
         <input_file_ref idref="fl-5"/>
      </object_component>
      <object_component id="oc-2d3">
         <name>.debug_info</name>
         <load_address>0x639e</load_address>
         <run_address>0x639e</run_address>
         <size>0x139</size>
         <input_file_ref idref="fl-5"/>
      </object_component>
      <object_component id="oc-360">
         <name>.debug_info</name>
         <load_address>0x64d7</load_address>
         <run_address>0x64d7</run_address>
         <size>0x187</size>
         <input_file_ref idref="fl-5"/>
      </object_component>
      <object_component id="oc-2b6">
         <name>.debug_info</name>
         <load_address>0x665e</load_address>
         <run_address>0x665e</run_address>
         <size>0x152</size>
         <input_file_ref idref="fl-5"/>
      </object_component>
      <object_component id="oc-270">
         <name>.debug_info</name>
         <load_address>0x67b0</load_address>
         <run_address>0x67b0</run_address>
         <size>0x129</size>
         <input_file_ref idref="fl-5"/>
      </object_component>
      <object_component id="oc-374">
         <name>.debug_info</name>
         <load_address>0x68d9</load_address>
         <run_address>0x68d9</run_address>
         <size>0x184</size>
         <input_file_ref idref="fl-5"/>
      </object_component>
      <object_component id="oc-2a8">
         <name>.debug_info</name>
         <load_address>0x6a5d</load_address>
         <run_address>0x6a5d</run_address>
         <size>0x1e4</size>
         <input_file_ref idref="fl-5"/>
      </object_component>
      <object_component id="oc-366">
         <name>.debug_info</name>
         <load_address>0x6c41</load_address>
         <run_address>0x6c41</run_address>
         <size>0x184</size>
         <input_file_ref idref="fl-5"/>
      </object_component>
      <object_component id="oc-29c">
         <name>.debug_info</name>
         <load_address>0x6dc5</load_address>
         <run_address>0x6dc5</run_address>
         <size>0x203</size>
         <input_file_ref idref="fl-5"/>
      </object_component>
      <object_component id="oc-27c">
         <name>.debug_info</name>
         <load_address>0x6fc8</load_address>
         <run_address>0x6fc8</run_address>
         <size>0x12b</size>
         <input_file_ref idref="fl-5"/>
      </object_component>
      <object_component id="oc-36d">
         <name>.debug_info</name>
         <load_address>0x70f3</load_address>
         <run_address>0x70f3</run_address>
         <size>0x1a6</size>
         <input_file_ref idref="fl-5"/>
      </object_component>
      <object_component id="oc-276">
         <name>.debug_info</name>
         <load_address>0x7299</load_address>
         <run_address>0x7299</run_address>
         <size>0x129</size>
         <input_file_ref idref="fl-5"/>
      </object_component>
      <object_component id="oc-2e8">
         <name>.debug_info</name>
         <load_address>0x73c2</load_address>
         <run_address>0x73c2</run_address>
         <size>0x1fd</size>
         <input_file_ref idref="fl-5"/>
      </object_component>
      <object_component id="oc-2a2">
         <name>.debug_info</name>
         <load_address>0x75bf</load_address>
         <run_address>0x75bf</run_address>
         <size>0x223</size>
         <input_file_ref idref="fl-5"/>
      </object_component>
      <object_component id="oc-1c7">
         <name>.debug_info</name>
         <load_address>0x77e2</load_address>
         <run_address>0x77e2</run_address>
         <size>0x27d</size>
         <input_file_ref idref="fl-5"/>
      </object_component>
      <object_component id="oc-19d">
         <name>.debug_info</name>
         <load_address>0x7a5f</load_address>
         <run_address>0x7a5f</run_address>
         <size>0x12c</size>
         <input_file_ref idref="fl-5"/>
      </object_component>
      <object_component id="oc-1a9">
         <name>.debug_info</name>
         <load_address>0x7b8b</load_address>
         <run_address>0x7b8b</run_address>
         <size>0x1c6</size>
         <input_file_ref idref="fl-5"/>
      </object_component>
      <object_component id="oc-197">
         <name>.debug_info</name>
         <load_address>0x7d51</load_address>
         <run_address>0x7d51</run_address>
         <size>0x1c3</size>
         <input_file_ref idref="fl-5"/>
      </object_component>
      <object_component id="oc-1cd">
         <name>.debug_info</name>
         <load_address>0x7f14</load_address>
         <run_address>0x7f14</run_address>
         <size>0x1d8</size>
         <input_file_ref idref="fl-5"/>
      </object_component>
      <object_component id="oc-1c1">
         <name>.debug_info</name>
         <load_address>0x80ec</load_address>
         <run_address>0x80ec</run_address>
         <size>0x11c</size>
         <input_file_ref idref="fl-5"/>
      </object_component>
      <object_component id="oc-1bb">
         <name>.debug_info</name>
         <load_address>0x8208</load_address>
         <run_address>0x8208</run_address>
         <size>0x11c</size>
         <input_file_ref idref="fl-5"/>
      </object_component>
      <object_component id="oc-1b5">
         <name>.debug_info</name>
         <load_address>0x8324</load_address>
         <run_address>0x8324</run_address>
         <size>0x11c</size>
         <input_file_ref idref="fl-5"/>
      </object_component>
      <object_component id="oc-1af">
         <name>.debug_info</name>
         <load_address>0x8440</load_address>
         <run_address>0x8440</run_address>
         <size>0x11c</size>
         <input_file_ref idref="fl-5"/>
      </object_component>
      <object_component id="oc-1a3">
         <name>.debug_info</name>
         <load_address>0x855c</load_address>
         <run_address>0x855c</run_address>
         <size>0x230</size>
         <input_file_ref idref="fl-5"/>
      </object_component>
      <object_component id="oc-244">
         <name>.debug_info</name>
         <load_address>0x878c</load_address>
         <run_address>0x878c</run_address>
         <size>0xed</size>
         <input_file_ref idref="fl-6"/>
      </object_component>
      <object_component id="oc-17e">
         <name>.debug_info</name>
         <load_address>0x8879</load_address>
         <run_address>0x8879</run_address>
         <size>0xdb</size>
         <input_file_ref idref="fl-6"/>
      </object_component>
      <object_component id="oc-187">
         <name>.debug_info</name>
         <load_address>0x8954</load_address>
         <run_address>0x8954</run_address>
         <size>0xe3</size>
         <input_file_ref idref="fl-6"/>
      </object_component>
      <object_component id="oc-282">
         <name>.debug_info</name>
         <load_address>0x8a37</load_address>
         <run_address>0x8a37</run_address>
         <size>0xe3</size>
         <input_file_ref idref="fl-6"/>
      </object_component>
      <object_component id="oc-120">
         <name>.debug_info</name>
         <load_address>0x8b1a</load_address>
         <run_address>0x8b1a</run_address>
         <size>0x60e</size>
         <input_file_ref idref="fl-7"/>
      </object_component>
      <object_component id="oc-174">
         <name>.debug_info</name>
         <load_address>0x9128</load_address>
         <run_address>0x9128</run_address>
         <size>0x151</size>
         <input_file_ref idref="fl-7"/>
      </object_component>
      <object_component id="oc-168">
         <name>.debug_info</name>
         <load_address>0x9279</load_address>
         <run_address>0x9279</run_address>
         <size>0x121</size>
         <input_file_ref idref="fl-7"/>
      </object_component>
      <object_component id="oc-ae">
         <name>.debug_info</name>
         <load_address>0x939a</load_address>
         <run_address>0x939a</run_address>
         <size>0x11e</size>
         <input_file_ref idref="fl-7"/>
      </object_component>
      <object_component id="oc-be">
         <name>.debug_info</name>
         <load_address>0x94b8</load_address>
         <run_address>0x94b8</run_address>
         <size>0x140</size>
         <input_file_ref idref="fl-7"/>
      </object_component>
      <object_component id="oc-133">
         <name>.debug_info</name>
         <load_address>0x95f8</load_address>
         <run_address>0x95f8</run_address>
         <size>0x4e1</size>
         <input_file_ref idref="fl-8"/>
      </object_component>
      <object_component id="oc-33d">
         <name>.debug_info</name>
         <load_address>0x9ad9</load_address>
         <run_address>0x9ad9</run_address>
         <size>0xcc</size>
         <input_file_ref idref="fl-8"/>
      </object_component>
      <object_component id="oc-34e">
         <name>.debug_info</name>
         <load_address>0x9ba5</load_address>
         <run_address>0x9ba5</run_address>
         <size>0xe8</size>
         <input_file_ref idref="fl-8"/>
      </object_component>
      <object_component id="oc-294">
         <name>.debug_info</name>
         <load_address>0x9c8d</load_address>
         <run_address>0x9c8d</run_address>
         <size>0x150</size>
         <input_file_ref idref="fl-8"/>
      </object_component>
      <object_component id="oc-2f4">
         <name>.debug_info</name>
         <load_address>0x9ddd</load_address>
         <run_address>0x9ddd</run_address>
         <size>0x161</size>
         <input_file_ref idref="fl-8"/>
      </object_component>
      <object_component id="oc-2bc">
         <name>.debug_info</name>
         <load_address>0x9f3e</load_address>
         <run_address>0x9f3e</run_address>
         <size>0x1aa</size>
         <input_file_ref idref="fl-8"/>
      </object_component>
      <object_component id="oc-16c">
         <name>.debug_info</name>
         <load_address>0xa0e8</load_address>
         <run_address>0xa0e8</run_address>
         <size>0x10b</size>
         <input_file_ref idref="fl-8"/>
      </object_component>
      <object_component id="oc-399">
         <name>.debug_info</name>
         <load_address>0xa1f3</load_address>
         <run_address>0xa1f3</run_address>
         <size>0x153</size>
         <input_file_ref idref="fl-8"/>
      </object_component>
      <object_component id="oc-2e2">
         <name>.debug_info</name>
         <load_address>0xa346</load_address>
         <run_address>0xa346</run_address>
         <size>0xf9</size>
         <input_file_ref idref="fl-8"/>
      </object_component>
      <object_component id="oc-2dc">
         <name>.debug_info</name>
         <load_address>0xa43f</load_address>
         <run_address>0xa43f</run_address>
         <size>0xfb</size>
         <input_file_ref idref="fl-8"/>
      </object_component>
      <object_component id="oc-2fb">
         <name>.debug_info</name>
         <load_address>0xa53a</load_address>
         <run_address>0xa53a</run_address>
         <size>0x110</size>
         <input_file_ref idref="fl-8"/>
      </object_component>
      <object_component id="oc-340">
         <name>.debug_info</name>
         <load_address>0xa64a</load_address>
         <run_address>0xa64a</run_address>
         <size>0x167</size>
         <input_file_ref idref="fl-8"/>
      </object_component>
      <object_component id="oc-285">
         <name>.debug_info</name>
         <load_address>0xa7b1</load_address>
         <run_address>0xa7b1</run_address>
         <size>0x11e</size>
         <input_file_ref idref="fl-8"/>
      </object_component>
      <object_component id="oc-269">
         <name>.debug_info</name>
         <load_address>0xa8cf</load_address>
         <run_address>0xa8cf</run_address>
         <size>0x10e</size>
         <input_file_ref idref="fl-8"/>
      </object_component>
      <object_component id="oc-8b">
         <name>.debug_info</name>
         <load_address>0xa9dd</load_address>
         <run_address>0xa9dd</run_address>
         <size>0x10b</size>
         <input_file_ref idref="fl-37"/>
      </object_component>
      <object_component id="oc-67">
         <name>.debug_info</name>
         <load_address>0xaae8</load_address>
         <run_address>0xaae8</run_address>
         <size>0x1ac</size>
         <input_file_ref idref="fl-38"/>
      </object_component>
      <object_component id="oc-9d">
         <name>.debug_info</name>
         <load_address>0xac94</load_address>
         <run_address>0xac94</run_address>
         <size>0x1c8</size>
         <input_file_ref idref="fl-39"/>
      </object_component>
      <object_component id="oc-35">
         <name>.debug_info</name>
         <load_address>0xae5c</load_address>
         <run_address>0xae5c</run_address>
         <size>0x1f5</size>
         <input_file_ref idref="fl-39"/>
      </object_component>
      <object_component id="oc-98">
         <name>.debug_info</name>
         <load_address>0xb051</load_address>
         <run_address>0xb051</run_address>
         <size>0x46</size>
         <input_file_ref idref="fl-39"/>
      </object_component>
      <object_component id="oc-110">
         <name>.debug_info</name>
         <load_address>0xb097</load_address>
         <run_address>0xb097</run_address>
         <size>0x2c</size>
         <input_file_ref idref="fl-39"/>
      </object_component>
      <object_component id="oc-a5">
         <name>.debug_info</name>
         <load_address>0xb0c3</load_address>
         <run_address>0xb0c3</run_address>
         <size>0x18a</size>
         <input_file_ref idref="fl-3a"/>
      </object_component>
      <object_component id="oc-9f">
         <name>.debug_info</name>
         <load_address>0xb24d</load_address>
         <run_address>0xb24d</run_address>
         <size>0x250</size>
         <input_file_ref idref="fl-3a"/>
      </object_component>
      <object_component id="oc-38">
         <name>.debug_info</name>
         <load_address>0xb49d</load_address>
         <run_address>0xb49d</run_address>
         <size>0x1c7</size>
         <input_file_ref idref="fl-3a"/>
      </object_component>
      <object_component id="oc-a6">
         <name>.debug_info</name>
         <load_address>0xb664</load_address>
         <run_address>0xb664</run_address>
         <size>0x39</size>
         <input_file_ref idref="fl-3a"/>
      </object_component>
      <object_component id="oc-c9">
         <name>.debug_info</name>
         <load_address>0xb69d</load_address>
         <run_address>0xb69d</run_address>
         <size>0x180</size>
         <input_file_ref idref="fl-3b"/>
      </object_component>
      <object_component id="oc-4a">
         <name>.debug_info</name>
         <load_address>0xb81d</load_address>
         <run_address>0xb81d</run_address>
         <size>0x1cb</size>
         <input_file_ref idref="fl-3b"/>
      </object_component>
      <object_component id="oc-c4">
         <name>.debug_info</name>
         <load_address>0xb9e8</load_address>
         <run_address>0xb9e8</run_address>
         <size>0x46</size>
         <input_file_ref idref="fl-3b"/>
      </object_component>
      <object_component id="oc-10b">
         <name>.debug_info</name>
         <load_address>0xba2e</load_address>
         <run_address>0xba2e</run_address>
         <size>0x2c</size>
         <input_file_ref idref="fl-3b"/>
      </object_component>
      <object_component id="oc-35a">
         <name>.debug_info</name>
         <load_address>0xba5a</load_address>
         <run_address>0xba5a</run_address>
         <size>0x147</size>
         <input_file_ref idref="fl-3c"/>
      </object_component>
      <object_component id="oc-3b8">
         <name>.debug_info</name>
         <load_address>0xbba1</load_address>
         <run_address>0xbba1</run_address>
         <size>0x133</size>
         <input_file_ref idref="fl-3d"/>
      </object_component>
      <object_component id="oc-11a">
         <name>.debug_info</name>
         <load_address>0xbcd4</load_address>
         <run_address>0xbcd4</run_address>
         <size>0x140</size>
         <input_file_ref idref="fl-3e"/>
      </object_component>
      <object_component id="oc-f3">
         <name>.debug_info</name>
         <load_address>0xbe14</load_address>
         <run_address>0xbe14</run_address>
         <size>0x12d</size>
         <input_file_ref idref="fl-3f"/>
      </object_component>
      <object_component id="oc-3d9">
         <name>.debug_info</name>
         <load_address>0xbf41</load_address>
         <run_address>0xbf41</run_address>
         <size>0x132</size>
         <input_file_ref idref="fl-4a"/>
      </object_component>
      <object_component id="oc-32f">
         <name>.debug_info</name>
         <load_address>0xc073</load_address>
         <run_address>0xc073</run_address>
         <size>0x132</size>
         <input_file_ref idref="fl-4b"/>
      </object_component>
      <object_component id="oc-10a">
         <name>.debug_info</name>
         <load_address>0xc1a5</load_address>
[...]
      </symbol>
      <symbol id="sm-29a">
         <name>direction</name>
         <value>0x517</value>
      </symbol>
      <symbol id="sm-29b">
         <name>head</name>
         <value>0x518</value>
      </symbol>
      <symbol id="sm-29c">
         <name>tail</name>
         <value>0x51d</value>
      </symbol>
      <symbol id="sm-29d">
         <name>snake</name>
         <value>0x3d0</value>
      </symbol>
      <symbol id="sm-29e">
         <name>rocks</name>
         <value>0x4e4</value>
      </symbol>
      <symbol id="sm-29f">
         <name>foods</name>
         <value>0x4d0</value>
      </symbol>
      <symbol id="sm-2a0">
         <name>teles</name>
         <value>0x4f2</value>
      </symbol>
      <symbol id="sm-2a1">
         <name>main</name>
         <value>0x8b54</value>
         <object_component_ref idref="oc-ea"/>
      </symbol>
      <symbol id="sm-3f4">
         <name>foodEaten</name>
         <value>0x502</value>
      </symbol>
      <symbol id="sm-3f5">
         <name>currentRocks</name>
         <value>0x500</value>
      </symbol>
      <symbol id="sm-3f6">
         <name>collisionWithTELE</name>
         <value>0x9474</value>
         <object_component_ref idref="oc-2b5"/>
      </symbol>
      <symbol id="sm-3f7">
         <name>spawnRocks</name>
         <value>0x93dc</value>
         <object_component_ref idref="oc-29b"/>
      </symbol>
      <symbol id="sm-3f8">
         <name>checkCollision</name>
         <value>0xa05a</value>
         <object_component_ref idref="oc-35f"/>
      </symbol>
      <symbol id="sm-3f9">
         <name>draw_star_food</name>
         <value>0x9f86</value>
         <object_component_ref idref="oc-3db"/>
      </symbol>
      <symbol id="sm-3fa">
         <name>spawnTeles</name>
         <value>0x9998</value>
         <object_component_ref idref="oc-2a7"/>
      </symbol>
      <symbol id="sm-3fb">
         <name>SWITCH_4_event</name>
         <value>0xa288</value>
         <object_component_ref idref="oc-1ae"/>
      </symbol>
      <symbol id="sm-3fc">
         <name>freeAllFood</name>
         <value>0xa234</value>
         <object_component_ref idref="oc-275"/>
      </symbol>
      <symbol id="sm-3fd">
         <name>draw_square_rock</name>
         <value>0xa0be</value>
         <object_component_ref idref="oc-3cf"/>
      </symbol>
      <symbol id="sm-3fe">
         <name>collisionWithWALL</name>
         <value>0x9cac</value>
         <object_component_ref idref="oc-2d2"/>
      </symbol>
      <symbol id="sm-3ff">
         <name>collisionWithSNAKE</name>
         <value>0xa0f0</value>
         <object_component_ref idref="oc-3bc"/>
      </symbol>
      <symbol id="sm-400">
         <name>respawnFood</name>
         <value>0x9922</value>
         <object_component_ref idref="oc-2e7"/>
      </symbol>
      <symbol id="sm-401">
         <name>createTele</name>
         <value>0x9dba</value>
         <object_component_ref idref="oc-373"/>
      </symbol>
      <symbol id="sm-402">
         <name>freeAllTele</name>
         <value>0xa2fc</value>
         <object_component_ref idref="oc-26f"/>
      </symbol>
      <symbol id="sm-403">
         <name>freeAllRocks</name>
         <value>0xa25e</value>
         <object_component_ref idref="oc-27b"/>
      </symbol>
      <symbol id="sm-404">
         <name>draw_square_food</name>
         <value>0x9f50</value>
         <object_component_ref idref="oc-3ed"/>
      </symbol>
      <symbol id="sm-405">
         <name>SWITCH_3_event</name>
         <value>0xa2d6</value>
         <object_component_ref idref="oc-1b4"/>
      </symbol>
      <symbol id="sm-406">
         <name>NEXT_LEVEL_event</name>
         <value>0x950a</value>
         <object_component_ref idref="oc-196"/>
      </symbol>
      <symbol id="sm-407">
         <name>createRock</name>
         <value>0x9d78</value>
         <object_component_ref idref="oc-365"/>
      </symbol>
      <symbol id="sm-408">
         <name>SWITCH_2_event</name>
         <value>0xa348</value>
         <object_component_ref idref="oc-1ba"/>
      </symbol>
      <symbol id="sm-409">
         <name>draw_circle_food</name>
         <value>0x9f1a</value>
         <object_component_ref idref="oc-3e1"/>
      </symbol>
      <symbol id="sm-40a">
         <name>noCollideFood</name>
         <value>0x96a6</value>
         <object_component_ref idref="oc-2a1"/>
      </symbol>
      <symbol id="sm-40b">
         <name>END_GAME_event</name>
         <value>0x98a8</value>
         <object_component_ref idref="oc-1cc"/>
      </symbol>
      <symbol id="sm-40c">
         <name>createFood</name>
         <value>0x97ac</value>
         <object_component_ref idref="oc-36c"/>
      </symbol>
      <symbol id="sm-40d">
         <name>LCD_UPDATE_event</name>
         <value>0x8f48</value>
         <object_component_ref idref="oc-1a2"/>
      </symbol>
      <symbol id="sm-40e">
         <name>collisionWithROCK</name>
         <value>0x9a04</value>
         <object_component_ref idref="oc-2cc"/>
      </symbol>
      <symbol id="sm-40f">
         <name>collisionWithFOOD</name>
         <value>0x9ee4</value>
         <object_component_ref idref="oc-3c2"/>
      </symbol>
      <symbol id="sm-410">
         <name>MOVE_SNAKE_event</name>
         <value>0x848a</value>
         <object_component_ref idref="oc-1c6"/>
      </symbol>
      <symbol id="sm-411">
         <name>SWITCH_1_event</name>
         <value>0x9d36</value>
         <object_component_ref idref="oc-1c0"/>
      </symbol>
      <symbol id="sm-412">
         <name>draw_circle_tele</name>
         <value>0xa08c</value>
         <object_component_ref idref="oc-3f4"/>
      </symbol>
      <symbol id="sm-413">
         <name>START_LEVEL_event</name>
         <value>0x9620</value>
         <object_component_ref idref="oc-1a8"/>
      </symbol>
      <symbol id="sm-414">
         <name>draw_triangle_food</name>
         <value>0x9fbc</value>
         <object_component_ref idref="oc-3e7"/>
      </symbol>
      <symbol id="sm-415">
         <name>NEW_GAME_event</name>
         <value>0xa2b0</value>
         <object_component_ref idref="oc-19c"/>
      </symbol>
      <symbol id="sm-429">
         <name>king_snake_image</name>
         <value>0xa586</value>
         <object_component_ref idref="oc-281"/>
      </symbol>
      <symbol id="sm-42a">
         <name>snake1_image</name>
         <value>0xb4ae</value>
         <object_component_ref idref="oc-17d"/>
      </symbol>
      <symbol id="sm-42b">
         <name>snake_text_image</name>
         <value>0xbb30</value>
         <object_component_ref idref="oc-186"/>
      </symbol>
      <symbol id="sm-458">
         <name>WDT_cps_cnt</name>
         <value>0x4f8</value>
      </symbol>
      <symbol id="sm-459">
         <name>WDT_move_cnt</name>
         <value>0x4fc</value>
      </symbol>
      <symbol id="sm-45a">
         <name>WDT_debounce_cnt</name>
         <value>0x4fa</value>
      </symbol>
      <symbol id="sm-45b">
         <name>backlight_cnt</name>
         <value>0x4fe</value>
      </symbol>
      <symbol id="sm-45c">
         <name>WDT_delay</name>
         <value>0x4ee</value>
      </symbol>
      <symbol id="sm-45d">
         <name>TB0_tone_on</name>
         <value>0x4f6</value>
      </symbol>
      <symbol id="sm-45e">
         <name>WDT_ISR</name>
         <value>0x9104</value>
         <object_component_ref idref="oc-bd"/>
      </symbol>
      <symbol id="sm-45f">
         <name>__TI_int02</name>
         <value>0xffe4</value>
         <object_component_ref idref="oc-3d"/>
      </symbol>
      <symbol id="sm-460">
         <name>port1_init</name>
         <value>0xa1ae</value>
         <object_component_ref idref="oc-165"/>
      </symbol>
      <symbol id="sm-461">
         <name>__TI_int10</name>
         <value>0xfff4</value>
         <object_component_ref idref="oc-44"/>
      </symbol>
      <symbol id="sm-462">
         <name>Port_1_ISR</name>
         <value>0xa464</value>
         <object_component_ref idref="oc-ab"/>
      </symbol>
      <symbol id="sm-463">
         <name>watchdog_init</name>
         <value>0xa390</value>
         <object_component_ref idref="oc-171"/>
      </symbol>
      <symbol id="sm-4e8">
         <name>rasberry</name>
         <value>0xa550</value>
         <object_component_ref idref="oc-2fa"/>
      </symbol>
      <symbol id="sm-4e9">
         <name>outTone</name>
         <value>0x9dfc</value>
         <object_component_ref idref="oc-398"/>
      </symbol>
      <symbol id="sm-4ea">
         <name>beep</name>
         <value>0xa490</value>
         <object_component_ref idref="oc-2e1"/>
      </symbol>
      <symbol id="sm-4eb">
         <name>timerB_init</name>
         <value>0xa44a</value>
         <object_component_ref idref="oc-16b"/>
      </symbol>
      <symbol id="sm-4ec">
         <name>imperial_march</name>
         <value>0xa534</value>
         <object_component_ref idref="oc-284"/>
      </symbol>
      <symbol id="sm-4ed">
         <name>blink</name>
         <value>0xa56e</value>
         <object_component_ref idref="oc-2db"/>
      </symbol>
      <symbol id="sm-4ee">
         <name>doDitty</name>
         <value>0xa120</value>
         <object_component_ref idref="oc-33f"/>
      </symbol>
      <symbol id="sm-4ef">
         <name>delete_tail</name>
         <value>0x9bd2</value>
         <object_component_ref idref="oc-2f3"/>
      </symbol>
      <symbol id="sm-4f0">
         <name>imperial_march_notes</name>
         <value>0xc1ae</value>
         <object_component_ref idref="oc-34d"/>
      </symbol>
      <symbol id="sm-4f1">
         <name>new_snake</name>
         <value>0x9cf2</value>
         <object_component_ref idref="oc-293"/>
      </symbol>
      <symbol id="sm-4f2">
         <name>Charge</name>
         <value>0xc460</value>
         <object_component_ref idref="oc-33c"/>
      </symbol>
      <symbol id="sm-4f3">
         <name>add_head</name>
         <value>0x8666</value>
         <object_component_ref idref="oc-2bb"/>
      </symbol>
      <symbol id="sm-4f4">
         <name>charge</name>
         <value>0xa526</value>
         <object_component_ref idref="oc-268"/>
      </symbol>
      <symbol id="sm-4fd">
         <name>_stack</name>
         <value>0x584</value>
         <object_component_ref idref="oc-8a"/>
      </symbol>
      <symbol id="sm-4fe">
         <name>_reset_vector</name>
         <value>0xfffe</value>
         <object_component_ref idref="oc-8d"/>
      </symbol>
      <symbol id="sm-509">
         <name>_c_int00_noargs_noexit</name>
         <value>0xa430</value>
         <object_component_ref idref="oc-66"/>
      </symbol>
      <symbol id="sm-51f">
         <name>__TI_decompress_none</name>
         <value>0xa4e0</value>
         <object_component_ref idref="oc-31"/>
      </symbol>
      <symbol id="sm-541">
         <name>__TI_decompress_rle24</name>
         <value>0xa576</value>
         <object_component_ref idref="oc-37"/>
      </symbol>
      <symbol id="sm-559">
         <name>__TI_zero_init</name>
         <value>0xa4a4</value>
         <object_component_ref idref="oc-48"/>
      </symbol>
      <symbol id="sm-565">
         <name>__mspabi_remi</name>
         <value>0xa208</value>
         <object_component_ref idref="oc-359"/>
      </symbol>
      <symbol id="sm-566">
         <name>__mspabi_divi</name>
         <value>0xa208</value>
         <object_component_ref idref="oc-359"/>
      </symbol>
      <symbol id="sm-570">
         <name>__mspabi_remu</name>
         <value>0xa47a</value>
         <object_component_ref idref="oc-3b6"/>
      </symbol>
      <symbol id="sm-571">
         <name>__mspabi_divu</name>
         <value>0xa47a</value>
         <object_component_ref idref="oc-3b6"/>
      </symbol>
      <symbol id="sm-57a">
         <name>__mspabi_func_epilog_2</name>
         <value>0xa520</value>
         <object_component_ref idref="oc-117"/>
      </symbol>
      <symbol id="sm-57b">
         <name>__mspabi_func_epilog_3</name>
         <value>0xa51e</value>
         <object_component_ref idref="oc-117"/>
      </symbol>
      <symbol id="sm-57c">
         <name>__mspabi_func_epilog_1</name>
         <value>0xa522</value>
         <object_component_ref idref="oc-117"/>
      </symbol>
      <symbol id="sm-57d">
         <name>__mspabi_func_epilog_6</name>
         <value>0xa518</value>
         <object_component_ref idref="oc-117"/>
      </symbol>
      <symbol id="sm-57e">
         <name>__mspabi_func_epilog_7</name>
         <value>0xa516</value>
         <object_component_ref idref="oc-117"/>
      </symbol>
      <symbol id="sm-57f">
         <name>__mspabi_func_epilog_4</name>
         <value>0xa51c</value>
         <object_component_ref idref="oc-117"/>
      </symbol>
      <symbol id="sm-580">
         <name>__mspabi_func_epilog_5</name>
         <value>0xa51a</value>
         <object_component_ref idref="oc-117"/>
      </symbol>
      <symbol id="sm-58b">
         <name>C$$EXIT</name>
         <value>0xa580</value>
         <object_component_ref idref="oc-f2"/>
      </symbol>
      <symbol id="sm-58c">
         <name>abort</name>
         <value>0xa580</value>
         <object_component_ref idref="oc-f2"/>
      </symbol>
      <symbol id="sm-590">
         <name>__TI_int03</name>
         <value>0xffe6</value>
         <object_component_ref idref="oc-3e"/>
      </symbol>
      <symbol id="sm-593">
         <name>__TI_int06</name>
         <value>0xffec</value>
         <object_component_ref idref="oc-40"/>
      </symbol>
      <symbol id="sm-596">
         <name>__TI_int07</name>
         <value>0xffee</value>
         <object_component_ref idref="oc-41"/>
      </symbol>
      <symbol id="sm-599">
         <name>__TI_int08</name>
         <value>0xfff0</value>
         <object_component_ref idref="oc-42"/>
      </symbol>
      <symbol id="sm-59c">
         <name>__TI_int09</name>
         <value>0xfff2</value>
         <object_component_ref idref="oc-43"/>
      </symbol>
      <symbol id="sm-59f">
         <name>__TI_int12</name>
         <value>0xfff8</value>
         <object_component_ref idref="oc-45"/>
      </symbol>
      <symbol id="sm-5a2">
         <name>__TI_int13</name>
         <value>0xfffa</value>
         <object_component_ref idref="oc-46"/>
      </symbol>
      <symbol id="sm-5a5">
         <name>__TI_int14</name>
         <value>0xfffc</value>
         <object_component_ref idref="oc-47"/>
      </symbol>
      <symbol id="sm-5ae">
         <name>__mspabi_srli_8</name>
         <value>0x9bb0</value>
         <object_component_ref idref="oc-3d6"/>
      </symbol>
      <symbol id="sm-5af">
         <name>__mspabi_srli_9</name>
         <value>0x9bac</value>
         <object_component_ref idref="oc-3d6"/>
      </symbol>
      <symbol id="sm-5b0">
         <name>__mspabi_srli_6</name>
         <value>0x9bb8</value>
         <object_component_ref idref="oc-3d6"/>
      </symbol>
      <symbol id="sm-5b1">
         <name>__mspabi_srli_7</name>
         <value>0x9bb4</value>
         <object_component_ref idref="oc-3d6"/>
      </symbol>
      <symbol id="sm-5b2">
         <name>__mspabi_srli_4</name>
         <value>0x9bc0</value>
         <object_component_ref idref="oc-3d6"/>
      </symbol>
      <symbol id="sm-5b3">
         <name>__mspabi_srli_5</name>
         <value>0x9bbc</value>
         <object_component_ref idref="oc-3d6"/>
      </symbol>
      <symbol id="sm-5b4">
         <name>__mspabi_srli_2</name>
         <value>0x9bc8</value>
         <object_component_ref idref="oc-3d6"/>
      </symbol>
      <symbol id="sm-5b5">
         <name>__mspabi_srli_3</name>
         <value>0x9bc4</value>
         <object_component_ref idref="oc-3d6"/>
      </symbol>
      <symbol id="sm-5b6">
         <name>__mspabi_srli_1</name>
         <value>0x9bcc</value>
         <object_component_ref idref="oc-3d6"/>
      </symbol>
      <symbol id="sm-5b7">
         <name>__mspabi_srli</name>
         <value>0x9b86</value>
         <object_component_ref idref="oc-3d6"/>
      </symbol>
      <symbol id="sm-5b8">
         <name>__mspabi_srli_15</name>
         <value>0x9b94</value>
         <object_component_ref idref="oc-3d6"/>
      </symbol>
      <symbol id="sm-5b9">
         <name>__mspabi_srli_14</name>
         <value>0x9b98</value>
         <object_component_ref idref="oc-3d6"/>
      </symbol>
      <symbol id="sm-5ba">
         <name>__mspabi_srli_13</name>
         <value>0x9b9c</value>
         <object_component_ref idref="oc-3d6"/>
      </symbol>
      <symbol id="sm-5bb">
         <name>__mspabi_srli_12</name>
         <value>0x9ba0</value>
         <object_component_ref idref="oc-3d6"/>
      </symbol>
      <symbol id="sm-5bc">
         <name>__mspabi_srli_11</name>
         <value>0x9ba4</value>
         <object_component_ref idref="oc-3d6"/>
      </symbol>
      <symbol id="sm-5bd">
         <name>__mspabi_srli_10</name>
         <value>0x9ba8</value>
         <object_component_ref idref="oc-3d6"/>
      </symbol>
      <symbol id="sm-5c7">
         <name>__mspabi_srll</name>
         <value>0xa4f2</value>
         <object_component_ref idref="oc-32e"/>
      </symbol>
      <symbol id="sm-5d5">
         <name>memcpy</name>
         <value>0xa504</value>
         <object_component_ref idref="oc-91"/>
      </symbol>
      <symbol id="sm-622">
         <name>_sys_memory</name>
         <value>0x200</value>
         <object_component_ref idref="oc-8e"/>
      </symbol>
      <symbol id="sm-623">
         <name>free</name>
         <value>0x972c</value>
         <object_component_ref idref="oc-2ed"/>
      </symbol>
      <symbol id="sm-624">
         <name>malloc</name>
         <value>0x9286</value>
         <object_component_ref idref="oc-3c9"/>
      </symbol>
      <symbol id="sm-625">
         <name>minit</name>
         <value>0x9e74</value>
         <object_component_ref idref="oc-40d"/>
      </symbol>
      <symbol id="sm-630">
         <name>__mspabi_mpyi_sw</name>
         <value>0xa4cc</value>
         <object_component_ref idref="oc-2c1"/>
      </symbol>
      <symbol id="sm-631">
         <name>__mspabi_mpyi</name>
         <value>0xa4cc</value>
         <object_component_ref idref="oc-2c1"/>
      </symbol>
      <symbol id="sm-63a">
         <name>_system_pre_init</name>
         <value>0xa57c</value>
         <object_component_ref idref="oc-ca"/>
      </symbol>
      <symbol id="sm-649">
         <name>rand</name>
         <value>0x9eac</value>
         <object_component_ref idref="oc-353"/>
      </symbol>
      <symbol id="sm-656">
         <name>strlen</name>
         <value>0xa542</value>
         <object_component_ref idref="oc-335"/>
      </symbol>
      <symbol id="sm-66c">
         <name>_nop</name>
         <value>0xa584</value>
         <object_component_ref idref="oc-20c"/>
      </symbol>
      <symbol id="sm-66d">
         <name>_lock</name>
         <value>0x522</value>
         <object_component_ref idref="oc-14a"/>
      </symbol>
      <symbol id="sm-66e">
         <name>_unlock</name>
         <value>0x524</value>
         <object_component_ref idref="oc-153"/>
      </symbol>
      <symbol id="sm-687">
         <name>_auto_init</name>
         <value>0x9b2e</value>
         <object_component_ref idref="oc-d0"/>
      </symbol>
      <symbol id="sm-691">
         <name>__mspabi_mpyl_sw</name>
         <value>0xa322</value>
         <object_component_ref idref="oc-3b0"/>
      </symbol>
      <symbol id="sm-692">
         <name>__mspabi_mpyl</name>
         <value>0xa322</value>
         <object_component_ref idref="oc-3b0"/>
      </symbol>
      <symbol id="sm-695">
         <name>__TI_INITARRAY_Base</name>
         <value>0x0</value>
      </symbol>
      <symbol id="sm-696">
         <name>__TI_INITARRAY_Limit</name>
         <value>0x0</value>
      </symbol>
   </symbol_table>
   <title>Link successful</title>
</link_info>
