<?xml version="1.0"?>
<link_info>
   <banner>MSP430 Linker PC v4.4.7</banner>
   <copyright>Copyright (c) 2003-2015 Texas Instruments Incorporated</copyright>
   <link_time>0x5716e2f0</link_time>
   <link_errors>0x0</link_errors>
   <output_file>Lab09Snake.out</output_file>
   <entry_point>
      <name>_c_int00_noargs_noexit</name>
      <address>0xa21c</address>
   </entry_point>
   <input_file_list>
      <input_file id="fl-2">
         <path>.\</path>
         <kind>object</kind>
         <file>RBX430-1.obj</file>
         <name>RBX430-1.obj</name>
      </input_file>
      <input_file id="fl-3">
         <path>.\</path>
         <kind>object</kind>
         <file>RBX430_lcd.obj</file>
         <name>RBX430_lcd.obj</name>
      </input_file>
      <input_file id="fl-4">
         <path>.\</path>
         <kind>object</kind>
         <file>snake.obj</file>
         <name>snake.obj</name>
      </input_file>
      <input_file id="fl-5">
         <path>.\</path>
         <kind>object</kind>
         <file>snake_events.obj</file>
         <name>snake_events.obj</name>
      </input_file>
      <input_file id="fl-6">
         <path>.\</path>
         <kind>object</kind>
         <file>snake_images.obj</file>
         <name>snake_images.obj</name>
      </input_file>
      <input_file id="fl-7">
         <path>.\</path>
         <kind>object</kind>
         <file>snake_interrupts.obj</file>
         <name>snake_interrupts.obj</name>
      </input_file>
      <input_file id="fl-8">
         <path>.\</path>
         <kind>object</kind>
         <file>snakelib.obj</file>
         <name>snakelib.obj</name>
      </input_file>
      <input_file id="fl-37">
         <path>C:\ti\ccsv6\tools\compiler\ti-cgt-msp430_4.4.7\lib\</path>
         <kind>archive</kind>
         <file>rts430_eabi.lib</file>
         <name>boot.obj</name>
      </input_file>
      <input_file id="fl-38">
         <path>C:\ti\ccsv6\tools\compiler\ti-cgt-msp430_4.4.7\lib\</path>
         <kind>archive</kind>
         <file>rts430_eabi.lib</file>
         <name>boot_special.obj</name>
      </input_file>
      <input_file id="fl-39">
         <path>C:\ti\ccsv6\tools\compiler\ti-cgt-msp430_4.4.7\lib\</path>
         <kind>archive</kind>
         <file>rts430_eabi.lib</file>
         <name>copy_decompress_none.obj</name>
      </input_file>
      <input_file id="fl-3a">
         <path>C:\ti\ccsv6\tools\compiler\ti-cgt-msp430_4.4.7\lib\</path>
         <kind>archive</kind>
         <file>rts430_eabi.lib</file>
         <name>copy_decompress_rle.obj</name>
      </input_file>
      <input_file id="fl-3b">
         <path>C:\ti\ccsv6\tools\compiler\ti-cgt-msp430_4.4.7\lib\</path>
         <kind>archive</kind>
         <file>rts430_eabi.lib</file>
         <name>copy_zero_init.obj</name>
      </input_file>
      <input_file id="fl-3c">
         <path>C:\ti\ccsv6\tools\compiler\ti-cgt-msp430_4.4.7\lib\</path>
         <kind>archive</kind>
         <file>rts430_eabi.lib</file>
         <name>div16s.obj</name>
      </input_file>
      <input_file id="fl-3d">
         <path>C:\ti\ccsv6\tools\compiler\ti-cgt-msp430_4.4.7\lib\</path>
         <kind>archive</kind>
         <file>rts430_eabi.lib</file>
         <name>div16u.obj</name>
      </input_file>
      <input_file id="fl-3e">
         <path>C:\ti\ccsv6\tools\compiler\ti-cgt-msp430_4.4.7\lib\</path>
         <kind>archive</kind>
         <file>rts430_eabi.lib</file>
         <name>epilog.obj</name>
      </input_file>
      <input_file id="fl-3f">
         <path>C:\ti\ccsv6\tools\compiler\ti-cgt-msp430_4.4.7\lib\</path>
         <kind>archive</kind>
         <file>rts430_eabi.lib</file>
         <name>exit.obj</name>
      </input_file>
      <input_file id="fl-40">
         <path>C:\ti\ccsv6\tools\compiler\ti-cgt-msp430_4.4.7\lib\</path>
         <kind>archive</kind>
         <file>rts430_eabi.lib</file>
         <name>exit_gvars.obj</name>
      </input_file>
      <input_file id="fl-41">
         <path>C:\ti\ccsv6\tools\compiler\ti-cgt-msp430_4.4.7\lib\</path>
         <kind>archive</kind>
         <file>rts430_eabi.lib</file>
         <name>int03.obj</name>
      </input_file>
      <input_file id="fl-42">
         <path>C:\ti\ccsv6\tools\compiler\ti-cgt-msp430_4.4.7\lib\</path>
         <kind>archive</kind>
         <file>rts430_eabi.lib</file>
         <name>int06.obj</name>
      </input_file>
      <input_file id="fl-43">
         <path>C:\ti\ccsv6\tools\compiler\ti-cgt-msp430_4.4.7\lib\</path>
         <kind>archive</kind>
         <file>rts430_eabi.lib</file>
         <name>int07.obj</name>
      </input_file>
      <input_file id="fl-44">
         <path>C:\ti\ccsv6\tools\compiler\ti-cgt-msp430_4.4.7\lib\</path>
         <kind>archive</kind>
         <file>rts430_eabi.lib</file>
         <name>int08.obj</name>
      </input_file>
      <input_file id="fl-45">
         <path>C:\ti\ccsv6\tools\compiler\ti-cgt-msp430_4.4.7\lib\</path>
         <kind>archive</kind>
         <file>rts430_eabi.lib</file>
         <name>int09.obj</name>
      </input_file>
      <input_file id="fl-46">
         <path>C:\ti\ccsv6\tools\compiler\ti-cgt-msp430_4.4.7\lib\</path>
         <kind>archive</kind>
         <file>rts430_eabi.lib</file>
         <name>int12.obj</name>
      </input_file>
      <input_file id="fl-47">
         <path>C:\ti\ccsv6\tools\compiler\ti-cgt-msp430_4.4.7\lib\</path>
         <kind>archive</kind>
         <file>rts430_eabi.lib</file>
         <name>int13.obj</name>
      </input_file>
      <input_file id="fl-48">
         <path>C:\ti\ccsv6\tools\compiler\ti-cgt-msp430_4.4.7\lib\</path>
         <kind>archive</kind>
         <file>rts430_eabi.lib</file>
         <name>int14.obj</name>
      </input_file>
      <input_file id="fl-49">
         <path>C:\ti\ccsv6\tools\compiler\ti-cgt-msp430_4.4.7\lib\</path>
         <kind>archive</kind>
         <file>rts430_eabi.lib</file>
         <name>lsl16.obj</name>
      </input_file>
      <input_file id="fl-4a">
         <path>C:\ti\ccsv6\tools\compiler\ti-cgt-msp430_4.4.7\lib\</path>
         <kind>archive</kind>
         <file>rts430_eabi.lib</file>
         <name>lsr16.obj</name>
      </input_file>
      <input_file id="fl-4b">
         <path>C:\ti\ccsv6\tools\compiler\ti-cgt-msp430_4.4.7\lib\</path>
         <kind>archive</kind>
         <file>rts430_eabi.lib</file>
         <name>lsr32.obj</name>
      </input_file>
      <input_file id="fl-4c">
         <path>C:\ti\ccsv6\tools\compiler\ti-cgt-msp430_4.4.7\lib\</path>
         <kind>archive</kind>
         <file>rts430_eabi.lib</file>
         <name>memcpy.obj</name>
      </input_file>
      <input_file id="fl-4d">
         <path>C:\ti\ccsv6\tools\compiler\ti-cgt-msp430_4.4.7\lib\</path>
         <kind>archive</kind>
         <file>rts430_eabi.lib</file>
         <name>memory.obj</name>
      </input_file>
      <input_file id="fl-4e">
         <path>C:\ti\ccsv6\tools\compiler\ti-cgt-msp430_4.4.7\lib\</path>
         <kind>archive</kind>
         <file>rts430_eabi.lib</file>
         <name>mpu_init.obj</name>
      </input_file>
      <input_file id="fl-4f">
         <path>C:\ti\ccsv6\tools\compiler\ti-cgt-msp430_4.4.7\lib\</path>
         <kind>archive</kind>
         <file>rts430_eabi.lib</file>
         <name>mult16.obj</name>
      </input_file>
      <input_file id="fl-50">
         <path>C:\ti\ccsv6\tools\compiler\ti-cgt-msp430_4.4.7\lib\</path>
         <kind>archive</kind>
         <file>rts430_eabi.lib</file>
         <name>pre_init.obj</name>
      </input_file>
      <input_file id="fl-51">
         <path>C:\ti\ccsv6\tools\compiler\ti-cgt-msp430_4.4.7\lib\</path>
         <kind>archive</kind>
         <file>rts430_eabi.lib</file>
         <name>rand.obj</name>
      </input_file>
      <input_file id="fl-52">
         <path>C:\ti\ccsv6\tools\compiler\ti-cgt-msp430_4.4.7\lib\</path>
         <kind>archive</kind>
         <file>rts430_eabi.lib</file>
         <name>strlen.obj</name>
      </input_file>
      <input_file id="fl-53">
         <path>C:\ti\ccsv6\tools\compiler\ti-cgt-msp430_4.4.7\lib\</path>
         <kind>archive</kind>
         <file>rts430_eabi.lib</file>
         <name>_lock.obj</name>
      </input_file>
      <input_file id="fl-54">
         <path>C:\ti\ccsv6\tools\compiler\ti-cgt-msp430_4.4.7\lib\</path>
         <kind>archive</kind>
         <file>rts430_eabi.lib</file>
         <name>args_main.obj</name>
      </input_file>
      <input_file id="fl-55">
         <path>C:\ti\ccsv6\tools\compiler\ti-cgt-msp430_4.4.7\lib\</path>
         <kind>archive</kind>
         <file>rts430_eabi.lib</file>
         <name>autoinit.obj</name>
      </input_file>
      <input_file id="fl-56">
         <path>C:\ti\ccsv6\tools\compiler\ti-cgt-msp430_4.4.7\lib\</path>
         <kind>archive</kind>
         <file>rts430_eabi.lib</file>
         <name>mult32.obj</name>
      </input_file>
   </input_file_list>
   <object_component_list>
      <object_component id="oc-21e">
         <name>.common:i2c_fSCL</name>
         <uninitialized>true</uninitialized>
         <run_address>0x502</run_address>
         <size>0x2</size>
      </object_component>
      <object_component id="oc-232">
         <name>.common:lcd_dmode</name>
         <uninitialized>true</uninitialized>
         <run_address>0x515</run_address>
         <size>0x1</size>
      </object_component>
      <object_component id="oc-235">
         <name>.common:lcd_y</name>
         <uninitialized>true</uninitialized>
         <run_address>0x517</run_address>
         <size>0x1</size>
      </object_component>
      <object_component id="oc-236">
         <name>.common:lcd_x</name>
         <uninitialized>true</uninitialized>
         <run_address>0x516</run_address>
         <size>0x1</size>
      </object_component>
      <object_component id="oc-261">
         <name>.common:char_cnt</name>
         <uninitialized>true</uninitialized>
         <run_address>0x512</run_address>
         <size>0x1</size>
      </object_component>
      <object_component id="oc-135">
         <name>.common:sys_event</name>
         <uninitialized>true</uninitialized>
         <run_address>0x50e</run_address>
         <size>0x2</size>
      </object_component>
      <object_component id="oc-13f">
         <name>.common:game_mode</name>
         <uninitialized>true</uninitialized>
         <run_address>0x500</run_address>
         <size>0x2</size>
      </object_component>
      <object_component id="oc-285">
         <name>.common:score</name>
         <uninitialized>true</uninitialized>
         <run_address>0x508</run_address>
         <size>0x2</size>
      </object_component>
      <object_component id="oc-12e">
         <name>.common:seconds</name>
         <uninitialized>true</uninitialized>
         <run_address>0x50a</run_address>
         <size>0x2</size>
      </object_component>
      <object_component id="oc-141">
         <name>.common:move_cnt</name>
         <uninitialized>true</uninitialized>
         <run_address>0x506</run_address>
         <size>0x2</size>
      </object_component>
      <object_component id="oc-26e">
         <name>.common:level</name>
         <uninitialized>true</uninitialized>
         <run_address>0x518</run_address>
         <size>0x1</size>
      </object_component>
      <object_component id="oc-29c">
         <name>.common:direction</name>
         <uninitialized>true</uninitialized>
         <run_address>0x513</run_address>
         <size>0x1</size>
      </object_component>
      <object_component id="oc-29d">
         <name>.common:head</name>
         <uninitialized>true</uninitialized>
         <run_address>0x514</run_address>
         <size>0x1</size>
      </object_component>
      <object_component id="oc-2c0">
         <name>.common:tail</name>
         <uninitialized>true</uninitialized>
         <run_address>0x519</run_address>
         <size>0x1</size>
      </object_component>
      <object_component id="oc-29e">
         <name>.common:snake</name>
         <uninitialized>true</uninitialized>
         <run_address>0x3d0</run_address>
         <size>0x100</size>
      </object_component>
      <object_component id="oc-329">
         <name>.common:rocks</name>
         <uninitialized>true</uninitialized>
         <run_address>0x4e4</run_address>
         <size>0xa</size>
      </object_component>
      <object_component id="oc-2c2">
         <name>.common:foods</name>
         <uninitialized>true</uninitialized>
         <run_address>0x4d0</run_address>
         <size>0x14</size>
      </object_component>
      <object_component id="oc-2c1">
         <name>.common:foodEaten</name>
         <uninitialized>true</uninitialized>
         <run_address>0x4fe</run_address>
         <size>0x2</size>
      </object_component>
      <object_component id="oc-33d">
         <name>.common:currentRocks</name>
         <uninitialized>true</uninitialized>
         <run_address>0x4fc</run_address>
         <size>0x2</size>
      </object_component>
      <object_component id="oc-12d">
         <name>.common:WDT_cps_cnt</name>
         <uninitialized>true</uninitialized>
         <run_address>0x4f4</run_address>
         <size>0x2</size>
      </object_component>
      <object_component id="oc-140">
         <name>.common:WDT_move_cnt</name>
         <uninitialized>true</uninitialized>
         <run_address>0x4f8</run_address>
         <size>0x2</size>
      </object_component>
      <object_component id="oc-11f">
         <name>.common:WDT_debounce_cnt</name>
         <uninitialized>true</uninitialized>
         <run_address>0x4f6</run_address>
         <size>0x2</size>
      </object_component>
      <object_component id="oc-137">
         <name>.common:backlight_cnt</name>
         <uninitialized>true</uninitialized>
         <run_address>0x4fa</run_address>
         <size>0x2</size>
      </object_component>
      <object_component id="oc-13e">
         <name>.common:WDT_delay</name>
         <uninitialized>true</uninitialized>
         <run_address>0x4ee</run_address>
         <size>0x4</size>
      </object_component>
      <object_component id="oc-136">
         <name>.common:TB0_tone_on</name>
         <uninitialized>true</uninitialized>
         <run_address>0x4f2</run_address>
         <size>0x2</size>
      </object_component>
      <object_component id="oc-36c">
         <name>.common:sys_free</name>
         <uninitialized>true</uninitialized>
         <run_address>0x510</run_address>
         <size>0x2</size>
      </object_component>
      <object_component id="oc-404">
         <name>.common:sys_base</name>
         <uninitialized>true</uninitialized>
         <run_address>0x50c</run_address>
         <size>0x2</size>
      </object_component>
      <object_component id="oc-403">
         <name>.common:memsize</name>
         <uninitialized>true</uninitialized>
         <run_address>0x504</run_address>
         <size>0x2</size>
      </object_component>
      <object_component id="oc-8e">
         <name>.sysmem</name>
         <uninitialized>true</uninitialized>
         <run_address>0x200</run_address>
         <size>0x4</size>
         <input_file_ref idref="fl-4d"/>
      </object_component>
      <object_component id="oc-44c">
         <name>.sysmem</name>
         <uninitialized>true</uninitialized>
         <run_address>0x200</run_address>
         <size>0x0</size>
      </object_component>
      <object_component id="oc-8a">
         <name>.stack</name>
         <uninitialized>true</uninitialized>
         <run_address>0x584</run_address>
         <size>0x2</size>
         <input_file_ref idref="fl-37"/>
      </object_component>
      <object_component id="oc-44b">
         <name>.stack</name>
         <uninitialized>true</uninitialized>
         <run_address>0x584</run_address>
         <size>0x0</size>
      </object_component>
      <object_component id="oc-2ae">
         <name>.text:lcd_point</name>
         <load_address>0x8000</load_address>
         <run_address>0x8000</run_address>
         <size>0x246</size>
         <input_file_ref idref="fl-3"/>
      </object_component>
      <object_component id="oc-25b">
         <name>.text:my_printfi</name>
         <load_address>0x8246</load_address>
         <run_address>0x8246</run_address>
         <size>0x244</size>
         <input_file_ref idref="fl-3"/>
      </object_component>
      <object_component id="oc-1c6">
         <name>.text:MOVE_SNAKE_event</name>
         <load_address>0x848a</load_address>
         <run_address>0x848a</run_address>
         <size>0x1d6</size>
         <input_file_ref idref="fl-5"/>
      </object_component>
      <object_component id="oc-2a3">
         <name>.text:add_head</name>
         <load_address>0x8660</load_address>
         <run_address>0x8660</run_address>
         <size>0x1d0</size>
         <input_file_ref idref="fl-8"/>
      </object_component>
      <object_component id="oc-123">
         <name>.text:ERROR2</name>
         <load_address>0x8830</load_address>
         <run_address>0x8830</run_address>
         <size>0x198</size>
         <input_file_ref idref="fl-2"/>
      </object_component>
      <object_component id="oc-15f">
         <name>.text:lcd_init</name>
         <load_address>0x89c8</load_address>
         <run_address>0x89c8</run_address>
         <size>0x186</size>
         <input_file_ref idref="fl-3"/>
      </object_component>
      <object_component id="oc-ea">
         <name>.text:main</name>
         <load_address>0x8b4e</load_address>
         <run_address>0x8b4e</run_address>
         <size>0x168</size>
         <input_file_ref idref="fl-4"/>
      </object_component>
      <object_component id="oc-3f2">
         <name>.text:lcd_circle</name>
         <load_address>0x8cb6</load_address>
         <run_address>0x8cb6</run_address>
         <size>0x15a</size>
         <input_file_ref idref="fl-3"/>
      </object_component>
      <object_component id="oc-255">
         <name>.text:lcd_putchar</name>
         <load_address>0x8e10</load_address>
         <run_address>0x8e10</run_address>
         <size>0x132</size>
         <input_file_ref idref="fl-3"/>
      </object_component>
      <object_component id="oc-1a2">
         <name>.text:LCD_UPDATE_event</name>
         <load_address>0x8f42</load_address>
         <run_address>0x8f42</run_address>
         <size>0xd8</size>
         <input_file_ref idref="fl-5"/>
      </object_component>
      <object_component id="oc-180">
         <name>.text:lcd_wordImage</name>
         <load_address>0x901a</load_address>
         <run_address>0x901a</run_address>
         <size>0xd4</size>
         <input_file_ref idref="fl-3"/>
      </object_component>
      <object_component id="oc-bd">
         <name>.text:WDT_ISR</name>
         <load_address>0x90ee</load_address>
         <run_address>0x90ee</run_address>
         <size>0xc2</size>
         <input_file_ref idref="fl-7"/>
      </object_component>
      <object_component id="oc-159">
         <name>.text:RBX430_init</name>
         <load_address>0x91b0</load_address>
         <run_address>0x91b0</run_address>
         <size>0xc0</size>
         <input_file_ref idref="fl-2"/>
      </object_component>
      <object_component id="oc-39f">
         <name>.text:malloc</name>
         <load_address>0x9270</load_address>
         <run_address>0x9270</run_address>
         <size>0xae</size>
         <input_file_ref idref="fl-4d"/>
      </object_component>
      <object_component id="oc-3eb">
         <name>.text:lcd_star</name>
         <load_address>0x931e</load_address>
         <run_address>0x931e</run_address>
         <size>0xa8</size>
         <input_file_ref idref="fl-3"/>
      </object_component>
      <object_component id="oc-28f">
         <name>.text:spawnRocks</name>
         <load_address>0x93c6</load_address>
         <run_address>0x93c6</run_address>
         <size>0x98</size>
         <input_file_ref idref="fl-5"/>
      </object_component>
      <object_component id="oc-295">
         <name>.text:noCollideFood</name>
         <load_address>0x945e</load_address>
         <run_address>0x945e</run_address>
         <size>0x8c</size>
         <input_file_ref idref="fl-5"/>
      </object_component>
      <object_component id="oc-406">
         <name>.text:lcd_rectangle</name>
         <load_address>0x94ea</load_address>
         <run_address>0x94ea</run_address>
         <size>0x88</size>
         <input_file_ref idref="fl-3"/>
      </object_component>
      <object_component id="oc-1a8">
         <name>.text:START_LEVEL_event</name>
         <load_address>0x9572</load_address>
         <run_address>0x9572</run_address>
         <size>0x82</size>
         <input_file_ref idref="fl-5"/>
      </object_component>
      <object_component id="oc-2d5">
         <name>.text:free</name>
         <load_address>0x95f4</load_address>
         <run_address>0x95f4</run_address>
         <size>0x80</size>
         <input_file_ref idref="fl-4d"/>
      </object_component>
      <object_component id="oc-34b">
         <name>.text:createFood</name>
         <load_address>0x9674</load_address>
         <run_address>0x9674</run_address>
         <size>0x7e</size>
         <input_file_ref idref="fl-5"/>
      </object_component>
      <object_component id="oc-3f9">
         <name>.text:lcd_triangle</name>
         <load_address>0x96f2</load_address>
         <run_address>0x96f2</run_address>
         <size>0x7e</size>
         <input_file_ref idref="fl-3"/>
      </object_component>
      <object_component id="oc-1cc">
         <name>.text:END_GAME_event</name>
         <load_address>0x9770</load_address>
         <run_address>0x9770</run_address>
         <size>0x7a</size>
         <input_file_ref idref="fl-5"/>
      </object_component>
      <object_component id="oc-2cf">
         <name>.text:respawnFood</name>
         <load_address>0x97ea</load_address>
         <run_address>0x97ea</run_address>
         <size>0x76</size>
         <input_file_ref idref="fl-5"/>
      </object_component>
      <object_component id="oc-2b4">
         <name>.text:collisionWithROCK</name>
         <load_address>0x9860</load_address>
         <run_address>0x9860</run_address>
         <size>0x68</size>
         <input_file_ref idref="fl-5"/>
      </object_component>
      <object_component id="oc-9e">
         <name>.text:__TI_decompress_rle_core</name>
         <load_address>0x98c8</load_address>
         <run_address>0x98c8</run_address>
         <size>0x64</size>
         <input_file_ref idref="fl-3a"/>
      </object_component>
      <object_component id="oc-302">
         <name>.text:lcd_WD</name>
         <load_address>0x992c</load_address>
         <run_address>0x992c</run_address>
         <size>0x5e</size>
         <input_file_ref idref="fl-3"/>
      </object_component>
      <object_component id="oc-d0">
         <name>.text:_auto_init</name>
         <load_address>0x998a</load_address>
         <run_address>0x998a</run_address>
         <size>0x58</size>
         <input_file_ref idref="fl-55"/>
      </object_component>
      <object_component id="oc-3ac">
         <name>.text</name>
         <load_address>0x99e2</load_address>
         <run_address>0x99e2</run_address>
         <size>0x4c</size>
         <input_file_ref idref="fl-4a"/>
      </object_component>
      <object_component id="oc-196">
         <name>.text:NEXT_LEVEL_event</name>
         <load_address>0x9a2e</load_address>
         <run_address>0x9a2e</run_address>
         <size>0x4a</size>
         <input_file_ref idref="fl-5"/>
      </object_component>
      <object_component id="oc-2db">
         <name>.text:delete_tail</name>
         <load_address>0x9a78</load_address>
         <run_address>0x9a78</run_address>
         <size>0x4a</size>
         <input_file_ref idref="fl-8"/>
      </object_component>
      <object_component id="oc-308">
         <name>.text:lcd_WD2</name>
         <load_address>0x9ac2</load_address>
         <run_address>0x9ac2</run_address>
         <size>0x4a</size>
         <input_file_ref idref="fl-3"/>
      </object_component>
      <object_component id="oc-220">
         <name>.text:DelayMs</name>
         <load_address>0x9b0c</load_address>
         <run_address>0x9b0c</run_address>
         <size>0x46</size>
         <input_file_ref idref="fl-3"/>
      </object_component>
      <object_component id="oc-286">
         <name>.text:new_snake</name>
         <load_address>0x9b52</load_address>
         <run_address>0x9b52</run_address>
         <size>0x44</size>
         <input_file_ref idref="fl-8"/>
      </object_component>
      <object_component id="oc-1c0">
         <name>.text:SWITCH_1_event</name>
         <load_address>0x9b96</load_address>
         <run_address>0x9b96</run_address>
         <size>0x42</size>
         <input_file_ref idref="fl-5"/>
      </object_component>
      <object_component id="oc-344">
         <name>.text:createRock</name>
         <load_address>0x9bd8</load_address>
         <run_address>0x9bd8</run_address>
         <size>0x42</size>
         <input_file_ref idref="fl-5"/>
      </object_component>
      <object_component id="oc-37a">
         <name>.text:outTone</name>
         <load_address>0x9c1a</load_address>
         <run_address>0x9c1a</run_address>
         <size>0x40</size>
         <input_file_ref idref="fl-8"/>
      </object_component>
      <object_component id="oc-35a">
         <name>.text:ReadDataWord</name>
         <load_address>0x9c5a</load_address>
         <run_address>0x9c5a</run_address>
         <size>0x38</size>
         <input_file_ref idref="fl-3"/>
      </object_component>
      <object_component id="oc-3dc">
         <name>.text:minit</name>
         <load_address>0x9c92</load_address>
         <run_address>0x9c92</run_address>
         <size>0x38</size>
         <input_file_ref idref="fl-4d"/>
      </object_component>
      <object_component id="oc-332">
         <name>.text:rand</name>
         <load_address>0x9cca</load_address>
         <run_address>0x9cca</run_address>
         <size>0x38</size>
         <input_file_ref idref="fl-51"/>
      </object_component>
      <object_component id="oc-398">
         <name>.text:collisionWithFOOD</name>
         <load_address>0x9d02</load_address>
         <run_address>0x9d02</run_address>
         <size>0x36</size>
         <input_file_ref idref="fl-5"/>
      </object_component>
      <object_component id="oc-3b7">
         <name>.text:draw_circle_food</name>
         <load_address>0x9d38</load_address>
         <run_address>0x9d38</run_address>
         <size>0x36</size>
         <input_file_ref idref="fl-5"/>
      </object_component>
      <object_component id="oc-3c3">
         <name>.text:draw_square_food</name>
         <load_address>0x9d6e</load_address>
         <run_address>0x9d6e</run_address>
         <size>0x36</size>
         <input_file_ref idref="fl-5"/>
      </object_component>
      <object_component id="oc-3b1">
         <name>.text:draw_star_food</name>
         <load_address>0x9da4</load_address>
         <run_address>0x9da4</run_address>
         <size>0x36</size>
         <input_file_ref idref="fl-5"/>
      </object_component>
      <object_component id="oc-3bd">
         <name>.text:draw_triangle_food</name>
         <load_address>0x9dda</load_address>
         <run_address>0x9dda</run_address>
         <size>0x36</size>
         <input_file_ref idref="fl-5"/>
      </object_component>
      <object_component id="oc-24b">
         <name>.text:WriteDataWord</name>
         <load_address>0x9e10</load_address>
         <run_address>0x9e10</run_address>
         <size>0x34</size>
         <input_file_ref idref="fl-3"/>
      </object_component>
      <object_component id="oc-245">
         <name>.text:lcd_set_x_y</name>
         <load_address>0x9e44</load_address>
         <run_address>0x9e44</run_address>
         <size>0x34</size>
         <input_file_ref idref="fl-3"/>
      </object_component>
      <object_component id="oc-33e">
         <name>.text:checkCollision</name>
         <load_address>0x9e78</load_address>
         <run_address>0x9e78</run_address>
         <size>0x32</size>
         <input_file_ref idref="fl-5"/>
      </object_component>
      <object_component id="oc-3a5">
         <name>.text:draw_square_rock</name>
         <load_address>0x9eaa</load_address>
         <run_address>0x9eaa</run_address>
         <size>0x32</size>
         <input_file_ref idref="fl-5"/>
      </object_component>
      <object_component id="oc-392">
         <name>.text:collisionWithSNAKE</name>
         <load_address>0x9edc</load_address>
         <run_address>0x9edc</run_address>
         <size>0x30</size>
         <input_file_ref idref="fl-5"/>
      </object_component>
      <object_component id="oc-321">
         <name>.text:doDitty</name>
         <load_address>0x9f0c</load_address>
         <run_address>0x9f0c</run_address>
         <size>0x30</size>
         <input_file_ref idref="fl-8"/>
      </object_component>
      <object_component id="oc-189">
         <name>.text:lcd_cursor</name>
         <load_address>0x9f3c</load_address>
         <run_address>0x9f3c</run_address>
         <size>0x30</size>
         <input_file_ref idref="fl-3"/>
      </object_component>
      <object_component id="oc-23b">
         <name>.text:lcd_set</name>
         <load_address>0x9f6c</load_address>
         <run_address>0x9f6c</run_address>
         <size>0x2e</size>
         <input_file_ref idref="fl-3"/>
      </object_component>
      <object_component id="oc-165">
         <name>.text:port1_init</name>
         <load_address>0x9f9a</load_address>
         <run_address>0x9f9a</run_address>
         <size>0x2e</size>
         <input_file_ref idref="fl-7"/>
      </object_component>
      <object_component id="oc-b1">
         <name>.text:ISR_trap</name>
         <load_address>0x9fc8</load_address>
         <run_address>0x9fc8</run_address>
         <size>0x2c</size>
         <input_file_ref idref="fl-2"/>
      </object_component>
      <object_component id="oc-338">
         <name>.text</name>
         <load_address>0x9ff4</load_address>
         <run_address>0x9ff4</run_address>
         <size>0x2c</size>
         <input_file_ref idref="fl-3c"/>
      </object_component>
      <object_component id="oc-26f">
         <name>.text:freeAllFood</name>
         <load_address>0xa020</load_address>
         <run_address>0xa020</run_address>
         <size>0x2a</size>
         <input_file_ref idref="fl-5"/>
      </object_component>
      <object_component id="oc-275">
         <name>.text:freeAllRocks</name>
         <load_address>0xa04a</load_address>
         <run_address>0xa04a</run_address>
         <size>0x2a</size>
         <input_file_ref idref="fl-5"/>
      </object_component>
      <object_component id="oc-1ae">
         <name>.text:SWITCH_4_event</name>
         <load_address>0xa074</load_address>
         <run_address>0xa074</run_address>
         <size>0x28</size>
         <input_file_ref idref="fl-5"/>
      </object_component>
      <object_component id="oc-19c">
         <name>.text:NEW_GAME_event</name>
         <load_address>0xa09c</load_address>
         <run_address>0xa09c</run_address>
         <size>0x26</size>
         <input_file_ref idref="fl-5"/>
      </object_component>
      <object_component id="oc-1b4">
         <name>.text:SWITCH_3_event</name>
         <load_address>0xa0c2</load_address>
         <run_address>0xa0c2</run_address>
         <size>0x26</size>
         <input_file_ref idref="fl-5"/>
      </object_component>
      <object_component id="oc-2ba">
         <name>.text:collisionWithWALL</name>
         <load_address>0xa0e8</load_address>
         <run_address>0xa0e8</run_address>
         <size>0x26</size>
         <input_file_ref idref="fl-5"/>
      </object_component>
      <object_component id="oc-386">
         <name>.text</name>
         <load_address>0xa10e</load_address>
         <run_address>0xa10e</run_address>
         <size>0x26</size>
         <input_file_ref idref="fl-56"/>
      </object_component>
      <object_component id="oc-1ba">
         <name>.text:SWITCH_2_event</name>
         <load_address>0xa134</load_address>
         <run_address>0xa134</run_address>
         <size>0x24</size>
         <input_file_ref idref="fl-5"/>
      </object_component>
      <object_component id="oc-190">
         <name>.text:lcd_printf</name>
         <load_address>0xa158</load_address>
         <run_address>0xa158</run_address>
         <size>0x24</size>
         <input_file_ref idref="fl-3"/>
      </object_component>
      <object_component id="oc-171">
         <name>.text:watchdog_init</name>
         <load_address>0xa17c</load_address>
         <run_address>0xa17c</run_address>
         <size>0x24</size>
         <input_file_ref idref="fl-7"/>
      </object_component>
      <object_component id="oc-354">
         <name>.text:ReadData</name>
         <load_address>0xa1a0</load_address>
         <run_address>0xa1a0</run_address>
         <size>0x20</size>
         <input_file_ref idref="fl-3"/>
      </object_component>
      <object_component id="oc-3e3">
         <name>.text:lcd_square</name>
         <load_address>0xa1c0</load_address>
         <run_address>0xa1c0</run_address>
         <size>0x20</size>
         <input_file_ref idref="fl-3"/>
      </object_component>
      <object_component id="oc-226">
         <name>.text:WriteCmd</name>
         <load_address>0xa1e0</load_address>
         <run_address>0xa1e0</run_address>
         <size>0x1e</size>
         <input_file_ref idref="fl-3"/>
      </object_component>
      <object_component id="oc-22c">
         <name>.text:WriteData</name>
         <load_address>0xa1fe</load_address>
         <run_address>0xa1fe</run_address>
         <size>0x1e</size>
         <input_file_ref idref="fl-3"/>
      </object_component>
      <object_component id="oc-66">
         <name>.text:_c_int00_noargs_noexit</name>
         <load_address>0xa21c</load_address>
         <run_address>0xa21c</run_address>
         <size>0x1a</size>
         <input_file_ref idref="fl-38"/>
      </object_component>
      <object_component id="oc-16b">
         <name>.text:timerB_init</name>
         <load_address>0xa236</load_address>
         <run_address>0xa236</run_address>
         <size>0x1a</size>
         <input_file_ref idref="fl-8"/>
      </object_component>
      <object_component id="oc-ab">
         <name>.text:Port_1_ISR</name>
         <load_address>0xa250</load_address>
         <run_address>0xa250</run_address>
         <size>0x16</size>
         <input_file_ref idref="fl-7"/>
      </object_component>
      <object_component id="oc-38c">
         <name>.text</name>
         <load_address>0xa266</load_address>
         <run_address>0xa266</run_address>
         <size>0x16</size>
         <input_file_ref idref="fl-3d"/>
      </object_component>
      <object_component id="oc-2c9">
         <name>.text:beep</name>
         <load_address>0xa27c</load_address>
         <run_address>0xa27c</run_address>
         <size>0x14</size>
         <input_file_ref idref="fl-8"/>
      </object_component>
      <object_component id="oc-48">
         <name>.text:decompress:ZI:__TI_zero_init</name>
         <load_address>0xa290</load_address>
         <run_address>0xa290</run_address>
         <size>0x14</size>
         <input_file_ref idref="fl-3b"/>
      </object_component>
      <object_component id="oc-138">
         <name>.text:lcd_backlight</name>
         <load_address>0xa2a4</load_address>
         <run_address>0xa2a4</run_address>
         <size>0x14</size>
         <input_file_ref idref="fl-3"/>
      </object_component>
      <object_component id="oc-2a9">
         <name>.text</name>
         <load_address>0xa2b8</load_address>
         <run_address>0xa2b8</run_address>
         <size>0x14</size>
         <input_file_ref idref="fl-4f"/>
      </object_component>
      <object_component id="oc-31">
         <name>.text:decompress:none:__TI_decompress_none</name>
         <load_address>0xa2cc</load_address>
         <run_address>0xa2cc</run_address>
         <size>0x12</size>
         <input_file_ref idref="fl-39"/>
      </object_component>
      <object_component id="oc-310">
         <name>.text:l_lsr</name>
         <load_address>0xa2de</load_address>
         <run_address>0xa2de</run_address>
         <size>0x12</size>
         <input_file_ref idref="fl-4b"/>
      </object_component>
      <object_component id="oc-91">
         <name>.text:memcpy</name>
         <load_address>0xa2f0</load_address>
         <run_address>0xa2f0</run_address>
         <size>0x12</size>
         <input_file_ref idref="fl-4c"/>
      </object_component>
      <object_component id="oc-117">
         <name>.text</name>
         <load_address>0xa302</load_address>
         <run_address>0xa302</run_address>
         <size>0x10</size>
         <input_file_ref idref="fl-3e"/>
      </object_component>
      <object_component id="oc-268">
         <name>.text:charge</name>
         <load_address>0xa312</load_address>
         <run_address>0xa312</run_address>
         <size>0xe</size>
         <input_file_ref idref="fl-8"/>
      </object_component>
      <object_component id="oc-27e">
         <name>.text:imperial_march</name>
         <load_address>0xa320</load_address>
         <run_address>0xa320</run_address>
         <size>0xe</size>
         <input_file_ref idref="fl-8"/>
      </object_component>
      <object_component id="oc-317">
         <name>.text:strlen</name>
         <load_address>0xa32e</load_address>
         <run_address>0xa32e</run_address>
         <size>0xe</size>
         <input_file_ref idref="fl-52"/>
      </object_component>
      <object_component id="oc-177">
         <name>.text:lcd_clear</name>
         <load_address>0xa33c</load_address>
         <run_address>0xa33c</run_address>
         <size>0xa</size>
         <input_file_ref idref="fl-3"/>
      </object_component>
      <object_component id="oc-b7">
         <name>.text:ADC10_ISR</name>
         <load_address>0xa346</load_address>
         <run_address>0xa346</run_address>
         <size>0x8</size>
         <input_file_ref idref="fl-2"/>
      </object_component>
      <object_component id="oc-2c3">
         <name>.text:blink</name>
         <load_address>0xa34e</load_address>
         <run_address>0xa34e</run_address>
         <size>0x8</size>
         <input_file_ref idref="fl-8"/>
      </object_component>
      <object_component id="oc-37">
         <name>.text:decompress:rle24:__TI_decompress_rle24</name>
         <load_address>0xa356</load_address>
         <run_address>0xa356</run_address>
         <size>0x6</size>
         <input_file_ref idref="fl-3a"/>
      </object_component>
      <object_component id="oc-ca">
         <name>.text:_system_pre_init</name>
         <load_address>0xa35c</load_address>
         <run_address>0xa35c</run_address>
         <size>0x4</size>
         <input_file_ref idref="fl-50"/>
      </object_component>
      <object_component id="oc-f2">
         <name>.text:abort</name>
         <load_address>0xa360</load_address>
         <run_address>0xa360</run_address>
         <size>0x4</size>
         <input_file_ref idref="fl-3f"/>
      </object_component>
      <object_component id="oc-20c">
         <name>.text:_nop</name>
         <load_address>0xa364</load_address>
         <run_address>0xa364</run_address>
         <size>0x2</size>
         <input_file_ref idref="fl-53"/>
      </object_component>
      <object_component id="oc-44a">
         <name>.cinit..data.load</name>
         <load_address>0xc27c</load_address>
         <run_address>0xc27c</run_address>
         <size>0xe</size>
      </object_component>
      <object_component id="oc-447">
         <name>__TI_handler_table</name>
         <load_address>0xc28a</load_address>
         <run_address>0xc28a</run_address>
         <size>0x6</size>
      </object_component>
      <object_component id="oc-449">
         <name>.cinit..bss.load</name>
         <load_address>0xc290</load_address>
         <run_address>0xc290</run_address>
         <size>0x4</size>
      </object_component>
      <object_component id="oc-448">
         <name>__TI_cinit_table</name>
         <load_address>0xc294</load_address>
         <run_address>0xc294</run_address>
         <size>0x8</size>
      </object_component>
      <object_component id="oc-27b">
         <name>.const:king_snake_image</name>
         <load_address>0xa366</load_address>
         <run_address>0xa366</run_address>
         <size>0xf28</size>
         <input_file_ref idref="fl-6"/>
      </object_component>
      <object_component id="oc-17d">
         <name>.const:snake1_image</name>
         <load_address>0xb28e</load_address>
         <run_address>0xb28e</run_address>
         <size>0x682</size>
         <input_file_ref idref="fl-6"/>
      </object_component>
      <object_component id="oc-186">
         <name>.const:snake_text_image</name>
         <load_address>0xb910</load_address>
         <run_address>0xb910</run_address>
         <size>0x49e</size>
         <input_file_ref idref="fl-6"/>
      </object_component>
      <object_component id="oc-2ff">
         <name>.const:cs</name>
         <load_address>0xbdae</load_address>
         <run_address>0xbdae</run_address>
         <size>0x1e0</size>
         <input_file_ref idref="fl-3"/>
      </object_component>
      <object_component id="oc-32d">
         <name>.const:imperial_march_notes</name>
         <load_address>0xbf8e</load_address>
         <run_address>0xbf8e</run_address>
         <size>0x118</size>
         <input_file_ref idref="fl-8"/>
      </object_component>
      <object_component id="oc-28d">
         <name>.const:.string</name>
         <load_address>0xc0a6</load_address>
         <run_address>0xc0a6</run_address>
         <size>0xa8</size>
         <input_file_ref idref="fl-5"/>
      </object_component>
      <object_component id="oc-2fa">
         <name>.const:.string:dv3</name>
         <load_address>0xc14e</load_address>
         <run_address>0xc14e</run_address>
         <size>0xa2</size>
         <input_file_ref idref="fl-3"/>
      </object_component>
      <object_component id="oc-30f">
         <name>.const:dv$3</name>
         <load_address>0xc1f0</load_address>
         <run_address>0xc1f0</run_address>
         <size>0x2c</size>
         <input_file_ref idref="fl-3"/>
      </object_component>
      <object_component id="oc-18f">
         <name>.const:.string</name>
         <load_address>0xc21c</load_address>
         <run_address>0xc21c</run_address>
         <size>0x18</size>
         <input_file_ref idref="fl-4"/>
      </object_component>
      <object_component id="oc-31e">
         <name>.const:Charge</name>
         <load_address>0xc234</load_address>
         <run_address>0xc234</run_address>
         <size>0x18</size>
         <input_file_ref idref="fl-8"/>
      </object_component>
      <object_component id="oc-315">
         <name>.const:.string:lHexChar$1</name>
         <load_address>0xc24c</load_address>
         <run_address>0xc24c</run_address>
         <size>0x11</size>
         <input_file_ref idref="fl-3"/>
      </object_component>
      <object_component id="oc-316">
         <name>.const:.string:uHexChar$2</name>
         <load_address>0xc25e</load_address>
         <run_address>0xc25e</run_address>
         <size>0x11</size>
         <input_file_ref idref="fl-3"/>
      </object_component>
      <object_component id="oc-360">
         <name>.const:px_off</name>
         <load_address>0xc270</load_address>
         <run_address>0xc270</run_address>
         <size>0x6</size>
         <input_file_ref idref="fl-3"/>
      </object_component>
      <object_component id="oc-363">
         <name>.const:px_on</name>
         <load_address>0xc276</load_address>
         <run_address>0xc276</run_address>
         <size>0x6</size>
         <input_file_ref idref="fl-3"/>
      </object_component>
      <object_component id="oc-3d">
         <name>.int02</name>
         <load_address>0xffe4</load_address>
         <run_address>0xffe4</run_address>
         <size>0x2</size>
         <input_file_ref idref="fl-7"/>
      </object_component>
      <object_component id="oc-3e">
         <name>.int03</name>
         <load_address>0xffe6</load_address>
         <run_address>0xffe6</run_address>
         <size>0x2</size>
         <input_file_ref idref="fl-41"/>
      </object_component>
      <object_component id="oc-3f">
         <name>.int05</name>
         <load_address>0xffea</load_address>
         <run_address>0xffea</run_address>
         <size>0x2</size>
         <input_file_ref idref="fl-2"/>
      </object_component>
      <object_component id="oc-40">
         <name>.int06</name>
         <load_address>0xffec</load_address>
         <run_address>0xffec</run_address>
         <size>0x2</size>
         <input_file_ref idref="fl-42"/>
      </object_component>
      <object_component id="oc-41">
         <name>.int07</name>
         <load_address>0xffee</load_address>
         <run_address>0xffee</run_address>
         <size>0x2</size>
         <input_file_ref idref="fl-43"/>
      </object_component>
      <object_component id="oc-42">
         <name>.int08</name>
         <load_address>0xfff0</load_address>
         <run_address>0xfff0</run_address>
         <size>0x2</size>
         <input_file_ref idref="fl-44"/>
      </object_component>
      <object_component id="oc-43">
         <name>.int09</name>
         <load_address>0xfff2</load_address>
         <run_address>0xfff2</run_address>
         <size>0x2</size>
         <input_file_ref idref="fl-45"/>
      </object_component>
      <object_component id="oc-44">
         <name>.int10</name>
         <load_address>0xfff4</load_address>
         <run_address>0xfff4</run_address>
         <size>0x2</size>
         <input_file_ref idref="fl-7"/>
      </object_component>
      <object_component id="oc-45">
         <name>.int12</name>
         <load_address>0xfff8</load_address>
         <run_address>0xfff8</run_address>
         <size>0x2</size>
         <input_file_ref idref="fl-46"/>
      </object_component>
      <object_component id="oc-46">
         <name>.int13</name>
         <load_address>0xfffa</load_address>
         <run_address>0xfffa</run_address>
         <size>0x2</size>
         <input_file_ref idref="fl-47"/>
      </object_component>
      <object_component id="oc-47">
         <name>.int14</name>
         <load_address>0xfffc</load_address>
         <run_address>0xfffc</run_address>
         <size>0x2</size>
         <input_file_ref idref="fl-48"/>
      </object_component>
      <object_component id="oc-8d">
         <name>.reset</name>
         <load_address>0xfffe</load_address>
         <run_address>0xfffe</run_address>
         <size>0x2</size>
         <input_file_ref idref="fl-37"/>
      </object_component>
      <object_component id="oc-3d9">
         <name>.data</name>
         <load_address>0x522</load_address>
         <run_address>0x522</run_address>
         <size>0x2</size>
         <input_file_ref idref="fl-4d"/>
      </object_component>
      <object_component id="oc-383">
         <name>.data</name>
         <load_address>0x51a</load_address>
         <run_address>0x51a</run_address>
         <size>0x4</size>
         <input_file_ref idref="fl-51"/>
      </object_component>
      <object_component id="oc-14a">
         <name>.data:_lock</name>
         <load_address>0x51e</load_address>
         <run_address>0x51e</run_address>
         <size>0x2</size>
         <input_file_ref idref="fl-53"/>
      </object_component>
      <object_component id="oc-153">
         <name>.data:_unlock</name>
         <load_address>0x520</load_address>
         <run_address>0x520</run_address>
         <size>0x2</size>
         <input_file_ref idref="fl-53"/>
      </object_component>
      <object_component id="oc-12a">
         <name>.debug_info</name>
         <load_address>0x0</load_address>
         <run_address>0x0</run_address>
         <size>0x5ca</size>
         <input_file_ref idref="fl-2"/>
      </object_component>
      <object_component id="oc-15a">
         <name>.debug_info</name>
         <load_address>0x5ca</load_address>
         <run_address>0x5ca</run_address>
         <size>0x127</size>
         <input_file_ref idref="fl-2"/>
      </object_component>
      <object_component id="oc-124">
         <name>.debug_info</name>
         <load_address>0x6f1</load_address>
         <run_address>0x6f1</run_address>
         <size>0x16f</size>
         <input_file_ref idref="fl-2"/>
      </object_component>
      <object_component id="oc-b9">
         <name>.debug_info</name>
         <load_address>0x860</load_address>
         <run_address>0x860</run_address>
         <size>0x103</size>
         <input_file_ref idref="fl-2"/>
      </object_component>
      <object_component id="oc-b3">
         <name>.debug_info</name>
         <load_address>0x963</load_address>
         <run_address>0x963</run_address>
         <size>0x139</size>
         <input_file_ref idref="fl-2"/>
      </object_component>
      <object_component id="oc-1e5">
         <name>.debug_info</name>
         <load_address>0xa9c</load_address>
         <run_address>0xa9c</run_address>
         <size>0x17d</size>
         <input_file_ref idref="fl-2"/>
      </object_component>
      <object_component id="oc-100">
         <name>.debug_info</name>
         <load_address>0xc19</load_address>
         <run_address>0xc19</run_address>
         <size>0x84</size>
         <input_file_ref idref="fl-2"/>
      </object_component>
      <object_component id="oc-233">
         <name>.debug_info</name>
         <load_address>0xc9d</load_address>
         <run_address>0xc9d</run_address>
         <size>0x4df</size>
         <input_file_ref idref="fl-3"/>
      </object_component>
      <object_component id="oc-2fb">
         <name>.debug_info</name>
         <load_address>0x117c</load_address>
         <run_address>0x117c</run_address>
         <size>0xc4</size>
         <input_file_ref idref="fl-3"/>
      </object_component>
      <object_component id="oc-364">
         <name>.debug_info</name>
         <load_address>0x1240</load_address>
         <run_address>0x1240</run_address>
         <size>0xc8</size>
         <input_file_ref idref="fl-3"/>
      </object_component>
      <object_component id="oc-361">
         <name>.debug_info</name>
         <load_address>0x1308</load_address>
         <run_address>0x1308</run_address>
         <size>0xca</size>
         <input_file_ref idref="fl-3"/>
      </object_component>
      <object_component id="oc-300">
         <name>.debug_info</name>
         <load_address>0x13d2</load_address>
         <run_address>0x13d2</run_address>
         <size>0xc2</size>
         <input_file_ref idref="fl-3"/>
      </object_component>
      <object_component id="oc-160">
         <name>.debug_info</name>
         <load_address>0x1494</load_address>
         <run_address>0x1494</run_address>
         <size>0x349</size>
         <input_file_ref idref="fl-3"/>
      </object_component>
      <object_component id="oc-227">
         <name>.debug_info</name>
         <load_address>0x17dd</load_address>
         <run_address>0x17dd</run_address>
         <size>0x118</size>
         <input_file_ref idref="fl-3"/>
      </object_component>
      <object_component id="oc-355">
         <name>.debug_info</name>
         <load_address>0x18f5</load_address>
         <run_address>0x18f5</run_address>
         <size>0x106</size>
         <input_file_ref idref="fl-3"/>
      </object_component>
      <object_component id="oc-22d">
         <name>.debug_info</name>
         <load_address>0x19fb</load_address>
         <run_address>0x19fb</run_address>
         <size>0x11a</size>
         <input_file_ref idref="fl-3"/>
      </object_component>
      <object_component id="oc-35b">
         <name>.debug_info</name>
         <load_address>0x1b15</load_address>
         <run_address>0x1b15</run_address>
         <size>0x11f</size>
         <input_file_ref idref="fl-3"/>
      </object_component>
      <object_component id="oc-24c">
         <name>.debug_info</name>
         <load_address>0x1c34</load_address>
         <run_address>0x1c34</run_address>
         <size>0x12f</size>
         <input_file_ref idref="fl-3"/>
      </object_component>
      <object_component id="oc-221">
         <name>.debug_info</name>
         <load_address>0x1d63</load_address>
         <run_address>0x1d63</run_address>
         <size>0x17f</size>
         <input_file_ref idref="fl-3"/>
      </object_component>
      <object_component id="oc-246">
         <name>.debug_info</name>
         <load_address>0x1ee2</load_address>
         <run_address>0x1ee2</run_address>
         <size>0x196</size>
         <input_file_ref idref="fl-3"/>
      </object_component>
      <object_component id="oc-178">
         <name>.debug_info</name>
         <load_address>0x2078</load_address>
         <run_address>0x2078</run_address>
         <size>0x116</size>
         <input_file_ref idref="fl-3"/>
      </object_component>
      <object_component id="oc-23c">
         <name>.debug_info</name>
         <load_address>0x218e</load_address>
         <run_address>0x218e</run_address>
         <size>0x16a</size>
         <input_file_ref idref="fl-3"/>
      </object_component>
      <object_component id="oc-2af">
         <name>.debug_info</name>
         <load_address>0x22f8</load_address>
         <run_address>0x22f8</run_address>
         <size>0x3af</size>
         <input_file_ref idref="fl-3"/>
      </object_component>
      <object_component id="oc-181">
         <name>.debug_info</name>
         <load_address>0x26a7</load_address>
         <run_address>0x26a7</run_address>
         <size>0x28a</size>
         <input_file_ref idref="fl-3"/>
      </object_component>
      <object_component id="oc-139">
         <name>.debug_info</name>
         <load_address>0x2931</load_address>
         <run_address>0x2931</run_address>
         <size>0x146</size>
         <input_file_ref idref="fl-3"/>
      </object_component>
      <object_component id="oc-3f3">
         <name>.debug_info</name>
         <load_address>0x2a77</load_address>
         <run_address>0x2a77</run_address>
         <size>0x25e</size>
         <input_file_ref idref="fl-3"/>
      </object_component>
      <object_component id="oc-3e4">
         <name>.debug_info</name>
         <load_address>0x2cd5</load_address>
         <run_address>0x2cd5</run_address>
         <size>0x170</size>
         <input_file_ref idref="fl-3"/>
      </object_component>
      <object_component id="oc-3ec">
         <name>.debug_info</name>
         <load_address>0x2e45</load_address>
         <run_address>0x2e45</run_address>
         <size>0x217</size>
         <input_file_ref idref="fl-3"/>
      </object_component>
      <object_component id="oc-3fa">
         <name>.debug_info</name>
         <load_address>0x305c</load_address>
         <run_address>0x305c</run_address>
         <size>0x1c4</size>
         <input_file_ref idref="fl-3"/>
      </object_component>
      <object_component id="oc-407">
         <name>.debug_info</name>
         <load_address>0x3220</load_address>
         <run_address>0x3220</run_address>
         <size>0x1ed</size>
         <input_file_ref idref="fl-3"/>
      </object_component>
      <object_component id="oc-18a">
         <name>.debug_info</name>
         <load_address>0x340d</load_address>
         <run_address>0x340d</run_address>
         <size>0x13a</size>
         <input_file_ref idref="fl-3"/>
      </object_component>
      <object_component id="oc-303">
         <name>.debug_info</name>
         <load_address>0x3547</load_address>
         <run_address>0x3547</run_address>
         <size>0x15e</size>
         <input_file_ref idref="fl-3"/>
      </object_component>
      <object_component id="oc-309">
         <name>.debug_info</name>
         <load_address>0x36a5</load_address>
         <run_address>0x36a5</run_address>
         <size>0x163</size>
         <input_file_ref idref="fl-3"/>
      </object_component>
      <object_component id="oc-256">
         <name>.debug_info</name>
         <load_address>0x3808</load_address>
         <run_address>0x3808</run_address>
         <size>0x1d6</size>
         <input_file_ref idref="fl-3"/>
      </object_component>
      <object_component id="oc-25c">
         <name>.debug_info</name>
         <load_address>0x39de</load_address>
         <run_address>0x39de</run_address>
         <size>0x32e</size>
         <input_file_ref idref="fl-3"/>
      </object_component>
      <object_component id="oc-191">
         <name>.debug_info</name>
         <load_address>0x3d0c</load_address>
         <run_address>0x3d0c</run_address>
         <size>0x185</size>
         <input_file_ref idref="fl-3"/>
      </object_component>
      <object_component id="oc-2f2">
         <name>.debug_info</name>
         <load_address>0x3e91</load_address>
         <run_address>0x3e91</run_address>
         <size>0xc8</size>
         <input_file_ref idref="fl-3"/>
      </object_component>
      <object_component id="oc-263">
         <name>.debug_info</name>
         <load_address>0x3f59</load_address>
         <run_address>0x3f59</run_address>
         <size>0x2c</size>
         <input_file_ref idref="fl-3"/>
      </object_component>
      <object_component id="oc-12f">
         <name>.debug_info</name>
         <load_address>0x3f85</load_address>
         <run_address>0x3f85</run_address>
         <size>0x76e</size>
         <input_file_ref idref="fl-4"/>
      </object_component>
      <object_component id="oc-eb">
         <name>.debug_info</name>
         <load_address>0x46f3</load_address>
         <run_address>0x46f3</run_address>
         <size>0x2d9</size>
         <input_file_ref idref="fl-4"/>
      </object_component>
      <object_component id="oc-1e0">
         <name>.debug_info</name>
         <load_address>0x49cc</load_address>
         <run_address>0x49cc</run_address>
         <size>0x233</size>
         <input_file_ref idref="fl-4"/>
      </object_component>
      <object_component id="oc-1f1">
         <name>.debug_info</name>
         <load_address>0x4bff</load_address>
         <run_address>0x4bff</run_address>
         <size>0x110</size>
         <input_file_ref idref="fl-4"/>
      </object_component>
      <object_component id="oc-1f8">
         <name>.debug_info</name>
         <load_address>0x4d0f</load_address>
         <run_address>0x4d0f</run_address>
         <size>0x99</size>
         <input_file_ref idref="fl-4"/>
      </object_component>
      <object_component id="oc-131">
         <name>.debug_info</name>
         <load_address>0x4da8</load_address>
         <run_address>0x4da8</run_address>
         <size>0x6df</size>
         <input_file_ref idref="fl-5"/>
      </object_component>
      <object_component id="oc-3c5">
         <name>.debug_info</name>
         <load_address>0x5487</load_address>
         <run_address>0x5487</run_address>
         <size>0x196</size>
         <input_file_ref idref="fl-5"/>
      </object_component>
      <object_component id="oc-3b3">
         <name>.debug_info</name>
         <load_address>0x561d</load_address>
         <run_address>0x561d</run_address>
         <size>0x190</size>
         <input_file_ref idref="fl-5"/>
      </object_component>
      <object_component id="oc-3b9">
         <name>.debug_info</name>
         <load_address>0x57ad</load_address>
         <run_address>0x57ad</run_address>
         <size>0x196</size>
         <input_file_ref idref="fl-5"/>
      </object_component>
      <object_component id="oc-3bf">
         <name>.debug_info</name>
         <load_address>0x5943</load_address>
         <run_address>0x5943</run_address>
         <size>0x19c</size>
         <input_file_ref idref="fl-5"/>
      </object_component>
      <object_component id="oc-3a7">
         <name>.debug_info</name>
         <load_address>0x5adf</load_address>
         <run_address>0x5adf</run_address>
         <size>0x178</size>
         <input_file_ref idref="fl-5"/>
      </object_component>
      <object_component id="oc-394">
         <name>.debug_info</name>
         <load_address>0x5c57</load_address>
         <run_address>0x5c57</run_address>
         <size>0x15c</size>
         <input_file_ref idref="fl-5"/>
      </object_component>
      <object_component id="oc-39a">
         <name>.debug_info</name>
         <load_address>0x5db3</load_address>
         <run_address>0x5db3</run_address>
         <size>0x15a</size>
         <input_file_ref idref="fl-5"/>
      </object_component>
      <object_component id="oc-2b6">
         <name>.debug_info</name>
         <load_address>0x5f0d</load_address>
         <run_address>0x5f0d</run_address>
         <size>0x1aa</size>
         <input_file_ref idref="fl-5"/>
      </object_component>
      <object_component id="oc-2bb">
         <name>.debug_info</name>
         <load_address>0x60b7</load_address>
         <run_address>0x60b7</run_address>
         <size>0x139</size>
         <input_file_ref idref="fl-5"/>
      </object_component>
      <object_component id="oc-33f">
         <name>.debug_info</name>
         <load_address>0x61f0</load_address>
         <run_address>0x61f0</run_address>
         <size>0x187</size>
         <input_file_ref idref="fl-5"/>
      </object_component>
      <object_component id="oc-345">
         <name>.debug_info</name>
         <load_address>0x6377</load_address>
         <run_address>0x6377</run_address>
         <size>0x184</size>
         <input_file_ref idref="fl-5"/>
      </object_component>
      <object_component id="oc-290">
         <name>.debug_info</name>
         <load_address>0x64fb</load_address>
         <run_address>0x64fb</run_address>
         <size>0x203</size>
         <input_file_ref idref="fl-5"/>
      </object_component>
      <object_component id="oc-276">
         <name>.debug_info</name>
         <load_address>0x66fe</load_address>
         <run_address>0x66fe</run_address>
         <size>0x12b</size>
         <input_file_ref idref="fl-5"/>
      </object_component>
      <object_component id="oc-34c">
         <name>.debug_info</name>
         <load_address>0x6829</load_address>
         <run_address>0x6829</run_address>
         <size>0x1a6</size>
         <input_file_ref idref="fl-5"/>
      </object_component>
      <object_component id="oc-270">
         <name>.debug_info</name>
         <load_address>0x69cf</load_address>
         <run_address>0x69cf</run_address>
         <size>0x129</size>
         <input_file_ref idref="fl-5"/>
      </object_component>
      <object_component id="oc-2d0">
         <name>.debug_info</name>
         <load_address>0x6af8</load_address>
         <run_address>0x6af8</run_address>
         <size>0x1fc</size>
         <input_file_ref idref="fl-5"/>
      </object_component>
      <object_component id="oc-296">
         <name>.debug_info</name>
         <load_address>0x6cf4</load_address>
         <run_address>0x6cf4</run_address>
         <size>0x220</size>
         <input_file_ref idref="fl-5"/>
      </object_component>
      <object_component id="oc-1c8">
         <name>.debug_info</name>
         <load_address>0x6f14</load_address>
         <run_address>0x6f14</run_address>
         <size>0x263</size>
         <input_file_ref idref="fl-5"/>
      </object_component>
      <object_component id="oc-19e">
         <name>.debug_info</name>
         <load_address>0x7177</load_address>
         <run_address>0x7177</run_address>
         <size>0x12c</size>
         <input_file_ref idref="fl-5"/>
      </object_component>
      <object_component id="oc-1aa">
         <name>.debug_info</name>
         <load_address>0x72a3</load_address>
         <run_address>0x72a3</run_address>
         <size>0x1b5</size>
         <input_file_ref idref="fl-5"/>
      </object_component>
      <object_component id="oc-198">
         <name>.debug_info</name>
         <load_address>0x7458</load_address>
         <run_address>0x7458</run_address>
         <size>0x17b</size>
         <input_file_ref idref="fl-5"/>
      </object_component>
      <object_component id="oc-1ce">
         <name>.debug_info</name>
         <load_address>0x75d3</load_address>
         <run_address>0x75d3</run_address>
         <size>0x1c9</size>
         <input_file_ref idref="fl-5"/>
      </object_component>
      <object_component id="oc-1c2">
         <name>.debug_info</name>
         <load_address>0x779c</load_address>
         <run_address>0x779c</run_address>
         <size>0x11c</size>
         <input_file_ref idref="fl-5"/>
      </object_component>
      <object_component id="oc-1bc">
         <name>.debug_info</name>
         <load_address>0x78b8</load_address>
         <run_address>0x78b8</run_address>
         <size>0x11c</size>
         <input_file_ref idref="fl-5"/>
      </object_component>
      <object_component id="oc-1b6">
         <name>.debug_info</name>
         <load_address>0x79d4</load_address>
         <run_address>0x79d4</run_address>
         <size>0x11c</size>
         <input_file_ref idref="fl-5"/>
      </object_component>
      <object_component id="oc-1b0">
         <name>.debug_info</name>
         <load_address>0x7af0</load_address>
         <run_address>0x7af0</run_address>
         <size>0x11c</size>
         <input_file_ref idref="fl-5"/>
      </object_component>
      <object_component id="oc-1a4">
         <name>.debug_info</name>
         <load_address>0x7c0c</load_address>
         <run_address>0x7c0c</run_address>
         <size>0x230</size>
         <input_file_ref idref="fl-5"/>
      </object_component>
      <object_component id="oc-244">
         <name>.debug_info</name>
         <load_address>0x7e3c</load_address>
         <run_address>0x7e3c</run_address>
         <size>0xed</size>
         <input_file_ref idref="fl-6"/>
      </object_component>
      <object_component id="oc-17e">
         <name>.debug_info</name>
         <load_address>0x7f29</load_address>
         <run_address>0x7f29</run_address>
         <size>0xdb</size>
         <input_file_ref idref="fl-6"/>
      </object_component>
      <object_component id="oc-187">
         <name>.debug_info</name>
         <load_address>0x8004</load_address>
         <run_address>0x8004</run_address>
         <size>0xe3</size>
         <input_file_ref idref="fl-6"/>
      </object_component>
      <object_component id="oc-27c">
         <name>.debug_info</name>
         <load_address>0x80e7</load_address>
         <run_address>0x80e7</run_address>
         <size>0xe3</size>
         <input_file_ref idref="fl-6"/>
      </object_component>
      <object_component id="oc-120">
         <name>.debug_info</name>
         <load_address>0x81ca</load_address>
         <run_address>0x81ca</run_address>
         <size>0x5c7</size>
         <input_file_ref idref="fl-7"/>
      </object_component>
      <object_component id="oc-173">
         <name>.debug_info</name>
         <load_address>0x8791</load_address>
         <run_address>0x8791</run_address>
         <size>0x151</size>
         <input_file_ref idref="fl-7"/>
      </object_component>
      <object_component id="oc-167">
         <name>.debug_info</name>
         <load_address>0x88e2</load_address>
         <run_address>0x88e2</run_address>
         <size>0x121</size>
         <input_file_ref idref="fl-7"/>
      </object_component>
      <object_component id="oc-ad">
         <name>.debug_info</name>
         <load_address>0x8a03</load_address>
         <run_address>0x8a03</run_address>
         <size>0x11e</size>
         <input_file_ref idref="fl-7"/>
      </object_component>
      <object_component id="oc-bf">
         <name>.debug_info</name>
         <load_address>0x8b21</load_address>
         <run_address>0x8b21</run_address>
         <size>0x140</size>
         <input_file_ref idref="fl-7"/>
      </object_component>
      <object_component id="oc-133">
         <name>.debug_info</name>
         <load_address>0x8c61</load_address>
         <run_address>0x8c61</run_address>
         <size>0x49a</size>
         <input_file_ref idref="fl-8"/>
      </object_component>
      <object_component id="oc-31f">
         <name>.debug_info</name>
         <load_address>0x90fb</load_address>
         <run_address>0x90fb</run_address>
         <size>0xcc</size>
         <input_file_ref idref="fl-8"/>
      </object_component>
      <object_component id="oc-32e">
         <name>.debug_info</name>
         <load_address>0x91c7</load_address>
         <run_address>0x91c7</run_address>
         <size>0xe8</size>
         <input_file_ref idref="fl-8"/>
      </object_component>
      <object_component id="oc-287">
         <name>.debug_info</name>
         <load_address>0x92af</load_address>
         <run_address>0x92af</run_address>
         <size>0x150</size>
         <input_file_ref idref="fl-8"/>
      </object_component>
      <object_component id="oc-2dd">
         <name>.debug_info</name>
         <load_address>0x93ff</load_address>
         <run_address>0x93ff</run_address>
         <size>0x161</size>
         <input_file_ref idref="fl-8"/>
      </object_component>
      <object_component id="oc-2a5">
         <name>.debug_info</name>
         <load_address>0x9560</load_address>
         <run_address>0x9560</run_address>
         <size>0x1aa</size>
         <input_file_ref idref="fl-8"/>
      </object_component>
      <object_component id="oc-16d">
         <name>.debug_info</name>
         <load_address>0x970a</load_address>
         <run_address>0x970a</run_address>
         <size>0x10b</size>
         <input_file_ref idref="fl-8"/>
      </object_component>
      <object_component id="oc-37c">
         <name>.debug_info</name>
         <load_address>0x9815</load_address>
         <run_address>0x9815</run_address>
         <size>0x153</size>
         <input_file_ref idref="fl-8"/>
      </object_component>
      <object_component id="oc-2cb">
         <name>.debug_info</name>
         <load_address>0x9968</load_address>
         <run_address>0x9968</run_address>
         <size>0xf9</size>
         <input_file_ref idref="fl-8"/>
      </object_component>
      <object_component id="oc-2c4">
         <name>.debug_info</name>
         <load_address>0x9a61</load_address>
         <run_address>0x9a61</run_address>
         <size>0xfb</size>
         <input_file_ref idref="fl-8"/>
      </object_component>
      <object_component id="oc-322">
         <name>.debug_info</name>
         <load_address>0x9b5c</load_address>
         <run_address>0x9b5c</run_address>
         <size>0x167</size>
         <input_file_ref idref="fl-8"/>
      </object_component>
      <object_component id="oc-27f">
         <name>.debug_info</name>
         <load_address>0x9cc3</load_address>
         <run_address>0x9cc3</run_address>
         <size>0x11e</size>
         <input_file_ref idref="fl-8"/>
      </object_component>
      <object_component id="oc-269">
         <name>.debug_info</name>
         <load_address>0x9de1</load_address>
         <run_address>0x9de1</run_address>
         <size>0x10e</size>
         <input_file_ref idref="fl-8"/>
      </object_component>
      <object_component id="oc-8b">
         <name>.debug_info</name>
         <load_address>0x9eef</load_address>
         <run_address>0x9eef</run_address>
         <size>0x10b</size>
         <input_file_ref idref="fl-37"/>
      </object_component>
      <object_component id="oc-69">
         <name>.debug_info</name>
         <load_address>0x9ffa</load_address>
         <run_address>0x9ffa</run_address>
         <size>0x1ac</size>
         <input_file_ref idref="fl-38"/>
      </object_component>
      <object_component id="oc-9d">
         <name>.debug_info</name>
         <load_address>0xa1a6</load_address>
         <run_address>0xa1a6</run_address>
         <size>0x1c8</size>
         <input_file_ref idref="fl-39"/>
      </object_component>
      <object_component id="oc-32">
         <name>.debug_info</name>
         <load_address>0xa36e</load_address>
         <run_address>0xa36e</run_address>
         <size>0x1f5</size>
         <input_file_ref idref="fl-39"/>
      </object_component>
      <object_component id="oc-98">
         <name>.debug_info</name>
         <load_address>0xa563</load_address>
         <run_address>0xa563</run_address>
         <size>0x46</size>
         <input_file_ref idref="fl-39"/>
      </object_component>
      <object_component id="oc-110">
         <name>.debug_info</name>
         <load_address>0xa5a9</load_address>
         <run_address>0xa5a9</run_address>
         <size>0x2c</size>
         <input_file_ref idref="fl-39"/>
      </object_component>
      <object_component id="oc-a5">
         <name>.debug_info</name>
         <load_address>0xa5d5</load_address>
         <run_address>0xa5d5</run_address>
         <size>0x18a</size>
         <input_file_ref idref="fl-3a"/>
      </object_component>
      <object_component id="oc-a1">
         <name>.debug_info</name>
         <load_address>0xa75f</load_address>
         <run_address>0xa75f</run_address>
         <size>0x250</size>
         <input_file_ref idref="fl-3a"/>
      </object_component>
      <object_component id="oc-3a">
         <name>.debug_info</name>
         <load_address>0xa9af</load_address>
         <run_address>0xa9af</run_address>
         <size>0x1c7</size>
         <input_file_ref idref="fl-3a"/>
      </object_component>
      <object_component id="oc-a6">
         <name>.debug_info</name>
         <load_address>0xab76</load_address>
         <run_address>0xab76</run_address>
         <size>0x39</size>
         <input_file_ref idref="fl-3a"/>
      </object_component>
      <object_component id="oc-c9">
         <name>.debug_info</name>
         <load_address>0xabaf</load_address>
         <run_address>0xabaf</run_address>
         <size>0x180</size>
         <input_file_ref idref="fl-3b"/>
      </object_component>
      <object_component id="oc-4a">
         <name>.debug_info</name>
         <load_address>0xad2f</load_address>
         <run_address>0xad2f</run_address>
         <size>0x1cb</size>
         <input_file_ref idref="fl-3b"/>
      </object_component>
      <object_component id="oc-c4">
         <name>.debug_info</name>
         <load_address>0xaefa</load_address>
         <run_address>0xaefa</run_address>
         <size>0x46</size>
         <input_file_ref idref="fl-3b"/>
      </object_component>
      <object_component id="oc-10b">
         <name>.debug_info</name>
         <load_address>0xaf40</load_address>
         <run_address>0xaf40</run_address>
         <size>0x2c</size>
         <input_file_ref idref="fl-3b"/>
      </object_component>
      <object_component id="oc-33b">
         <name>.debug_info</name>
         <load_address>0xaf6c</load_address>
         <run_address>0xaf6c</run_address>
         <size>0x147</size>
         <input_file_ref idref="fl-3c"/>
      </object_component>
      <object_component id="oc-38d">
         <name>.debug_info</name>
         <load_address>0xb0b3</load_address>
         <run_address>0xb0b3</run_address>
         <size>0x133</size>
         <input_file_ref idref="fl-3d"/>
      </object_component>
      <object_component id="oc-119">
         <name>.debug_info</name>
         <load_address>0xb1e6</load_address>
         <run_address>0xb1e6</run_address>
         <size>0x140</size>
         <input_file_ref idref="fl-3e"/>
      </object_component>
      <object_component id="oc-f3">
         <name>.debug_info</name>
         <load_address>0xb326</load_address>
         <run_address>0xb326</run_address>
         <size>0x12d</size>
         <input_file_ref idref="fl-3f"/>
      </object_component>
      <object_component id="oc-3ad">
         <name>.debug_info</name>
         <load_address>0xb453</load_address>
         <run_address>0xb453</run_address>
         <size>0x132</size>
         <input_file_ref idref="fl-4a"/>
      </object_component>
      <object_component id="oc-312">
         <name>.debug_info</name>
         <load_address>0xb585</load_address>
         <run_address>0xb585</run_address>
         <size>0x132</size>
         <input_file_ref idref="fl-4b"/>
      </object_component>
      <object_component id="oc-10a">
         <name>.debug_info</name>
         <load_address>0xb6b7</load_address>
         <run_address>0xb6b7</run_address>
         <size>0x183</size>
         <input_file_ref idref="fl-4c"/>
      </object_component>
      <object_component id="oc-93">
         <name>.debug_info</name>
         <load_address>0xb83a</load_address>
         <run_address>0xb83a</run_address>
         <size>0x1a7</size>
         <input_file_ref idref="fl-4c"/>
      </object_component>
      <object_component id="oc-107">
         <name>.debug_info</name>
         <load_address>0xb9e1</load_address>
         <run_address>0xb9e1</run_address>
         <size>0x2a6</size>
         <input_file_ref idref="fl-4d"/>
      </object_component>
      <object_component id="oc-8f">
         <name>.debug_info</name>
         <load_address>0xbc87</load_address>
         <run_address>0xbc87</run_address>
         <size>0x117</size>
         <input_file_ref idref="fl-4d"/>
      </object_component>
      <object_component id="oc-3da">
         <name>.debug_info</name>
         <load_address>0xbd9e</load_address>
         <run_address>0xbd9e</run_address>
         <size>0x114</size>
         <input_file_ref idref="fl-4d"/>
      </object_component>
      <object_component id="oc-2d6">
         <name>.debug_info</name>
         <load_address>0xbeb2</load_address>
         <run_address>0xbeb2</run_address>
         <size>0x1b6</size>
         <input_file_ref idref="fl-4d"/>
      </object_component>
      <object_component id="oc-3dd">
         <name>.debug_info</name>
         <load_address>0xc068</load_address>
         <run_address>0xc068</run_address>
         <size>0x146</size>
         <input_file_ref idref="fl-4d"/>
      </object_component>
      <object_component id="oc-3a0">
         <name>.debug_info</name>
         <load_address>0xc1ae</load_address>
         <run_address>0xc1ae</run_address>
         <size>0x1d7</size>
         <input_file_ref idref="fl-4d"/>
      </object_component>
      <object_component id="oc-2e3">
         <name>.debug_info</name>
         <load_address>0xc385</load_address>
         <run_address>0xc385</run_address>
         <size>0x2c</size>
         <input_file_ref idref="fl-4d"/>
      </object_component>
      <object_component id="oc-1d6">
         <name>.debug_info</name>
         <load_address>0xc3b1</load_address>
         <run_address>0xc3b1</run_address>
         <size>0x6f</size>
         <input_file_ref idref="fl-4d"/>
      </object_component>
      <object_component id="oc-2ab">
         <name>.debug_info</name>
         <load_address>0xc420</load_address>
         <run_address>0xc420</run_address>
         <size>0x133</size>
         <input_file_ref idref="fl-4f"/>
      </object_component>
      <object_component id="oc-cc">
         <name>.debug_info</name>
         <load_address>0xc553</load_address>
         <run_address>0xc553</run_address>
         <size>0x15e</size>
         <input_file_ref idref="fl-50"/>
      </object_component>
      <object_component id="oc-384">
         <name>.debug_info</name>
         <load_address>0xc6b1</load_address>
         <run_address>0xc6b1</run_address>
         <size>0x106</size>
         <input_file_ref idref="fl-51"/>
      </object_component>
      <object_component id="oc-333">
         <name>.debug_info</name>
         <load_address>0xc7b7</load_address>
[...]
         <name>lcd_wordImage</name>
         <value>0x901a</value>
         <object_component_ref idref="oc-180"/>
      </symbol>
      <symbol id="sm-268">
         <name>lcd_square</name>
         <value>0xa1c0</value>
         <object_component_ref idref="oc-3e3"/>
      </symbol>
      <symbol id="sm-269">
         <name>px_on</name>
         <value>0xc276</value>
         <object_component_ref idref="oc-363"/>
      </symbol>
      <symbol id="sm-294">
         <name>sys_event</name>
         <value>0x50e</value>
      </symbol>
      <symbol id="sm-295">
         <name>game_mode</name>
         <value>0x500</value>
      </symbol>
      <symbol id="sm-296">
         <name>score</name>
         <value>0x508</value>
      </symbol>
      <symbol id="sm-297">
         <name>seconds</name>
         <value>0x50a</value>
      </symbol>
      <symbol id="sm-298">
         <name>move_cnt</name>
         <value>0x506</value>
      </symbol>
      <symbol id="sm-299">
         <name>level</name>
         <value>0x518</value>
      </symbol>
      <symbol id="sm-29a">
         <name>direction</name>
         <value>0x513</value>
      </symbol>
      <symbol id="sm-29b">
         <name>head</name>
         <value>0x514</value>
      </symbol>
      <symbol id="sm-29c">
         <name>tail</name>
         <value>0x519</value>
      </symbol>
      <symbol id="sm-29d">
         <name>snake</name>
         <value>0x3d0</value>
      </symbol>
      <symbol id="sm-29e">
         <name>rocks</name>
         <value>0x4e4</value>
      </symbol>
      <symbol id="sm-29f">
         <name>foods</name>
         <value>0x4d0</value>
      </symbol>
      <symbol id="sm-2a0">
         <name>main</name>
         <value>0x8b4e</value>
         <object_component_ref idref="oc-ea"/>
      </symbol>
      <symbol id="sm-3be">
         <name>foodEaten</name>
         <value>0x4fe</value>
      </symbol>
      <symbol id="sm-3bf">
         <name>currentRocks</name>
         <value>0x4fc</value>
      </symbol>
      <symbol id="sm-3c0">
         <name>spawnRocks</name>
         <value>0x93c6</value>
         <object_component_ref idref="oc-28f"/>
      </symbol>
      <symbol id="sm-3c1">
         <name>checkCollision</name>
         <value>0x9e78</value>
         <object_component_ref idref="oc-33e"/>
      </symbol>
      <symbol id="sm-3c2">
         <name>draw_star_food</name>
         <value>0x9da4</value>
         <object_component_ref idref="oc-3b1"/>
      </symbol>
      <symbol id="sm-3c3">
         <name>SWITCH_4_event</name>
         <value>0xa074</value>
         <object_component_ref idref="oc-1ae"/>
      </symbol>
      <symbol id="sm-3c4">
         <name>freeAllFood</name>
         <value>0xa020</value>
         <object_component_ref idref="oc-26f"/>
      </symbol>
      <symbol id="sm-3c5">
         <name>draw_square_rock</name>
         <value>0x9eaa</value>
         <object_component_ref idref="oc-3a5"/>
      </symbol>
      <symbol id="sm-3c6">
         <name>collisionWithWALL</name>
         <value>0xa0e8</value>
         <object_component_ref idref="oc-2ba"/>
      </symbol>
      <symbol id="sm-3c7">
         <name>collisionWithSNAKE</name>
         <value>0x9edc</value>
         <object_component_ref idref="oc-392"/>
      </symbol>
      <symbol id="sm-3c8">
         <name>respawnFood</name>
         <value>0x97ea</value>
         <object_component_ref idref="oc-2cf"/>
      </symbol>
      <symbol id="sm-3c9">
         <name>freeAllRocks</name>
         <value>0xa04a</value>
         <object_component_ref idref="oc-275"/>
      </symbol>
      <symbol id="sm-3ca">
         <name>draw_square_food</name>
         <value>0x9d6e</value>
         <object_component_ref idref="oc-3c3"/>
      </symbol>
      <symbol id="sm-3cb">
         <name>SWITCH_3_event</name>
         <value>0xa0c2</value>
         <object_component_ref idref="oc-1b4"/>
      </symbol>
      <symbol id="sm-3cc">
         <name>NEXT_LEVEL_event</name>
         <value>0x9a2e</value>
         <object_component_ref idref="oc-196"/>
      </symbol>
      <symbol id="sm-3cd">
         <name>createRock</name>
         <value>0x9bd8</value>
         <object_component_ref idref="oc-344"/>
      </symbol>
      <symbol id="sm-3ce">
         <name>SWITCH_2_event</name>
         <value>0xa134</value>
         <object_component_ref idref="oc-1ba"/>
      </symbol>
      <symbol id="sm-3cf">
         <name>draw_circle_food</name>
         <value>0x9d38</value>
         <object_component_ref idref="oc-3b7"/>
      </symbol>
      <symbol id="sm-3d0">
         <name>noCollideFood</name>
         <value>0x945e</value>
         <object_component_ref idref="oc-295"/>
      </symbol>
      <symbol id="sm-3d1">
         <name>END_GAME_event</name>
         <value>0x9770</value>
         <object_component_ref idref="oc-1cc"/>
      </symbol>
      <symbol id="sm-3d2">
         <name>createFood</name>
         <value>0x9674</value>
         <object_component_ref idref="oc-34b"/>
      </symbol>
      <symbol id="sm-3d3">
         <name>LCD_UPDATE_event</name>
         <value>0x8f42</value>
         <object_component_ref idref="oc-1a2"/>
      </symbol>
      <symbol id="sm-3d4">
         <name>collisionWithROCK</name>
         <value>0x9860</value>
         <object_component_ref idref="oc-2b4"/>
      </symbol>
      <symbol id="sm-3d5">
         <name>collisionWithFOOD</name>
         <value>0x9d02</value>
         <object_component_ref idref="oc-398"/>
      </symbol>
      <symbol id="sm-3d6">
         <name>MOVE_SNAKE_event</name>
         <value>0x848a</value>
         <object_component_ref idref="oc-1c6"/>
      </symbol>
      <symbol id="sm-3d7">
         <name>SWITCH_1_event</name>
         <value>0x9b96</value>
         <object_component_ref idref="oc-1c0"/>
      </symbol>
      <symbol id="sm-3d8">
         <name>START_LEVEL_event</name>
         <value>0x9572</value>
         <object_component_ref idref="oc-1a8"/>
      </symbol>
      <symbol id="sm-3d9">
         <name>draw_triangle_food</name>
         <value>0x9dda</value>
         <object_component_ref idref="oc-3bd"/>
      </symbol>
      <symbol id="sm-3da">
         <name>NEW_GAME_event</name>
         <value>0xa09c</value>
         <object_component_ref idref="oc-19c"/>
      </symbol>
      <symbol id="sm-3ee">
         <name>king_snake_image</name>
         <value>0xa366</value>
         <object_component_ref idref="oc-27b"/>
      </symbol>
      <symbol id="sm-3ef">
         <name>snake1_image</name>
         <value>0xb28e</value>
         <object_component_ref idref="oc-17d"/>
      </symbol>
      <symbol id="sm-3f0">
         <name>snake_text_image</name>
         <value>0xb910</value>
         <object_component_ref idref="oc-186"/>
      </symbol>
      <symbol id="sm-41d">
         <name>WDT_cps_cnt</name>
         <value>0x4f4</value>
      </symbol>
      <symbol id="sm-41e">
         <name>WDT_move_cnt</name>
         <value>0x4f8</value>
      </symbol>
      <symbol id="sm-41f">
         <name>WDT_debounce_cnt</name>
         <value>0x4f6</value>
      </symbol>
      <symbol id="sm-420">
         <name>backlight_cnt</name>
         <value>0x4fa</value>
      </symbol>
      <symbol id="sm-421">
         <name>WDT_delay</name>
         <value>0x4ee</value>
      </symbol>
      <symbol id="sm-422">
         <name>TB0_tone_on</name>
         <value>0x4f2</value>
      </symbol>
      <symbol id="sm-423">
         <name>WDT_ISR</name>
         <value>0x90ee</value>
         <object_component_ref idref="oc-bd"/>
      </symbol>
      <symbol id="sm-424">
         <name>__TI_int02</name>
         <value>0xffe4</value>
         <object_component_ref idref="oc-3d"/>
      </symbol>
      <symbol id="sm-425">
         <name>port1_init</name>
         <value>0x9f9a</value>
         <object_component_ref idref="oc-165"/>
      </symbol>
      <symbol id="sm-426">
         <name>__TI_int10</name>
         <value>0xfff4</value>
         <object_component_ref idref="oc-44"/>
      </symbol>
      <symbol id="sm-427">
         <name>Port_1_ISR</name>
         <value>0xa250</value>
         <object_component_ref idref="oc-ab"/>
      </symbol>
      <symbol id="sm-428">
         <name>watchdog_init</name>
         <value>0xa17c</value>
         <object_component_ref idref="oc-171"/>
      </symbol>
      <symbol id="sm-4a6">
         <name>outTone</name>
         <value>0x9c1a</value>
         <object_component_ref idref="oc-37a"/>
      </symbol>
      <symbol id="sm-4a7">
         <name>beep</name>
         <value>0xa27c</value>
         <object_component_ref idref="oc-2c9"/>
      </symbol>
      <symbol id="sm-4a8">
         <name>timerB_init</name>
         <value>0xa236</value>
         <object_component_ref idref="oc-16b"/>
      </symbol>
      <symbol id="sm-4a9">
         <name>imperial_march</name>
         <value>0xa320</value>
         <object_component_ref idref="oc-27e"/>
      </symbol>
      <symbol id="sm-4aa">
         <name>blink</name>
         <value>0xa34e</value>
         <object_component_ref idref="oc-2c3"/>
      </symbol>
      <symbol id="sm-4ab">
         <name>doDitty</name>
         <value>0x9f0c</value>
         <object_component_ref idref="oc-321"/>
      </symbol>
      <symbol id="sm-4ac">
         <name>delete_tail</name>
         <value>0x9a78</value>
         <object_component_ref idref="oc-2db"/>
      </symbol>
      <symbol id="sm-4ad">
         <name>imperial_march_notes</name>
         <value>0xbf8e</value>
         <object_component_ref idref="oc-32d"/>
      </symbol>
      <symbol id="sm-4ae">
         <name>new_snake</name>
         <value>0x9b52</value>
         <object_component_ref idref="oc-286"/>
      </symbol>
      <symbol id="sm-4af">
         <name>Charge</name>
         <value>0xc234</value>
         <object_component_ref idref="oc-31e"/>
      </symbol>
      <symbol id="sm-4b0">
         <name>add_head</name>
         <value>0x8660</value>
         <object_component_ref idref="oc-2a3"/>
      </symbol>
      <symbol id="sm-4b1">
         <name>charge</name>
         <value>0xa312</value>
         <object_component_ref idref="oc-268"/>
      </symbol>
      <symbol id="sm-4ba">
         <name>_stack</name>
         <value>0x584</value>
         <object_component_ref idref="oc-8a"/>
      </symbol>
      <symbol id="sm-4bb">
         <name>_reset_vector</name>
         <value>0xfffe</value>
         <object_component_ref idref="oc-8d"/>
      </symbol>
      <symbol id="sm-4c6">
         <name>_c_int00_noargs_noexit</name>
         <value>0xa21c</value>
         <object_component_ref idref="oc-66"/>
      </symbol>
      <symbol id="sm-4dc">
         <name>__TI_decompress_none</name>
         <value>0xa2cc</value>
         <object_component_ref idref="oc-31"/>
      </symbol>
      <symbol id="sm-4fe">
         <name>__TI_decompress_rle24</name>
         <value>0xa356</value>
         <object_component_ref idref="oc-37"/>
      </symbol>
      <symbol id="sm-516">
         <name>__TI_zero_init</name>
         <value>0xa290</value>
         <object_component_ref idref="oc-48"/>
      </symbol>
      <symbol id="sm-522">
         <name>__mspabi_remi</name>
         <value>0x9ff4</value>
         <object_component_ref idref="oc-338"/>
      </symbol>
      <symbol id="sm-523">
         <name>__mspabi_divi</name>
         <value>0x9ff4</value>
         <object_component_ref idref="oc-338"/>
      </symbol>
      <symbol id="sm-52d">
         <name>__mspabi_remu</name>
         <value>0xa266</value>
         <object_component_ref idref="oc-38c"/>
      </symbol>
      <symbol id="sm-52e">
         <name>__mspabi_divu</name>
         <value>0xa266</value>
         <object_component_ref idref="oc-38c"/>
      </symbol>
      <symbol id="sm-537">
         <name>__mspabi_func_epilog_2</name>
         <value>0xa30c</value>
         <object_component_ref idref="oc-117"/>
      </symbol>
      <symbol id="sm-538">
         <name>__mspabi_func_epilog_3</name>
         <value>0xa30a</value>
         <object_component_ref idref="oc-117"/>
      </symbol>
      <symbol id="sm-539">
         <name>__mspabi_func_epilog_1</name>
         <value>0xa30e</value>
         <object_component_ref idref="oc-117"/>
      </symbol>
      <symbol id="sm-53a">
         <name>__mspabi_func_epilog_6</name>
         <value>0xa304</value>
         <object_component_ref idref="oc-117"/>
      </symbol>
      <symbol id="sm-53b">
         <name>__mspabi_func_epilog_7</name>
         <value>0xa302</value>
         <object_component_ref idref="oc-117"/>
      </symbol>
      <symbol id="sm-53c">
         <name>__mspabi_func_epilog_4</name>
         <value>0xa308</value>
         <object_component_ref idref="oc-117"/>
      </symbol>
      <symbol id="sm-53d">
         <name>__mspabi_func_epilog_5</name>
         <value>0xa306</value>
         <object_component_ref idref="oc-117"/>
      </symbol>
      <symbol id="sm-548">
         <name>C$$EXIT</name>
         <value>0xa360</value>
         <object_component_ref idref="oc-f2"/>
      </symbol>
      <symbol id="sm-549">
         <name>abort</name>
         <value>0xa360</value>
         <object_component_ref idref="oc-f2"/>
      </symbol>
      <symbol id="sm-54d">
         <name>__TI_int03</name>
         <value>0xffe6</value>
         <object_component_ref idref="oc-3e"/>
      </symbol>
      <symbol id="sm-550">
         <name>__TI_int06</name>
         <value>0xffec</value>
         <object_component_ref idref="oc-40"/>
      </symbol>
      <symbol id="sm-553">
         <name>__TI_int07</name>
         <value>0xffee</value>
         <object_component_ref idref="oc-41"/>
      </symbol>
      <symbol id="sm-556">
         <name>__TI_int08</name>
         <value>0xfff0</value>
         <object_component_ref idref="oc-42"/>
      </symbol>
      <symbol id="sm-559">
         <name>__TI_int09</name>
         <value>0xfff2</value>
         <object_component_ref idref="oc-43"/>
      </symbol>
      <symbol id="sm-55c">
         <name>__TI_int12</name>
         <value>0xfff8</value>
         <object_component_ref idref="oc-45"/>
      </symbol>
      <symbol id="sm-55f">
         <name>__TI_int13</name>
         <value>0xfffa</value>
         <object_component_ref idref="oc-46"/>
      </symbol>
      <symbol id="sm-562">
         <name>__TI_int14</name>
         <value>0xfffc</value>
         <object_component_ref idref="oc-47"/>
      </symbol>
      <symbol id="sm-56b">
         <name>__mspabi_srli_8</name>
         <value>0x9a0c</value>
         <object_component_ref idref="oc-3ac"/>
      </symbol>
      <symbol id="sm-56c">
         <name>__mspabi_srli_9</name>
         <value>0x9a08</value>
         <object_component_ref idref="oc-3ac"/>
      </symbol>
      <symbol id="sm-56d">
         <name>__mspabi_srli_6</name>
         <value>0x9a14</value>
         <object_component_ref idref="oc-3ac"/>
      </symbol>
      <symbol id="sm-56e">
         <name>__mspabi_srli_7</name>
         <value>0x9a10</value>
         <object_component_ref idref="oc-3ac"/>
      </symbol>
      <symbol id="sm-56f">
         <name>__mspabi_srli_4</name>
         <value>0x9a1c</value>
         <object_component_ref idref="oc-3ac"/>
      </symbol>
      <symbol id="sm-570">
         <name>__mspabi_srli_5</name>
         <value>0x9a18</value>
         <object_component_ref idref="oc-3ac"/>
      </symbol>
      <symbol id="sm-571">
         <name>__mspabi_srli_2</name>
         <value>0x9a24</value>
         <object_component_ref idref="oc-3ac"/>
      </symbol>
      <symbol id="sm-572">
         <name>__mspabi_srli_3</name>
         <value>0x9a20</value>
         <object_component_ref idref="oc-3ac"/>
      </symbol>
      <symbol id="sm-573">
         <name>__mspabi_srli_1</name>
         <value>0x9a28</value>
         <object_component_ref idref="oc-3ac"/>
      </symbol>
      <symbol id="sm-574">
         <name>__mspabi_srli</name>
         <value>0x99e2</value>
         <object_component_ref idref="oc-3ac"/>
      </symbol>
      <symbol id="sm-575">
         <name>__mspabi_srli_15</name>
         <value>0x99f0</value>
         <object_component_ref idref="oc-3ac"/>
      </symbol>
      <symbol id="sm-576">
         <name>__mspabi_srli_14</name>
         <value>0x99f4</value>
         <object_component_ref idref="oc-3ac"/>
      </symbol>
      <symbol id="sm-577">
         <name>__mspabi_srli_13</name>
         <value>0x99f8</value>
         <object_component_ref idref="oc-3ac"/>
      </symbol>
      <symbol id="sm-578">
         <name>__mspabi_srli_12</name>
         <value>0x99fc</value>
         <object_component_ref idref="oc-3ac"/>
      </symbol>
      <symbol id="sm-579">
         <name>__mspabi_srli_11</name>
         <value>0x9a00</value>
         <object_component_ref idref="oc-3ac"/>
      </symbol>
      <symbol id="sm-57a">
         <name>__mspabi_srli_10</name>
         <value>0x9a04</value>
         <object_component_ref idref="oc-3ac"/>
      </symbol>
      <symbol id="sm-584">
         <name>__mspabi_srll</name>
         <value>0xa2de</value>
         <object_component_ref idref="oc-310"/>
      </symbol>
      <symbol id="sm-592">
         <name>memcpy</name>
         <value>0xa2f0</value>
         <object_component_ref idref="oc-91"/>
      </symbol>
      <symbol id="sm-5df">
         <name>_sys_memory</name>
         <value>0x200</value>
         <object_component_ref idref="oc-8e"/>
      </symbol>
      <symbol id="sm-5e0">
         <name>free</name>
         <value>0x95f4</value>
         <object_component_ref idref="oc-2d5"/>
      </symbol>
      <symbol id="sm-5e1">
         <name>malloc</name>
         <value>0x9270</value>
         <object_component_ref idref="oc-39f"/>
      </symbol>
      <symbol id="sm-5e2">
         <name>minit</name>
         <value>0x9c92</value>
         <object_component_ref idref="oc-3dc"/>
      </symbol>
      <symbol id="sm-5ed">
         <name>__mspabi_mpyi_sw</name>
         <value>0xa2b8</value>
         <object_component_ref idref="oc-2a9"/>
      </symbol>
      <symbol id="sm-5ee">
         <name>__mspabi_mpyi</name>
         <value>0xa2b8</value>
         <object_component_ref idref="oc-2a9"/>
      </symbol>
      <symbol id="sm-5f7">
         <name>_system_pre_init</name>
         <value>0xa35c</value>
         <object_component_ref idref="oc-ca"/>
      </symbol>
      <symbol id="sm-606">
         <name>rand</name>
         <value>0x9cca</value>
         <object_component_ref idref="oc-332"/>
      </symbol>
      <symbol id="sm-613">
         <name>strlen</name>
         <value>0xa32e</value>
         <object_component_ref idref="oc-317"/>
      </symbol>
      <symbol id="sm-629">
         <name>_nop</name>
         <value>0xa364</value>
         <object_component_ref idref="oc-20c"/>
      </symbol>
      <symbol id="sm-62a">
         <name>_lock</name>
         <value>0x51e</value>
         <object_component_ref idref="oc-14a"/>
      </symbol>
      <symbol id="sm-62b">
         <name>_unlock</name>
         <value>0x520</value>
         <object_component_ref idref="oc-153"/>
      </symbol>
      <symbol id="sm-644">
         <name>_auto_init</name>
         <value>0x998a</value>
         <object_component_ref idref="oc-d0"/>
      </symbol>
      <symbol id="sm-64e">
         <name>__mspabi_mpyl_sw</name>
         <value>0xa10e</value>
         <object_component_ref idref="oc-386"/>
      </symbol>
      <symbol id="sm-64f">
         <name>__mspabi_mpyl</name>
         <value>0xa10e</value>
         <object_component_ref idref="oc-386"/>
      </symbol>
      <symbol id="sm-652">
         <name>__TI_INITARRAY_Base</name>
         <value>0x0</value>
      </symbol>
      <symbol id="sm-653">
         <name>__TI_INITARRAY_Limit</name>
         <value>0x0</value>
      </symbol>
   </symbol_table>
   <title>Link successful</title>
</link_info>
