******************************************************************************
                  MSP430 Linker PC v4.4.7                      
******************************************************************************
>> Linked Sun Apr 10 00:44:01 2016

OUTPUT FILE NAME:   <Snaker.out>
ENTRY POINT SYMBOL: "_c_int00_noargs_noexit"  address: 00009a84


MEMORY CONFIGURATION

         name            origin    length      used     unused   attr    fill
----------------------  --------  ---------  --------  --------  ----  --------
  SFR                   00000000   00000010  00000000  00000010  RWIX
  PERIPHERALS_8BIT      00000010   000000f0  00000000  000000f0  RWIX
  PERIPHERALS_16BIT     00000100   00000100  00000000  00000100  RWIX
  RAM                   00000200   00000400  000001e6  0000021a  RWIX
  INFOD                 00001000   00000040  00000000  00000040  RWIX
  INFOC                 00001040   00000040  00000000  00000040  RWIX
  INFOB                 00001080   00000040  00000000  00000040  RWIX
  INFOA                 000010c0   00000040  00000000  00000040  RWIX
  FLASH                 00008000   00007fde  00002a42  0000559c  RWIX
  BSLSIGNATURE          0000ffde   00000002  00000002  00000000  RWIX  ffff 
  INT00                 0000ffe0   00000002  00000000  00000002  RWIX
  INT01                 0000ffe2   00000002  00000000  00000002  RWIX
  INT02                 0000ffe4   00000002  00000002  00000000  RWIX
  INT03                 0000ffe6   00000002  00000002  00000000  RWIX
  INT04                 0000ffe8   00000002  00000000  00000002  RWIX
  INT05                 0000ffea   00000002  00000002  00000000  RWIX
  INT06                 0000ffec   00000002  00000002  00000000  RWIX
  INT07                 0000ffee   00000002  00000002  00000000  RWIX
  INT08                 0000fff0   00000002  00000002  00000000  RWIX
  INT09                 0000fff2   00000002  00000002  00000000  RWIX
  INT10                 0000fff4   00000002  00000002  00000000  RWIX
  INT11                 0000fff6   00000002  00000000  00000002  RWIX
  INT12                 0000fff8   00000002  00000002  00000000  RWIX
  INT13                 0000fffa   00000002  00000002  00000000  RWIX
  INT14                 0000fffc   00000002  00000002  00000000  RWIX
  RESET                 0000fffe   00000002  00000002  00000000  RWIX


SECTION ALLOCATION MAP

 output                                  attributes/
section   page    origin      length       input sections
--------  ----  ----------  ----------   ----------------
.bss       0    00000200    0000013c     UNINITIALIZED
                  00000200    00000100     (.common:snake)
                  00000300    00000014     (.common:foods)
                  00000314    00000004     (.common:WDT_delay)
                  00000318    00000002     (.common:TB0_tone_on)
                  0000031a    00000002     (.common:WDT_cps_cnt)
                  0000031c    00000002     (.common:WDT_debounce_cnt)
                  0000031e    00000002     (.common:WDT_move_cnt)
                  00000320    00000002     (.common:backlight_cnt)
                  00000322    00000002     (.common:game_mode)
                  00000324    00000002     (.common:i2c_fSCL)
                  00000326    00000002     (.common:memsize)
                  00000328    00000002     (.common:move_cnt)
                  0000032a    00000002     (.common:score)
                  0000032c    00000002     (.common:seconds)
                  0000032e    00000002     (.common:sys_base)
                  00000330    00000002     (.common:sys_event)
                  00000332    00000002     (.common:sys_free)
                  00000334    00000001     (.common:char_cnt)
                  00000335    00000001     (.common:direction)
                  00000336    00000001     (.common:head)
                  00000337    00000001     (.common:lcd_dmode)
                  00000338    00000001     (.common:lcd_x)
                  00000339    00000001     (.common:lcd_y)
                  0000033a    00000001     (.common:level)
                  0000033b    00000001     (.common:tail)

.sysmem    0    0000033c    00000050     UNINITIALIZED
                  0000033c    00000004     rts430_eabi.lib : memory.obj (.sysmem)
                  00000340    0000004c     --HOLE--

.data      0    0000038c    0000000a     UNINITIALIZED
                  0000038c    00000004     rts430_eabi.lib : rand.obj (.data)
                  00000390    00000002                     : _lock.obj (.data:_lock)
                  00000392    00000002                     : _lock.obj (.data:_unlock)
                  00000394    00000002                     : memory.obj (.data)

.stack     0    000005b0    00000050     UNINITIALIZED
                  000005b0    00000002     rts430_eabi.lib : boot.obj (.stack)
                  000005b2    0000004e     --HOLE--

.text      0    00008000    00001bb6     
                  00008000    00000246     RBX430_lcd.obj (.text:lcd_point)
                  00008246    00000244     RBX430_lcd.obj (.text:my_printfi)
                  0000848a    000001d0     snakelib.obj (.text:add_head)
                  0000865a    00000198     RBX430-1.obj (.text:ERROR2)
                  000087f2    00000186     snake_events.obj (.text:MOVE_SNAKE_event)
                  00008978    00000186     RBX430_lcd.obj (.text:lcd_init)
                  00008afe    00000132     RBX430_lcd.obj (.text:lcd_putchar)
                  00008c30    00000114     snake.obj (.text:main)
                  00008d44    00000106     snake_events.obj (.text:START_LEVEL_event)
                  00008e4a    000000d4     RBX430_lcd.obj (.text:lcd_wordImage)
                  00008f1e    000000c2     snake_events.obj (.text:LCD_UPDATE_event)
                  00008fe0    000000c2     snake_interrupts.obj (.text:WDT_ISR)
                  000090a2    000000c0     RBX430-1.obj (.text:RBX430_init)
                  00009162    000000ae     rts430_eabi.lib : memory.obj (.text:malloc)
                  00009210    0000009c     snake_events.obj (.text:END_GAME_event)
                  000092ac    00000088     RBX430_lcd.obj (.text:lcd_rectangle)
                  00009334    00000080     rts430_eabi.lib : memory.obj (.text:free)
                  000093b4    00000064                     : copy_decompress_rle.obj (.text:__TI_decompress_rle_core)
                  00009418    0000005e     RBX430_lcd.obj (.text:lcd_WD)
                  00009476    0000005a     snake_events.obj (.text:NEW_GAME_event)
                  000094d0    00000058     rts430_eabi.lib : autoinit.obj (.text:_auto_init)
                  00009528    0000004a     snakelib.obj (.text:delete_tail)
                  00009572    0000004a     RBX430_lcd.obj (.text:lcd_WD2)
                  000095bc    00000046     RBX430_lcd.obj (.text:DelayMs)
                  00009602    00000046     snake_events.obj (.text:SWITCH_1_event)
                  00009648    00000044     snakelib.obj (.text:new_snake)
                  0000968c    00000040     snakelib.obj (.text:outTone)
                  000096cc    00000038     RBX430_lcd.obj (.text:ReadDataWord)
                  00009704    00000038     rts430_eabi.lib : memory.obj (.text:minit)
                  0000973c    00000038                     : rand.obj (.text:rand)
                  00009774    00000036     snake_events.obj (.text:newFood)
                  000097aa    00000034     RBX430_lcd.obj (.text:WriteDataWord)
                  000097de    00000034     RBX430_lcd.obj (.text:lcd_set_x_y)
                  00009812    00000032     snake_events.obj (.text:draw_square_food)
                  00009844    00000030     RBX430_lcd.obj (.text:lcd_cursor)
                  00009874    0000002e     RBX430_lcd.obj (.text:lcd_set)
                  000098a2    0000002e     snake_interrupts.obj (.text:port1_init)
                  000098d0    0000002c     RBX430-1.obj (.text:ISR_trap)
                  000098fc    0000002c     rts430_eabi.lib : div16s.obj (.text)
                  00009928    00000028     snake_events.obj (.text:SWITCH_4_event)
                  00009950    00000026     snake_events.obj (.text:SWITCH_3_event)
                  00009976    00000026     rts430_eabi.lib : mult32.obj (.text)
                  0000999c    00000024     snake_events.obj (.text:SWITCH_2_event)
                  000099c0    00000024     RBX430_lcd.obj (.text:lcd_printf)
                  000099e4    00000024     snake_interrupts.obj (.text:watchdog_init)
                  00009a08    00000020     RBX430_lcd.obj (.text:ReadData)
                  00009a28    00000020     RBX430_lcd.obj (.text:lcd_square)
                  00009a48    0000001e     RBX430_lcd.obj (.text:WriteCmd)
                  00009a66    0000001e     RBX430_lcd.obj (.text:WriteData)
                  00009a84    0000001a     rts430_eabi.lib : boot_special.obj (.text:_c_int00_noargs_noexit)
                  00009a9e    0000001a     snakelib.obj (.text:timerB_init)
                  00009ab8    00000016     snake_interrupts.obj (.text:Port_1_ISR)
                  00009ace    00000016     rts430_eabi.lib : div16u.obj (.text)
                  00009ae4    00000014     snakelib.obj (.text:beep)
                  00009af8    00000014     rts430_eabi.lib : copy_zero_init.obj (.text:decompress:ZI:__TI_zero_init)
                  00009b0c    00000014     RBX430_lcd.obj (.text:lcd_backlight)
                  00009b20    00000014     rts430_eabi.lib : mult16.obj (.text)
                  00009b34    00000012                     : copy_decompress_none.obj (.text:decompress:none:__TI_decompress_none)
                  00009b46    00000012                     : lsr32.obj (.text:l_lsr)
                  00009b58    00000012                     : memcpy.obj (.text:memcpy)
                  00009b6a    00000010                     : epilog.obj (.text)
                  00009b7a    0000000e                     : strlen.obj (.text:strlen)
                  00009b88    0000000c     snakelib.obj (.text:rasberry)
                  00009b94    0000000a     RBX430_lcd.obj (.text:lcd_clear)
                  00009b9e    00000008     RBX430-1.obj (.text:ADC10_ISR)
                  00009ba6    00000006     rts430_eabi.lib : copy_decompress_rle.obj (.text:decompress:rle24:__TI_decompress_rle24)
                  00009bac    00000004                     : pre_init.obj (.text:_system_pre_init)
                  00009bb0    00000004                     : exit.obj (.text:abort)
                  00009bb4    00000002                     : _lock.obj (.text:_nop)

.const     0    00009bb6    00000e6c     
                  00009bb6    00000682     snake_images.obj (.const:snake1_image)
                  0000a238    0000049e     snake_images.obj (.const:snake_text_image)
                  0000a6d6    000001e0     RBX430_lcd.obj (.const:cs)
                  0000a8b6    000000a2     RBX430_lcd.obj (.const:.string:dv3)
                  0000a958    0000006e     snake_events.obj (.const:.string)
                  0000a9c6    0000002c     RBX430_lcd.obj (.const:dv$3)
                  0000a9f2    00000011     RBX430_lcd.obj (.const:.string:lHexChar$1)
                  0000aa03    00000001     --HOLE-- [fill = 0]
                  0000aa04    00000011     RBX430_lcd.obj (.const:.string:uHexChar$2)
                  0000aa15    00000001     --HOLE-- [fill = 0]
                  0000aa16    00000006     RBX430_lcd.obj (.const:px_off)
                  0000aa1c    00000006     RBX430_lcd.obj (.const:px_on)

.cinit     0    0000aa22    00000020     
                  0000aa22    0000000e     (.cinit..data.load) [load image]
                  0000aa30    00000006     (__TI_handler_table)
                  0000aa36    00000004     (.cinit..bss.load) [load image, compression = zero_init]
                  0000aa3a    00000008     (__TI_cinit_table)

.init_array 
*          0    00008000    00000000     UNINITIALIZED

.TI.persistent 
*          0    0000038c    00000000     UNINITIALIZED

$fill000   0    0000ffde    00000002     
                  0000ffde    00000002     --HOLE-- [fill = ffff]

PORT1      0    0000ffe4    00000002     
                  0000ffe4    00000002     snake_interrupts.obj (.int02)

PORT2      0    0000ffe6    00000002     
                  0000ffe6    00000002     rts430_eabi.lib : int03.obj (.int03)

ADC10      0    0000ffea    00000002     
                  0000ffea    00000002     RBX430-1.obj (.int05)

USCIAB0TX 
*          0    0000ffec    00000002     
                  0000ffec    00000002     rts430_eabi.lib : int06.obj (.int06)

USCIAB0RX 
*          0    0000ffee    00000002     
                  0000ffee    00000002     rts430_eabi.lib : int07.obj (.int07)

TIMERA1    0    0000fff0    00000002     
                  0000fff0    00000002     rts430_eabi.lib : int08.obj (.int08)

TIMERA0    0    0000fff2    00000002     
                  0000fff2    00000002     rts430_eabi.lib : int09.obj (.int09)

WDT        0    0000fff4    00000002     
                  0000fff4    00000002     snake_interrupts.obj (.int10)

TIMERB1    0    0000fff8    00000002     
                  0000fff8    00000002     rts430_eabi.lib : int12.obj (.int12)

TIMERB0    0    0000fffa    00000002     
                  0000fffa    00000002     rts430_eabi.lib : int13.obj (.int13)

NMI        0    0000fffc    00000002     
                  0000fffc    00000002     rts430_eabi.lib : int14.obj (.int14)

.reset     0    0000fffe    00000002     
                  0000fffe    00000002     rts430_eabi.lib : boot.obj (.reset)


LINKER GENERATED COPY TABLES

__TI_cinit_table @ 0000aa3a records: 2, size/record: 4, table size: 8
	.data: load addr=0000aa22, load size=0000000e bytes, run addr=0000038c, run size=0000000a bytes, compression=copy
	.bss: load addr=0000aa36, load size=00000004 bytes, run addr=00000200, run size=0000013c bytes, compression=zero_init


LINKER GENERATED HANDLER TABLE

__TI_handler_table @ 0000aa30 records: 3, size/record: 2, table size: 6
	index: 0, handler: __TI_zero_init
	index: 1, handler: __TI_decompress_rle24
	index: 2, handler: __TI_decompress_none


GLOBAL SYMBOLS: SORTED ALPHABETICALLY BY Name 

address   name                    
-------   ----                    
0000004a  ADC10AE0                
0000004b  ADC10AE1                
000001b0  ADC10CTL0               
000001b2  ADC10CTL1               
00000048  ADC10DTC0               
00000049  ADC10DTC1               
000001b4  ADC10MEM                
000001bc  ADC10SA                 
00009b9e  ADC10_ISR               
00000057  BCSCTL1                 
00000058  BCSCTL2                 
00000053  BCSCTL3                 
00009bb0  C$$EXIT                 
000010fb  CALBC1_12MHZ            
000010f9  CALBC1_16MHZ            
000010ff  CALBC1_1MHZ             
000010fd  CALBC1_8MHZ             
000010fa  CALDCO_12MHZ            
000010f8  CALDCO_16MHZ            
000010fe  CALDCO_1MHZ             
000010fc  CALDCO_8MHZ             
00000056  DCOCTL                  
00009210  END_GAME_event          
0000865a  ERROR2                  
00000128  FCTL1                   
0000012a  FCTL2                   
0000012c  FCTL3                   
00000000  IE1                     
00000001  IE2                     
00000002  IFG1                    
00000003  IFG2                    
000098d0  ISR_trap                
00008f1e  LCD_UPDATE_event        
000087f2  MOVE_SNAKE_event        
00009476  NEW_GAME_event          
000000c0  OA0CTL0                 
000000c1  OA0CTL1                 
000000c2  OA1CTL0                 
000000c3  OA1CTL1                 
00000022  P1DIR                   
00000025  P1IE                    
00000024  P1IES                   
00000023  P1IFG                   
00000020  P1IN                    
00000021  P1OUT                   
00000027  P1REN                   
00000026  P1SEL                   
0000002a  P2DIR                   
0000002d  P2IE                    
0000002c  P2IES                   
0000002b  P2IFG                   
00000028  P2IN                    
00000029  P2OUT                   
0000002f  P2REN                   
0000002e  P2SEL                   
0000001a  P3DIR                   
00000018  P3IN                    
00000019  P3OUT                   
00000010  P3REN                   
0000001b  P3SEL                   
0000001e  P4DIR                   
0000001c  P4IN                    
0000001d  P4OUT                   
00000011  P4REN                   
0000001f  P4SEL                   
00009ab8  Port_1_ISR              
000090a2  RBX430_init             
00008d44  START_LEVEL_event       
00009602  SWITCH_1_event          
0000999c  SWITCH_2_event          
00009950  SWITCH_3_event          
00009928  SWITCH_4_event          
00000172  TACCR0                  
00000174  TACCR1                  
00000176  TACCR2                  
00000162  TACCTL0                 
00000164  TACCTL1                 
00000166  TACCTL2                 
00000160  TACTL                   
0000012e  TAIV                    
00000170  TAR                     
00000318  TB0_tone_on             
00000192  TBCCR0                  
00000194  TBCCR1                  
00000196  TBCCR2                  
00000182  TBCCTL0                 
00000184  TBCCTL1                 
00000186  TBCCTL2                 
00000180  TBCTL                   
0000011e  TBIV                    
00000190  TBR                     
0000005d  UCA0ABCTL               
00000062  UCA0BR0                 
00000063  UCA0BR1                 
00000060  UCA0CTL0                
00000061  UCA0CTL1                
0000005f  UCA0IRRCTL              
0000005e  UCA0IRTCTL              
00000064  UCA0MCTL                
00000066  UCA0RXBUF               
00000065  UCA0STAT                
00000067  UCA0TXBUF               
0000006a  UCB0BR0                 
0000006b  UCB0BR1                 
00000068  UCB0CTL0                
00000069  UCB0CTL1                
0000006c  UCB0I2CIE               
00000118  UCB0I2COA               
0000011a  UCB0I2CSA               
0000006e  UCB0RXBUF               
0000006d  UCB0STAT                
0000006f  UCB0TXBUF               
00000120  WDTCTL                  
00008fe0  WDT_ISR                 
0000031a  WDT_cps_cnt             
0000031c  WDT_debounce_cnt        
00000314  WDT_delay               
0000031e  WDT_move_cnt            
00000600  __STACK_END             
00000050  __STACK_SIZE            
00000050  __SYSMEM_SIZE           
0000aa3a  __TI_CINIT_Base         
0000aa42  __TI_CINIT_Limit        
0000aa30  __TI_Handler_Table_Base 
0000aa36  __TI_Handler_Table_Limit
UNDEFED   __TI_INITARRAY_Base     
UNDEFED   __TI_INITARRAY_Limit    
000098d0  __TI_ISR_TRAP           
00009b34  __TI_decompress_none    
00009ba6  __TI_decompress_rle24   
0000ffe4  __TI_int02              
0000ffe6  __TI_int03              
0000ffea  __TI_int05              
0000ffec  __TI_int06              
0000ffee  __TI_int07              
0000fff0  __TI_int08              
0000fff2  __TI_int09              
0000fff4  __TI_int10              
0000fff8  __TI_int12              
0000fffa  __TI_int13              
0000fffc  __TI_int14              
00009af8  __TI_zero_init          
ffffffff  __binit__               
ffffffff  __c_args__              
000098fc  __mspabi_divi           
00009ace  __mspabi_divu           
00009b76  __mspabi_func_epilog_1  
00009b74  __mspabi_func_epilog_2  
00009b72  __mspabi_func_epilog_3  
00009b70  __mspabi_func_epilog_4  
00009b6e  __mspabi_func_epilog_5  
00009b6c  __mspabi_func_epilog_6  
00009b6a  __mspabi_func_epilog_7  
00009b20  __mspabi_mpyi           
00009b20  __mspabi_mpyi_sw        
00009976  __mspabi_mpyl           
00009976  __mspabi_mpyl_sw        
000098fc  __mspabi_remi           
00009ace  __mspabi_remu           
00009b46  __mspabi_srll           
000094d0  _auto_init              
00009a84  _c_int00_noargs_noexit  
00000390  _lock                   
00009bb4  _nop                    
0000fffe  _reset_vector           
000005b0  _stack                  
0000033c  _sys_memory             
00009bac  _system_pre_init        
00000392  _unlock                 
00009bb0  abort                   
0000848a  add_head                
00000320  backlight_cnt           
00009ae4  beep                    
ffffffff  binit                   
0000a6d6  cs                      
00009528  delete_tail             
00000335  direction               
00009812  draw_square_food        
0000a8b6  dv3                     
00000300  foods                   
00009334  free                    
00000322  game_mode               
00000336  head                    
00000324  i2c_fSCL                
00009418  lcd_WD                  
00009572  lcd_WD2                 
00009b0c  lcd_backlight           
00009b94  lcd_clear               
00009844  lcd_cursor              
00008978  lcd_init                
00008000  lcd_point               
000099c0  lcd_printf              
00008afe  lcd_putchar             
000092ac  lcd_rectangle           
00009874  lcd_set                 
000097de  lcd_set_x_y             
00009a28  lcd_square              
00008e4a  lcd_wordImage           
0000033a  level                   
00008c30  main                    
00009162  malloc                  
00009b58  memcpy                  
00009704  minit                   
00000328  move_cnt                
00009774  newFood                 
00009648  new_snake               
0000968c  outTone                 
000098a2  port1_init              
0000aa16  px_off                  
0000aa1c  px_on                   
0000973c  rand                    
00009b88  rasberry                
0000032a  score                   
0000032c  seconds                 
00000200  snake                   
00009bb6  snake1_image            
0000a238  snake_text_image        
00009b7a  strlen                  
00000330  sys_event               
0000033b  tail                    
00009a9e  timerB_init             
000099e4  watchdog_init           


GLOBAL SYMBOLS: SORTED BY Symbol Address 

address   name                    
-------   ----                    
00000000  IE1                     
00000001  IE2                     
00000002  IFG1                    
00000003  IFG2                    
00000010  P3REN                   
00000011  P4REN                   
00000018  P3IN                    
00000019  P3OUT                   
0000001a  P3DIR                   
0000001b  P3SEL                   
0000001c  P4IN                    
0000001d  P4OUT                   
0000001e  P4DIR                   
0000001f  P4SEL                   
00000020  P1IN                    
00000021  P1OUT                   
00000022  P1DIR                   
00000023  P1IFG                   
00000024  P1IES                   
00000025  P1IE                    
00000026  P1SEL                   
00000027  P1REN                   
00000028  P2IN                    
00000029  P2OUT                   
0000002a  P2DIR                   
0000002b  P2IFG                   
0000002c  P2IES                   
0000002d  P2IE                    
0000002e  P2SEL                   
0000002f  P2REN                   
00000048  ADC10DTC0               
00000049  ADC10DTC1               
0000004a  ADC10AE0                
0000004b  ADC10AE1                
00000050  __STACK_SIZE            
00000050  __SYSMEM_SIZE           
00000053  BCSCTL3                 
00000056  DCOCTL                  
00000057  BCSCTL1                 
00000058  BCSCTL2                 
0000005d  UCA0ABCTL               
0000005e  UCA0IRTCTL              
0000005f  UCA0IRRCTL              
00000060  UCA0CTL0                
00000061  UCA0CTL1                
00000062  UCA0BR0                 
00000063  UCA0BR1                 
00000064  UCA0MCTL                
00000065  UCA0STAT                
00000066  UCA0RXBUF               
00000067  UCA0TXBUF               
00000068  UCB0CTL0                
00000069  UCB0CTL1                
0000006a  UCB0BR0                 
0000006b  UCB0BR1                 
0000006c  UCB0I2CIE               
0000006d  UCB0STAT                
0000006e  UCB0RXBUF               
0000006f  UCB0TXBUF               
000000c0  OA0CTL0                 
000000c1  OA0CTL1                 
000000c2  OA1CTL0                 
000000c3  OA1CTL1                 
00000118  UCB0I2COA               
0000011a  UCB0I2CSA               
0000011e  TBIV                    
00000120  WDTCTL                  
00000128  FCTL1                   
0000012a  FCTL2                   
0000012c  FCTL3                   
0000012e  TAIV                    
00000160  TACTL                   
00000162  TACCTL0                 
00000164  TACCTL1                 
00000166  TACCTL2                 
00000170  TAR                     
00000172  TACCR0                  
00000174  TACCR1                  
00000176  TACCR2                  
00000180  TBCTL                   
00000182  TBCCTL0                 
00000184  TBCCTL1                 
00000186  TBCCTL2                 
00000190  TBR                     
00000192  TBCCR0                  
00000194  TBCCR1                  
00000196  TBCCR2                  
000001b0  ADC10CTL0               
000001b2  ADC10CTL1               
000001b4  ADC10MEM                
000001bc  ADC10SA                 
00000200  snake                   
00000300  foods                   
00000314  WDT_delay               
00000318  TB0_tone_on             
0000031a  WDT_cps_cnt             
0000031c  WDT_debounce_cnt        
0000031e  WDT_move_cnt            
00000320  backlight_cnt           
00000322  game_mode               
00000324  i2c_fSCL                
00000328  move_cnt                
0000032a  score                   
0000032c  seconds                 
00000330  sys_event               
00000335  direction               
00000336  head                    
0000033a  level                   
0000033b  tail                    
0000033c  _sys_memory             
00000390  _lock                   
00000392  _unlock                 
000005b0  _stack                  
00000600  __STACK_END             
000010f8  CALDCO_16MHZ            
000010f9  CALBC1_16MHZ            
000010fa  CALDCO_12MHZ            
000010fb  CALBC1_12MHZ            
000010fc  CALDCO_8MHZ             
000010fd  CALBC1_8MHZ             
000010fe  CALDCO_1MHZ             
000010ff  CALBC1_1MHZ             
00008000  lcd_point               
0000848a  add_head                
0000865a  ERROR2                  
000087f2  MOVE_SNAKE_event        
00008978  lcd_init                
00008afe  lcd_putchar             
00008c30  main                    
00008d44  START_LEVEL_event       
00008e4a  lcd_wordImage           
00008f1e  LCD_UPDATE_event        
00008fe0  WDT_ISR                 
000090a2  RBX430_init             
00009162  malloc                  
00009210  END_GAME_event          
000092ac  lcd_rectangle           
00009334  free                    
00009418  lcd_WD                  
00009476  NEW_GAME_event          
000094d0  _auto_init              
00009528  delete_tail             
00009572  lcd_WD2                 
00009602  SWITCH_1_event          
00009648  new_snake               
0000968c  outTone                 
00009704  minit                   
0000973c  rand                    
00009774  newFood                 
000097de  lcd_set_x_y             
00009812  draw_square_food        
00009844  lcd_cursor              
00009874  lcd_set                 
000098a2  port1_init              
000098d0  ISR_trap                
000098d0  __TI_ISR_TRAP           
000098fc  __mspabi_divi           
000098fc  __mspabi_remi           
00009928  SWITCH_4_event          
00009950  SWITCH_3_event          
00009976  __mspabi_mpyl           
00009976  __mspabi_mpyl_sw        
0000999c  SWITCH_2_event          
000099c0  lcd_printf              
000099e4  watchdog_init           
00009a28  lcd_square              
00009a84  _c_int00_noargs_noexit  
00009a9e  timerB_init             
00009ab8  Port_1_ISR              
00009ace  __mspabi_divu           
00009ace  __mspabi_remu           
00009ae4  beep                    
00009af8  __TI_zero_init          
00009b0c  lcd_backlight           
00009b20  __mspabi_mpyi           
00009b20  __mspabi_mpyi_sw        
00009b34  __TI_decompress_none    
00009b46  __mspabi_srll           
00009b58  memcpy                  
00009b6a  __mspabi_func_epilog_7  
00009b6c  __mspabi_func_epilog_6  
00009b6e  __mspabi_func_epilog_5  
00009b70  __mspabi_func_epilog_4  
00009b72  __mspabi_func_epilog_3  
00009b74  __mspabi_func_epilog_2  
00009b76  __mspabi_func_epilog_1  
00009b7a  strlen                  
00009b88  rasberry                
00009b94  lcd_clear               
00009b9e  ADC10_ISR               
00009ba6  __TI_decompress_rle24   
00009bac  _system_pre_init        
00009bb0  C$$EXIT                 
00009bb0  abort                   
00009bb4  _nop                    
00009bb6  snake1_image            
0000a238  snake_text_image        
0000a6d6  cs                      
0000a8b6  dv3                     
0000aa16  px_off                  
0000aa1c  px_on                   
0000aa30  __TI_Handler_Table_Base 
0000aa36  __TI_Handler_Table_Limit
0000aa3a  __TI_CINIT_Base         
0000aa42  __TI_CINIT_Limit        
0000ffe4  __TI_int02              
0000ffe6  __TI_int03              
0000ffea  __TI_int05              
0000ffec  __TI_int06              
0000ffee  __TI_int07              
0000fff0  __TI_int08              
0000fff2  __TI_int09              
0000fff4  __TI_int10              
0000fff8  __TI_int12              
0000fffa  __TI_int13              
0000fffc  __TI_int14              
0000fffe  _reset_vector           
ffffffff  __binit__               
ffffffff  __c_args__              
ffffffff  binit                   
UNDEFED   __TI_INITARRAY_Base     
UNDEFED   __TI_INITARRAY_Limit    

[222 symbols]
